Mar 14 10:58:03 ubuntu kernel: [    0.000000] Linux version 4.18.0-15-generic (buildd@lcy01-amd64-029) (gcc version 7.3.0 (Ubuntu 7.3.0-16ubuntu3)) #16~18.04.1-Ubuntu SMP Thu Feb 7 14:06:04 UTC 2019 (Ubuntu 4.18.0-15.16~18.04.1-generic 4.18.20)
Mar 14 10:58:03 ubuntu kernel: [    0.000000] Command line: BOOT_IMAGE=/boot/vmlinuz-4.18.0-15-generic root=UUID=9a8a699a-d507-4555-99d4-801060a8d98d ro quiet splash
Mar 14 10:58:03 ubuntu kernel: [    0.000000] KERNEL supported cpus:
Mar 14 10:58:03 ubuntu kernel: [    0.000000]   Intel GenuineIntel
Mar 14 10:58:03 ubuntu kernel: [    0.000000]   AMD AuthenticAMD
Mar 14 10:58:03 ubuntu kernel: [    0.000000]   Centaur CentaurHauls
Mar 14 10:58:03 ubuntu kernel: [    0.000000] x86/fpu: x87 FPU will use FXSAVE
Mar 14 10:58:03 ubuntu kernel: [    0.000000] BIOS-provided physical RAM map:
Mar 14 10:58:03 ubuntu kernel: [    0.000000] BIOS-e820: [mem 0x0000000000000000-0x000000000009fbff] usable
Mar 14 10:58:03 ubuntu kernel: [    0.000000] BIOS-e820: [mem 0x000000000009fc00-0x000000000009ffff] reserved
Mar 14 10:58:03 ubuntu kernel: [    0.000000] BIOS-e820: [mem 0x00000000000f0000-0x00000000000fffff] reserved
Mar 14 10:58:03 ubuntu kernel: [    0.000000] BIOS-e820: [mem 0x0000000000100000-0x000000007ffeffff] usable
Mar 14 10:58:03 ubuntu kernel: [    0.000000] BIOS-e820: [mem 0x000000007fff0000-0x000000007fffffff] ACPI data
Mar 14 10:58:03 ubuntu kernel: [    0.000000] BIOS-e820: [mem 0x00000000fec00000-0x00000000fec00fff] reserved
Mar 14 10:58:03 ubuntu kernel: [    0.000000] BIOS-e820: [mem 0x00000000fee00000-0x00000000fee00fff] reserved
Mar 14 10:58:03 ubuntu kernel: [    0.000000] BIOS-e820: [mem 0x00000000fffc0000-0x00000000ffffffff] reserved
Mar 14 10:58:03 ubuntu kernel: [    0.000000] NX (Execute Disable) protection: active
Mar 14 10:58:03 ubuntu kernel: [    0.000000] SMBIOS 2.5 present.
Mar 14 10:58:03 ubuntu kernel: [    0.000000] DMI: innotek GmbH VirtualBox/VirtualBox, BIOS VirtualBox 12/01/2006
Mar 14 10:58:03 ubuntu kernel: [    0.000000] Hypervisor detected: KVM
Mar 14 10:58:03 ubuntu kernel: [    0.000000] e820: update [mem 0x00000000-0x00000fff] usable ==> reserved
Mar 14 10:58:03 ubuntu kernel: [    0.000000] e820: remove [mem 0x000a0000-0x000fffff] usable
Mar 14 10:58:03 ubuntu kernel: [    0.000000] last_pfn = 0x7fff0 max_arch_pfn = 0x400000000
Mar 14 10:58:03 ubuntu kernel: [    0.000000] MTRR default type: uncachable
Mar 14 10:58:03 ubuntu kernel: [    0.000000] MTRR fixed ranges disabled:
Mar 14 10:58:03 ubuntu kernel: [    0.000000]   00000-FFFFF uncachable
Mar 14 10:58:03 ubuntu kernel: [    0.000000] MTRR variable ranges disabled:
Mar 14 10:58:03 ubuntu kernel: [    0.000000]   0 disabled
Mar 14 10:58:03 ubuntu kernel: [    0.000000]   1 disabled
Mar 14 10:58:03 ubuntu kernel: [    0.000000]   2 disabled
Mar 14 10:58:03 ubuntu kernel: [    0.000000]   3 disabled
Mar 14 10:58:03 ubuntu kernel: [    0.000000]   4 disabled
Mar 14 10:58:03 ubuntu kernel: [    0.000000]   5 disabled
Mar 14 10:58:03 ubuntu kernel: [    0.000000]   6 disabled
Mar 14 10:58:03 ubuntu kernel: [    0.000000]   7 disabled
Mar 14 10:58:03 ubuntu kernel: [    0.000000] Disabled
Mar 14 10:58:03 ubuntu kernel: [    0.000000] x86/PAT: MTRRs disabled, skipping PAT initialization too.
Mar 14 10:58:03 ubuntu kernel: [    0.000000] CPU MTRRs all blank - virtualized system.
Mar 14 10:58:03 ubuntu kernel: [    0.000000] x86/PAT: Configuration [0-7]: WB  WT  UC- UC  WB  WT  UC- UC  
Mar 14 10:58:03 ubuntu kernel: [    0.000000] found SMP MP-table at [mem 0x0009fff0-0x0009ffff] mapped at [(____ptrval____)]
Mar 14 10:58:03 ubuntu kernel: [    0.000000] Scanning 1 areas for low memory corruption
Mar 14 10:58:03 ubuntu kernel: [    0.000000] Base memory trampoline at [(____ptrval____)] 99000 size 24576
Mar 14 10:58:03 ubuntu kernel: [    0.000000] BRK [0x3a963000, 0x3a963fff] PGTABLE
Mar 14 10:58:03 ubuntu kernel: [    0.000000] BRK [0x3a964000, 0x3a964fff] PGTABLE
Mar 14 10:58:03 ubuntu kernel: [    0.000000] BRK [0x3a965000, 0x3a965fff] PGTABLE
Mar 14 10:58:03 ubuntu kernel: [    0.000000] BRK [0x3a966000, 0x3a966fff] PGTABLE
Mar 14 10:58:03 ubuntu kernel: [    0.000000] BRK [0x3a967000, 0x3a967fff] PGTABLE
Mar 14 10:58:03 ubuntu kernel: [    0.000000] BRK [0x3a968000, 0x3a968fff] PGTABLE
Mar 14 10:58:03 ubuntu kernel: [    0.000000] RAMDISK: [mem 0x31235000-0x34911fff]
Mar 14 10:58:03 ubuntu kernel: [    0.000000] ACPI: Early table checksum verification disabled
Mar 14 10:58:03 ubuntu kernel: [    0.000000] ACPI: RSDP 0x00000000000E0000 000024 (v02 VBOX  )
Mar 14 10:58:03 ubuntu kernel: [    0.000000] ACPI: XSDT 0x000000007FFF0030 00003C (v01 VBOX   VBOXXSDT 00000001 ASL  00000061)
Mar 14 10:58:03 ubuntu kernel: [    0.000000] ACPI: FACP 0x000000007FFF00F0 0000F4 (v04 VBOX   VBOXFACP 00000001 ASL  00000061)
Mar 14 10:58:03 ubuntu kernel: [    0.000000] ACPI: DSDT 0x000000007FFF0610 002353 (v02 VBOX   VBOXBIOS 00000002 INTL 20100528)
Mar 14 10:58:03 ubuntu kernel: [    0.000000] ACPI: FACS 0x000000007FFF0200 000040
Mar 14 10:58:03 ubuntu kernel: [    0.000000] ACPI: FACS 0x000000007FFF0200 000040
Mar 14 10:58:03 ubuntu kernel: [    0.000000] ACPI: APIC 0x000000007FFF0240 00005C (v02 VBOX   VBOXAPIC 00000001 ASL  00000061)
Mar 14 10:58:03 ubuntu kernel: [    0.000000] ACPI: SSDT 0x000000007FFF02A0 00036C (v01 VBOX   VBOXCPUT 00000002 INTL 20100528)
Mar 14 10:58:03 ubuntu kernel: [    0.000000] ACPI: Local APIC address 0xfee00000
Mar 14 10:58:03 ubuntu kernel: [    0.000000] No NUMA configuration found
Mar 14 10:58:03 ubuntu kernel: [    0.000000] Faking a node at [mem 0x0000000000000000-0x000000007ffeffff]
Mar 14 10:58:03 ubuntu kernel: [    0.000000] NODE_DATA(0) allocated [mem 0x7ffc5000-0x7ffeffff]
Mar 14 10:58:03 ubuntu kernel: [    0.000000] kvm-clock: cpu 0, msr 0:7ff44001, primary cpu clock
Mar 14 10:58:03 ubuntu kernel: [    0.000000] kvm-clock: Using msrs 4b564d01 and 4b564d00
Mar 14 10:58:03 ubuntu kernel: [    0.000000] kvm-clock: using sched offset of 480415080041 cycles
Mar 14 10:58:03 ubuntu kernel: [    0.000000] clocksource: kvm-clock: mask: 0xffffffffffffffff max_cycles: 0x1cd42e4dffb, max_idle_ns: 881590591483 ns
Mar 14 10:58:03 ubuntu kernel: [    0.000000] Zone ranges:
Mar 14 10:58:03 ubuntu kernel: [    0.000000]   DMA      [mem 0x0000000000001000-0x0000000000ffffff]
Mar 14 10:58:03 ubuntu kernel: [    0.000000]   DMA32    [mem 0x0000000001000000-0x000000007ffeffff]
Mar 14 10:58:03 ubuntu kernel: [    0.000000]   Normal   empty
Mar 14 10:58:03 ubuntu kernel: [    0.000000]   Device   empty
Mar 14 10:58:03 ubuntu kernel: [    0.000000] Movable zone start for each node
Mar 14 10:58:03 ubuntu kernel: [    0.000000] Early memory node ranges
Mar 14 10:58:03 ubuntu kernel: [    0.000000]   node   0: [mem 0x0000000000001000-0x000000000009efff]
Mar 14 10:58:03 ubuntu kernel: [    0.000000]   node   0: [mem 0x0000000000100000-0x000000007ffeffff]
Mar 14 10:58:03 ubuntu kernel: [    0.000000] Reserved but unavailable: 114 pages
Mar 14 10:58:03 ubuntu kernel: [    0.000000] Initmem setup node 0 [mem 0x0000000000001000-0x000000007ffeffff]
Mar 14 10:58:03 ubuntu kernel: [    0.000000] On node 0 totalpages: 524174
Mar 14 10:58:03 ubuntu kernel: [    0.000000]   DMA zone: 64 pages used for memmap
Mar 14 10:58:03 ubuntu kernel: [    0.000000]   DMA zone: 21 pages reserved
Mar 14 10:58:03 ubuntu kernel: [    0.000000]   DMA zone: 3998 pages, LIFO batch:0
Mar 14 10:58:03 ubuntu kernel: [    0.000000]   DMA32 zone: 8128 pages used for memmap
Mar 14 10:58:03 ubuntu kernel: [    0.000000]   DMA32 zone: 520176 pages, LIFO batch:31
Mar 14 10:58:03 ubuntu kernel: [    0.000000] ACPI: PM-Timer IO Port: 0x4008
Mar 14 10:58:03 ubuntu kernel: [    0.000000] ACPI: Local APIC address 0xfee00000
Mar 14 10:58:03 ubuntu kernel: [    0.000000] IOAPIC[0]: apic_id 2, version 32, address 0xfec00000, GSI 0-23
Mar 14 10:58:03 ubuntu kernel: [    0.000000] ACPI: INT_SRC_OVR (bus 0 bus_irq 0 global_irq 2 dfl dfl)
Mar 14 10:58:03 ubuntu kernel: [    0.000000] ACPI: INT_SRC_OVR (bus 0 bus_irq 9 global_irq 9 low level)
Mar 14 10:58:03 ubuntu kernel: [    0.000000] ACPI: IRQ0 used by override.
Mar 14 10:58:03 ubuntu kernel: [    0.000000] ACPI: IRQ9 used by override.
Mar 14 10:58:03 ubuntu kernel: [    0.000000] Using ACPI (MADT) for SMP configuration information
Mar 14 10:58:03 ubuntu kernel: [    0.000000] smpboot: Allowing 2 CPUs, 0 hotplug CPUs
Mar 14 10:58:03 ubuntu kernel: [    0.000000] PM: Registered nosave memory: [mem 0x00000000-0x00000fff]
Mar 14 10:58:03 ubuntu kernel: [    0.000000] PM: Registered nosave memory: [mem 0x0009f000-0x0009ffff]
Mar 14 10:58:03 ubuntu kernel: [    0.000000] PM: Registered nosave memory: [mem 0x000a0000-0x000effff]
Mar 14 10:58:03 ubuntu kernel: [    0.000000] PM: Registered nosave memory: [mem 0x000f0000-0x000fffff]
Mar 14 10:58:03 ubuntu kernel: [    0.000000] [mem 0x80000000-0xfebfffff] available for PCI devices
Mar 14 10:58:03 ubuntu kernel: [    0.000000] Booting paravirtualized kernel on KVM
Mar 14 10:58:03 ubuntu kernel: [    0.000000] clocksource: refined-jiffies: mask: 0xffffffff max_cycles: 0xffffffff, max_idle_ns: 7645519600211568 ns
Mar 14 10:58:03 ubuntu kernel: [    0.000000] random: get_random_bytes called from start_kernel+0x99/0x55a with crng_init=0
Mar 14 10:58:03 ubuntu kernel: [    0.000000] setup_percpu: NR_CPUS:8192 nr_cpumask_bits:2 nr_cpu_ids:2 nr_node_ids:1
Mar 14 10:58:03 ubuntu kernel: [    0.000000] percpu: Embedded 46 pages/cpu @(____ptrval____) s151552 r8192 d28672 u1048576
Mar 14 10:58:03 ubuntu kernel: [    0.000000] pcpu-alloc: s151552 r8192 d28672 u1048576 alloc=1*2097152
Mar 14 10:58:03 ubuntu kernel: [    0.000000] pcpu-alloc: [0] 0 1 
Mar 14 10:58:03 ubuntu kernel: [    0.000000] PV qspinlock hash table entries: 256 (order: 0, 4096 bytes)
Mar 14 10:58:03 ubuntu kernel: [    0.000000] Built 1 zonelists, mobility grouping on.  Total pages: 515961
Mar 14 10:58:03 ubuntu kernel: [    0.000000] Policy zone: DMA32
Mar 14 10:58:03 ubuntu kernel: [    0.000000] Kernel command line: BOOT_IMAGE=/boot/vmlinuz-4.18.0-15-generic root=UUID=9a8a699a-d507-4555-99d4-801060a8d98d ro quiet splash
Mar 14 10:58:03 ubuntu kernel: [    0.000000] Calgary: detecting Calgary via BIOS EBDA area
Mar 14 10:58:03 ubuntu kernel: [    0.000000] Calgary: Unable to locate Rio Grande table in EBDA - bailing!
Mar 14 10:58:03 ubuntu kernel: [    0.000000] Memory: 1978456K/2096696K available (12300K kernel code, 2633K rwdata, 4360K rodata, 2464K init, 2340K bss, 118240K reserved, 0K cma-reserved)
Mar 14 10:58:03 ubuntu kernel: [    0.000000] SLUB: HWalign=64, Order=0-3, MinObjects=0, CPUs=2, Nodes=1
Mar 14 10:58:03 ubuntu kernel: [    0.000000] ftrace: allocating 40831 entries in 160 pages
Mar 14 10:58:03 ubuntu kernel: [    0.004000] Hierarchical RCU implementation.
Mar 14 10:58:03 ubuntu kernel: [    0.004000] 	RCU restricting CPUs from NR_CPUS=8192 to nr_cpu_ids=2.
Mar 14 10:58:03 ubuntu kernel: [    0.004000] 	Tasks RCU enabled.
Mar 14 10:58:03 ubuntu kernel: [    0.004000] RCU: Adjusting geometry for rcu_fanout_leaf=16, nr_cpu_ids=2
Mar 14 10:58:03 ubuntu kernel: [    0.004000] NR_IRQS: 524544, nr_irqs: 440, preallocated irqs: 16
Mar 14 10:58:03 ubuntu kernel: [    0.004000] Console: colour VGA+ 80x25
Mar 14 10:58:03 ubuntu kernel: [    0.004000] console [tty0] enabled
Mar 14 10:58:03 ubuntu kernel: [    0.004000] ACPI: Core revision 20180531
Mar 14 10:58:03 ubuntu kernel: [    0.004000] APIC: Switch to symmetric I/O mode setup
Mar 14 10:58:03 ubuntu kernel: [    0.008000] ..TIMER: vector=0x30 apic1=0 pin1=2 apic2=-1 pin2=-1
Mar 14 10:58:03 ubuntu kernel: [    0.012002] tsc: Detected 2495.998 MHz processor
Mar 14 10:58:03 ubuntu kernel: [    0.012008] clocksource: tsc-early: mask: 0xffffffffffffffff max_cycles: 0x23fa754787d, max_idle_ns: 440795210092 ns
Mar 14 10:58:03 ubuntu kernel: [    0.012009] Calibrating delay loop (skipped) preset value.. 4991.99 BogoMIPS (lpj=9983992)
Mar 14 10:58:03 ubuntu kernel: [    0.012011] pid_max: default: 32768 minimum: 301
Mar 14 10:58:03 ubuntu kernel: [    0.012036] Security Framework initialized
Mar 14 10:58:03 ubuntu kernel: [    0.012037] Yama: becoming mindful.
Mar 14 10:58:03 ubuntu kernel: [    0.012050] AppArmor: AppArmor initialized
Mar 14 10:58:03 ubuntu kernel: [    0.012231] Dentry cache hash table entries: 262144 (order: 9, 2097152 bytes)
Mar 14 10:58:03 ubuntu kernel: [    0.012313] Inode-cache hash table entries: 131072 (order: 8, 1048576 bytes)
Mar 14 10:58:03 ubuntu kernel: [    0.012321] Mount-cache hash table entries: 4096 (order: 3, 32768 bytes)
Mar 14 10:58:03 ubuntu kernel: [    0.012324] Mountpoint-cache hash table entries: 4096 (order: 3, 32768 bytes)
Mar 14 10:58:03 ubuntu kernel: [    0.012900] mce: CPU supports 0 MCE banks
Mar 14 10:58:03 ubuntu kernel: [    0.012949] Last level iTLB entries: 4KB 0, 2MB 0, 4MB 0
Mar 14 10:58:03 ubuntu kernel: [    0.012950] Last level dTLB entries: 4KB 0, 2MB 0, 4MB 0, 1GB 0
Mar 14 10:58:03 ubuntu kernel: [    0.012951] Spectre V2 : Mitigation: Enhanced IBRS
Mar 14 10:58:03 ubuntu kernel: [    0.012951] Spectre V2 : Spectre v2 / SpectreRSB mitigation: Filling RSB on context switch
Mar 14 10:58:03 ubuntu kernel: [    0.012952] Speculative Store Bypass: Vulnerable
Mar 14 10:58:03 ubuntu kernel: [    0.013006] Freeing SMP alternatives memory: 36K
Mar 14 10:58:03 ubuntu kernel: [    0.016000] smpboot: CPU0: 12th Gen Intel(R) Core(TM) i5-12400 (family: 0x6, model: 0x97, stepping: 0x2)
Mar 14 10:58:03 ubuntu kernel: [    0.016000] Performance Events: unsupported p6 CPU model 151 no PMU driver, software events only.
Mar 14 10:58:03 ubuntu kernel: [    0.016000] Hierarchical SRCU implementation.
Mar 14 10:58:03 ubuntu kernel: [    0.016000] NMI watchdog: Perf event create on CPU 0 failed with -2
Mar 14 10:58:03 ubuntu kernel: [    0.016000] NMI watchdog: Perf NMI watchdog permanently disabled
Mar 14 10:58:03 ubuntu kernel: [    0.016000] smp: Bringing up secondary CPUs ...
Mar 14 10:58:03 ubuntu kernel: [    0.016000] x86: Booting SMP configuration:
Mar 14 10:58:03 ubuntu kernel: [    0.016000] .... node  #0, CPUs:      #1
Mar 14 10:58:03 ubuntu kernel: [    0.004000] kvm-clock: cpu 1, msr 0:7ff44041, secondary cpu clock
Mar 14 10:58:03 ubuntu kernel: [    0.004000] mce: CPU supports 0 MCE banks
Mar 14 10:58:03 ubuntu kernel: [    0.016000] TSC synchronization [CPU#0 -> CPU#1]:
Mar 14 10:58:03 ubuntu kernel: [    0.016000] Measured 101305 cycles TSC warp between CPUs, turning off TSC clock.
Mar 14 10:58:03 ubuntu kernel: [    0.016000] tsc: Marking TSC unstable due to check_tsc_sync_source failed
Mar 14 10:58:03 ubuntu kernel: [    0.016054] smp: Brought up 1 node, 2 CPUs
Mar 14 10:58:03 ubuntu kernel: [    0.016054] smpboot: Max logical packages: 1
Mar 14 10:58:03 ubuntu kernel: [    0.016054] smpboot: Total of 2 processors activated (9983.99 BogoMIPS)
Mar 14 10:58:03 ubuntu kernel: [    0.016141] devtmpfs: initialized
Mar 14 10:58:03 ubuntu kernel: [    0.016141] x86/mm: Memory block size: 128MB
Mar 14 10:58:03 ubuntu kernel: [    0.016194] clocksource: jiffies: mask: 0xffffffff max_cycles: 0xffffffff, max_idle_ns: 7645041785100000 ns
Mar 14 10:58:03 ubuntu kernel: [    0.016194] futex hash table entries: 512 (order: 3, 32768 bytes)
Mar 14 10:58:03 ubuntu kernel: [    0.016194] pinctrl core: initialized pinctrl subsystem
Mar 14 10:58:03 ubuntu kernel: [    0.016294] RTC time:  2:58:00, date: 03/14/23
Mar 14 10:58:03 ubuntu kernel: [    0.016799] NET: Registered protocol family 16
Mar 14 10:58:03 ubuntu kernel: [    0.016833] audit: initializing netlink subsys (disabled)
Mar 14 10:58:03 ubuntu kernel: [    0.016895] audit: type=2000 audit(1678762882.232:1): state=initialized audit_enabled=0 res=1
Mar 14 10:58:03 ubuntu kernel: [    0.016895] cpuidle: using governor ladder
Mar 14 10:58:03 ubuntu kernel: [    0.016895] cpuidle: using governor menu
Mar 14 10:58:03 ubuntu kernel: [    0.016895] ACPI: bus type PCI registered
Mar 14 10:58:03 ubuntu kernel: [    0.016895] acpiphp: ACPI Hot Plug PCI Controller Driver version: 0.5
Mar 14 10:58:03 ubuntu kernel: [    0.016895] PCI: Using configuration type 1 for base access
Mar 14 10:58:03 ubuntu kernel: [    0.020574] HugeTLB registered 2.00 MiB page size, pre-allocated 0 pages
Mar 14 10:58:03 ubuntu kernel: [    0.020574] ACPI: Added _OSI(Module Device)
Mar 14 10:58:03 ubuntu kernel: [    0.020574] ACPI: Added _OSI(Processor Device)
Mar 14 10:58:03 ubuntu kernel: [    0.020574] ACPI: Added _OSI(3.0 _SCP Extensions)
Mar 14 10:58:03 ubuntu kernel: [    0.020574] ACPI: Added _OSI(Processor Aggregator Device)
Mar 14 10:58:03 ubuntu kernel: [    0.020574] ACPI: Added _OSI(Linux-Dell-Video)
Mar 14 10:58:03 ubuntu kernel: [    0.020574] ACPI: Added _OSI(Linux-Lenovo-NV-HDMI-Audio)
Mar 14 10:58:03 ubuntu kernel: [    0.024182] ACPI: 2 ACPI AML tables successfully acquired and loaded
Mar 14 10:58:03 ubuntu kernel: [    0.025707] ACPI: Interpreter enabled
Mar 14 10:58:03 ubuntu kernel: [    0.025713] ACPI: (supports S0 S5)
Mar 14 10:58:03 ubuntu kernel: [    0.025714] ACPI: Using IOAPIC for interrupt routing
Mar 14 10:58:03 ubuntu kernel: [    0.025918] PCI: Using host bridge windows from ACPI; if necessary, use "pci=nocrs" and report a bug
Mar 14 10:58:03 ubuntu kernel: [    0.025994] ACPI: Enabled 2 GPEs in block 00 to 07
Mar 14 10:58:03 ubuntu kernel: [    0.029838] ACPI: PCI Root Bridge [PCI0] (domain 0000 [bus 00-ff])
Mar 14 10:58:03 ubuntu kernel: [    0.029841] acpi PNP0A03:00: _OSC: OS supports [ASPM ClockPM Segments MSI]
Mar 14 10:58:03 ubuntu kernel: [    0.030353] acpi PNP0A03:00: _OSC: not requesting OS control; OS requires [ExtendedConfig ASPM ClockPM MSI]
Mar 14 10:58:03 ubuntu kernel: [    0.030358] acpi PNP0A03:00: fail to add MMCONFIG information, can't access extended PCI configuration space under this bridge.
Mar 14 10:58:03 ubuntu kernel: [    0.030676] PCI host bridge to bus 0000:00
Mar 14 10:58:03 ubuntu kernel: [    0.030677] pci_bus 0000:00: root bus resource [io  0x0000-0x0cf7 window]
Mar 14 10:58:03 ubuntu kernel: [    0.030678] pci_bus 0000:00: root bus resource [io  0x0d00-0xffff window]
Mar 14 10:58:03 ubuntu kernel: [    0.030678] pci_bus 0000:00: root bus resource [mem 0x000a0000-0x000bffff window]
Mar 14 10:58:03 ubuntu kernel: [    0.030679] pci_bus 0000:00: root bus resource [mem 0x80000000-0xfdffffff window]
Mar 14 10:58:03 ubuntu kernel: [    0.030680] pci_bus 0000:00: root bus resource [bus 00-ff]
Mar 14 10:58:03 ubuntu kernel: [    0.030743] pci 0000:00:00.0: [8086:1237] type 00 class 0x060000
Mar 14 10:58:03 ubuntu kernel: [    0.032746] pci 0000:00:01.0: [8086:7000] type 00 class 0x060100
Mar 14 10:58:03 ubuntu kernel: [    0.033900] pci 0000:00:01.1: [8086:7111] type 00 class 0x01018a
Mar 14 10:58:03 ubuntu kernel: [    0.034507] pci 0000:00:01.1: reg 0x20: [io  0xd000-0xd00f]
Mar 14 10:58:03 ubuntu kernel: [    0.034820] pci 0000:00:01.1: legacy IDE quirk: reg 0x10: [io  0x01f0-0x01f7]
Mar 14 10:58:03 ubuntu kernel: [    0.034820] pci 0000:00:01.1: legacy IDE quirk: reg 0x14: [io  0x03f6]
Mar 14 10:58:03 ubuntu kernel: [    0.034821] pci 0000:00:01.1: legacy IDE quirk: reg 0x18: [io  0x0170-0x0177]
Mar 14 10:58:03 ubuntu kernel: [    0.034822] pci 0000:00:01.1: legacy IDE quirk: reg 0x1c: [io  0x0376]
Mar 14 10:58:03 ubuntu kernel: [    0.036842] pci 0000:00:02.0: [15ad:0405] type 00 class 0x030000
Mar 14 10:58:03 ubuntu kernel: [    0.037548] pci 0000:00:02.0: reg 0x10: [io  0xd010-0xd01f]
Mar 14 10:58:03 ubuntu kernel: [    0.038091] pci 0000:00:02.0: reg 0x14: [mem 0xe0000000-0xe0ffffff pref]
Mar 14 10:58:03 ubuntu kernel: [    0.038622] pci 0000:00:02.0: reg 0x18: [mem 0xf0000000-0xf01fffff]
Mar 14 10:58:03 ubuntu kernel: [    0.042739] pci 0000:00:03.0: [8086:100e] type 00 class 0x020000
Mar 14 10:58:03 ubuntu kernel: [    0.043177] pci 0000:00:03.0: reg 0x10: [mem 0xf0200000-0xf021ffff]
Mar 14 10:58:03 ubuntu kernel: [    0.043647] pci 0000:00:03.0: reg 0x18: [io  0xd020-0xd027]
Mar 14 10:58:03 ubuntu kernel: [    0.046097] pci 0000:00:04.0: [80ee:cafe] type 00 class 0x088000
Mar 14 10:58:03 ubuntu kernel: [    0.046574] pci 0000:00:04.0: reg 0x10: [io  0xd040-0xd05f]
Mar 14 10:58:03 ubuntu kernel: [    0.046833] pci 0000:00:04.0: reg 0x14: [mem 0xf0400000-0xf07fffff]
Mar 14 10:58:03 ubuntu kernel: [    0.047191] pci 0000:00:04.0: reg 0x18: [mem 0xf0800000-0xf0803fff pref]
Mar 14 10:58:03 ubuntu kernel: [    0.050318] pci 0000:00:05.0: [8086:2415] type 00 class 0x040100
Mar 14 10:58:03 ubuntu kernel: [    0.050530] pci 0000:00:05.0: reg 0x10: [io  0xd100-0xd1ff]
Mar 14 10:58:03 ubuntu kernel: [    0.050635] pci 0000:00:05.0: reg 0x14: [io  0xd200-0xd23f]
Mar 14 10:58:03 ubuntu kernel: [    0.052070] pci 0000:00:06.0: [106b:003f] type 00 class 0x0c0310
Mar 14 10:58:03 ubuntu kernel: [    0.052347] pci 0000:00:06.0: reg 0x10: [mem 0xf0804000-0xf0804fff]
Mar 14 10:58:03 ubuntu kernel: [    0.055594] pci 0000:00:07.0: [8086:7113] type 00 class 0x068000
Mar 14 10:58:03 ubuntu kernel: [    0.056604] pci 0000:00:07.0: quirk: [io  0x4000-0x403f] claimed by PIIX4 ACPI
Mar 14 10:58:03 ubuntu kernel: [    0.056620] pci 0000:00:07.0: quirk: [io  0x4100-0x410f] claimed by PIIX4 SMB
Mar 14 10:58:03 ubuntu kernel: [    0.064945] pci 0000:00:0b.0: [8086:265c] type 00 class 0x0c0320
Mar 14 10:58:03 ubuntu kernel: [    0.065228] pci 0000:00:0b.0: reg 0x10: [mem 0xf0805000-0xf0805fff]
Mar 14 10:58:03 ubuntu kernel: [    0.069697] pci 0000:00:0d.0: [8086:2829] type 00 class 0x010601
Mar 14 10:58:03 ubuntu kernel: [    0.069996] pci 0000:00:0d.0: reg 0x10: [io  0xd240-0xd247]
Mar 14 10:58:03 ubuntu kernel: [    0.070127] pci 0000:00:0d.0: reg 0x14: [io  0xd248-0xd24b]
Mar 14 10:58:03 ubuntu kernel: [    0.070257] pci 0000:00:0d.0: reg 0x18: [io  0xd250-0xd257]
Mar 14 10:58:03 ubuntu kernel: [    0.070386] pci 0000:00:0d.0: reg 0x1c: [io  0xd258-0xd25b]
Mar 14 10:58:03 ubuntu kernel: [    0.070514] pci 0000:00:0d.0: reg 0x20: [io  0xd260-0xd26f]
Mar 14 10:58:03 ubuntu kernel: [    0.070643] pci 0000:00:0d.0: reg 0x24: [mem 0xf0806000-0xf0807fff]
Mar 14 10:58:03 ubuntu kernel: [    0.110970] ACPI: PCI Interrupt Link [LNKA] (IRQs 5 9 10 *11)
Mar 14 10:58:03 ubuntu kernel: [    0.111238] ACPI: PCI Interrupt Link [LNKB] (IRQs 5 9 *10 11)
Mar 14 10:58:03 ubuntu kernel: [    0.111335] ACPI: PCI Interrupt Link [LNKC] (IRQs 5 *9 10 11)
Mar 14 10:58:03 ubuntu kernel: [    0.111445] ACPI: PCI Interrupt Link [LNKD] (IRQs 5 9 10 *11)
Mar 14 10:58:03 ubuntu kernel: [    0.111719] SCSI subsystem initialized
Mar 14 10:58:03 ubuntu kernel: [    0.112217] libata version 3.00 loaded.
Mar 14 10:58:03 ubuntu kernel: [    0.112217] pci 0000:00:02.0: vgaarb: setting as boot VGA device
Mar 14 10:58:03 ubuntu kernel: [    0.112217] pci 0000:00:02.0: vgaarb: VGA device added: decodes=io+mem,owns=io+mem,locks=none
Mar 14 10:58:03 ubuntu kernel: [    0.112217] pci 0000:00:02.0: vgaarb: bridge control possible
Mar 14 10:58:03 ubuntu kernel: [    0.112217] vgaarb: loaded
Mar 14 10:58:03 ubuntu kernel: [    0.112217] ACPI: bus type USB registered
Mar 14 10:58:03 ubuntu kernel: [    0.112217] usbcore: registered new interface driver usbfs
Mar 14 10:58:03 ubuntu kernel: [    0.112217] usbcore: registered new interface driver hub
Mar 14 10:58:03 ubuntu kernel: [    0.112217] usbcore: registered new device driver usb
Mar 14 10:58:03 ubuntu kernel: [    0.112217] pps_core: LinuxPPS API ver. 1 registered
Mar 14 10:58:03 ubuntu kernel: [    0.112217] pps_core: Software ver. 5.3.6 - Copyright 2005-2007 Rodolfo Giometti <giometti@linux.it>
Mar 14 10:58:03 ubuntu kernel: [    0.112217] PTP clock support registered
Mar 14 10:58:03 ubuntu kernel: [    0.112217] EDAC MC: Ver: 3.0.0
Mar 14 10:58:03 ubuntu kernel: [    0.112492] PCI: Using ACPI for IRQ routing
Mar 14 10:58:03 ubuntu kernel: [    0.112492] PCI: pci_cache_line_size set to 64 bytes
Mar 14 10:58:03 ubuntu kernel: [    0.112492] e820: reserve RAM buffer [mem 0x0009fc00-0x0009ffff]
Mar 14 10:58:03 ubuntu kernel: [    0.112492] e820: reserve RAM buffer [mem 0x7fff0000-0x7fffffff]
Mar 14 10:58:03 ubuntu kernel: [    0.112492] NetLabel: Initializing
Mar 14 10:58:03 ubuntu kernel: [    0.112492] NetLabel:  domain hash size = 128
Mar 14 10:58:03 ubuntu kernel: [    0.112492] NetLabel:  protocols = UNLABELED CIPSOv4 CALIPSO
Mar 14 10:58:03 ubuntu kernel: [    0.112499] NetLabel:  unlabeled traffic allowed by default
Mar 14 10:58:03 ubuntu kernel: [    0.116006] clocksource: Switched to clocksource kvm-clock
Mar 14 10:58:03 ubuntu kernel: [    0.124773] VFS: Disk quotas dquot_6.6.0
Mar 14 10:58:03 ubuntu kernel: [    0.124783] VFS: Dquot-cache hash table entries: 512 (order 0, 4096 bytes)
Mar 14 10:58:03 ubuntu kernel: [    0.124851] AppArmor: AppArmor Filesystem Enabled
Mar 14 10:58:03 ubuntu kernel: [    0.124865] pnp: PnP ACPI init
Mar 14 10:58:03 ubuntu kernel: [    0.124908] pnp 00:00: Plug and Play ACPI device, IDs PNP0303 (active)
Mar 14 10:58:03 ubuntu kernel: [    0.124961] pnp 00:01: Plug and Play ACPI device, IDs PNP0f03 (active)
Mar 14 10:58:03 ubuntu kernel: [    0.125601] pnp: PnP ACPI: found 2 devices
Mar 14 10:58:03 ubuntu kernel: [    0.148197] clocksource: acpi_pm: mask: 0xffffff max_cycles: 0xffffff, max_idle_ns: 2085701024 ns
Mar 14 10:58:03 ubuntu kernel: [    0.148205] pci_bus 0000:00: resource 4 [io  0x0000-0x0cf7 window]
Mar 14 10:58:03 ubuntu kernel: [    0.148206] pci_bus 0000:00: resource 5 [io  0x0d00-0xffff window]
Mar 14 10:58:03 ubuntu kernel: [    0.148206] pci_bus 0000:00: resource 6 [mem 0x000a0000-0x000bffff window]
Mar 14 10:58:03 ubuntu kernel: [    0.148207] pci_bus 0000:00: resource 7 [mem 0x80000000-0xfdffffff window]
Mar 14 10:58:03 ubuntu kernel: [    0.148246] NET: Registered protocol family 2
Mar 14 10:58:03 ubuntu kernel: [    0.148395] tcp_listen_portaddr_hash hash table entries: 1024 (order: 2, 16384 bytes)
Mar 14 10:58:03 ubuntu kernel: [    0.148399] TCP established hash table entries: 16384 (order: 5, 131072 bytes)
Mar 14 10:58:03 ubuntu kernel: [    0.148411] TCP bind hash table entries: 16384 (order: 6, 262144 bytes)
Mar 14 10:58:03 ubuntu kernel: [    0.148426] TCP: Hash tables configured (established 16384 bind 16384)
Mar 14 10:58:03 ubuntu kernel: [    0.148489] UDP hash table entries: 1024 (order: 3, 32768 bytes)
Mar 14 10:58:03 ubuntu kernel: [    0.148489] UDP-Lite hash table entries: 1024 (order: 3, 32768 bytes)
Mar 14 10:58:03 ubuntu kernel: [    0.148489] NET: Registered protocol family 1
Mar 14 10:58:03 ubuntu kernel: [    0.148489] NET: Registered protocol family 44
Mar 14 10:58:03 ubuntu kernel: [    0.148489] pci 0000:00:00.0: Limiting direct PCI/PCI transfers
Mar 14 10:58:03 ubuntu kernel: [    0.148581] pci 0000:00:01.0: Activating ISA DMA hang workarounds
Mar 14 10:58:03 ubuntu kernel: [    0.148659] pci 0000:00:02.0: Video device with shadowed ROM at [mem 0x000c0000-0x000dffff]
Mar 14 10:58:03 ubuntu kernel: [    0.150848] PCI: CLS 0 bytes, default 64
Mar 14 10:58:03 ubuntu kernel: [    0.150868] Unpacking initramfs...
Mar 14 10:58:03 ubuntu kernel: [    0.672560] Freeing initrd memory: 56180K
Mar 14 10:58:03 ubuntu kernel: [    0.672560] platform rtc_cmos: registered platform RTC device (no PNP device found)
Mar 14 10:58:03 ubuntu kernel: [    0.672560] Scanning for low memory corruption every 60 seconds
Mar 14 10:58:03 ubuntu kernel: [    0.674831] Initialise system trusted keyrings
Mar 14 10:58:03 ubuntu kernel: [    0.674837] Key type blacklist registered
Mar 14 10:58:03 ubuntu kernel: [    0.675281] workingset: timestamp_bits=36 max_order=19 bucket_order=0
Mar 14 10:58:03 ubuntu kernel: [    0.675779] zbud: loaded
Mar 14 10:58:03 ubuntu kernel: [    0.676722] squashfs: version 4.0 (2009/01/31) Phillip Lougher
Mar 14 10:58:03 ubuntu kernel: [    0.677294] fuse init (API version 7.27)
Mar 14 10:58:03 ubuntu kernel: [    0.677567] pstore: using deflate compression
Mar 14 10:58:03 ubuntu kernel: [    0.685714] Key type asymmetric registered
Mar 14 10:58:03 ubuntu kernel: [    0.685714] Asymmetric key parser 'x509' registered
Mar 14 10:58:03 ubuntu kernel: [    0.685735] Block layer SCSI generic (bsg) driver version 0.4 loaded (major 244)
Mar 14 10:58:03 ubuntu kernel: [    0.685903] io scheduler noop registered
Mar 14 10:58:03 ubuntu kernel: [    0.685904] io scheduler deadline registered
Mar 14 10:58:03 ubuntu kernel: [    0.685917] io scheduler cfq registered (default)
Mar 14 10:58:03 ubuntu kernel: [    0.686120] shpchp: Standard Hot Plug PCI Controller Driver version: 0.4
Mar 14 10:58:03 ubuntu kernel: [    0.686142] intel_idle: does not run on family 6 model 151
Mar 14 10:58:03 ubuntu kernel: [    0.686212] ACPI: AC Adapter [AC] (on-line)
Mar 14 10:58:03 ubuntu kernel: [    0.686235] input: Power Button as /devices/LNXSYSTM:00/LNXPWRBN:00/input/input0
Mar 14 10:58:03 ubuntu kernel: [    0.686241] ACPI: Power Button [PWRF]
Mar 14 10:58:03 ubuntu kernel: [    0.686286] input: Sleep Button as /devices/LNXSYSTM:00/LNXSLPBN:00/input/input1
Mar 14 10:58:03 ubuntu kernel: [    0.686288] ACPI: Sleep Button [SLPF]
Mar 14 10:58:03 ubuntu kernel: [    0.686823] Serial: 8250/16550 driver, 32 ports, IRQ sharing enabled
Mar 14 10:58:03 ubuntu kernel: [    0.693593] Linux agpgart interface v0.103
Mar 14 10:58:03 ubuntu kernel: [    0.696400] loop: module loaded
Mar 14 10:58:03 ubuntu kernel: [    0.696452] ata_piix 0000:00:01.1: version 2.13
Mar 14 10:58:03 ubuntu kernel: [    0.697395] scsi host0: ata_piix
Mar 14 10:58:03 ubuntu kernel: [    0.697693] scsi host1: ata_piix
Mar 14 10:58:03 ubuntu kernel: [    0.697705] ata1: PATA max UDMA/33 cmd 0x1f0 ctl 0x3f6 bmdma 0xd000 irq 14
Mar 14 10:58:03 ubuntu kernel: [    0.697706] ata2: PATA max UDMA/33 cmd 0x170 ctl 0x376 bmdma 0xd008 irq 15
Mar 14 10:58:03 ubuntu kernel: [    0.697797] libphy: Fixed MDIO Bus: probed
Mar 14 10:58:03 ubuntu kernel: [    0.697797] tun: Universal TUN/TAP device driver, 1.6
Mar 14 10:58:03 ubuntu kernel: [    0.698456] PPP generic driver version 2.4.2
Mar 14 10:58:03 ubuntu kernel: [    0.698608] ehci_hcd: USB 2.0 'Enhanced' Host Controller (EHCI) Driver
Mar 14 10:58:03 ubuntu kernel: [    0.698610] ehci-pci: EHCI PCI platform driver
Mar 14 10:58:03 ubuntu kernel: [    0.699149] ehci-pci 0000:00:0b.0: EHCI Host Controller
Mar 14 10:58:03 ubuntu kernel: [    0.699152] ehci-pci 0000:00:0b.0: new USB bus registered, assigned bus number 1
Mar 14 10:58:03 ubuntu kernel: [    0.699633] ehci-pci 0000:00:0b.0: irq 19, io mem 0xf0805000
Mar 14 10:58:03 ubuntu kernel: [    0.712894] ehci-pci 0000:00:0b.0: USB 2.0 started, EHCI 1.00
Mar 14 10:58:03 ubuntu kernel: [    0.712937] usb usb1: New USB device found, idVendor=1d6b, idProduct=0002, bcdDevice= 4.18
Mar 14 10:58:03 ubuntu kernel: [    0.712938] usb usb1: New USB device strings: Mfr=3, Product=2, SerialNumber=1
Mar 14 10:58:03 ubuntu kernel: [    0.712938] usb usb1: Product: EHCI Host Controller
Mar 14 10:58:03 ubuntu kernel: [    0.712939] usb usb1: Manufacturer: Linux 4.18.0-15-generic ehci_hcd
Mar 14 10:58:03 ubuntu kernel: [    0.712940] usb usb1: SerialNumber: 0000:00:0b.0
Mar 14 10:58:03 ubuntu kernel: [    0.713122] hub 1-0:1.0: USB hub found
Mar 14 10:58:03 ubuntu kernel: [    0.713124] hub 1-0:1.0: 12 ports detected
Mar 14 10:58:03 ubuntu kernel: [    0.713393] ehci-platform: EHCI generic platform driver
Mar 14 10:58:03 ubuntu kernel: [    0.713397] ohci_hcd: USB 1.1 'Open' Host Controller (OHCI) Driver
Mar 14 10:58:03 ubuntu kernel: [    0.713398] ohci-pci: OHCI PCI platform driver
Mar 14 10:58:03 ubuntu kernel: [    0.713914] ohci-pci 0000:00:06.0: OHCI PCI host controller
Mar 14 10:58:03 ubuntu kernel: [    0.713917] ohci-pci 0000:00:06.0: new USB bus registered, assigned bus number 2
Mar 14 10:58:03 ubuntu kernel: [    0.714141] ohci-pci 0000:00:06.0: irq 22, io mem 0xf0804000
Mar 14 10:58:03 ubuntu kernel: [    0.775921] usb usb2: New USB device found, idVendor=1d6b, idProduct=0001, bcdDevice= 4.18
Mar 14 10:58:03 ubuntu kernel: [    0.775922] usb usb2: New USB device strings: Mfr=3, Product=2, SerialNumber=1
Mar 14 10:58:03 ubuntu kernel: [    0.775923] usb usb2: Product: OHCI PCI host controller
Mar 14 10:58:03 ubuntu kernel: [    0.775924] usb usb2: Manufacturer: Linux 4.18.0-15-generic ohci_hcd
Mar 14 10:58:03 ubuntu kernel: [    0.775924] usb usb2: SerialNumber: 0000:00:06.0
Mar 14 10:58:03 ubuntu kernel: [    0.776199] hub 2-0:1.0: USB hub found
Mar 14 10:58:03 ubuntu kernel: [    0.776253] hub 2-0:1.0: 12 ports detected
Mar 14 10:58:03 ubuntu kernel: [    0.776906] ohci-platform: OHCI generic platform driver
Mar 14 10:58:03 ubuntu kernel: [    0.776935] uhci_hcd: USB Universal Host Controller Interface driver
Mar 14 10:58:03 ubuntu kernel: [    0.776968] i8042: PNP: PS/2 Controller [PNP0303:PS2K,PNP0f03:PS2M] at 0x60,0x64 irq 1,12
Mar 14 10:58:03 ubuntu kernel: [    0.778444] serio: i8042 KBD port at 0x60,0x64 irq 1
Mar 14 10:58:03 ubuntu kernel: [    0.778460] serio: i8042 AUX port at 0x60,0x64 irq 12
Mar 14 10:58:03 ubuntu kernel: [    0.778832] mousedev: PS/2 mouse device common for all mice
Mar 14 10:58:03 ubuntu kernel: [    0.781144] input: AT Translated Set 2 keyboard as /devices/platform/i8042/serio0/input/input2
Mar 14 10:58:03 ubuntu kernel: [    0.781508] rtc_cmos rtc_cmos: registered as rtc0
Mar 14 10:58:03 ubuntu kernel: [    0.781515] rtc_cmos rtc_cmos: alarms up to one day, 114 bytes nvram
Mar 14 10:58:03 ubuntu kernel: [    0.781519] i2c /dev entries driver
Mar 14 10:58:03 ubuntu kernel: [    0.781522] pcie_mp2_amd: AMD(R) PCI-E MP2 Communication Driver Version: 1.0
Mar 14 10:58:03 ubuntu kernel: [    0.781563] device-mapper: uevent: version 1.0.3
Mar 14 10:58:03 ubuntu kernel: [    0.781801] device-mapper: ioctl: 4.39.0-ioctl (2018-04-03) initialised: dm-devel@redhat.com
Mar 14 10:58:03 ubuntu kernel: [    0.782157] ledtrig-cpu: registered to indicate activity on CPUs
Mar 14 10:58:03 ubuntu kernel: [    0.783175] NET: Registered protocol family 10
Mar 14 10:58:03 ubuntu kernel: [    0.786673] Segment Routing with IPv6
Mar 14 10:58:03 ubuntu kernel: [    0.786684] NET: Registered protocol family 17
Mar 14 10:58:03 ubuntu kernel: [    0.786853] Key type dns_resolver registered
Mar 14 10:58:03 ubuntu kernel: [    0.787238] RAS: Correctable Errors collector initialized.
Mar 14 10:58:03 ubuntu kernel: [    0.787245] sched_clock: Marking stable (787221714, 0)->(958992065, -171770351)
Mar 14 10:58:03 ubuntu kernel: [    0.789401] registered taskstats version 1
Mar 14 10:58:03 ubuntu kernel: [    0.789406] Loading compiled-in X.509 certificates
Mar 14 10:58:03 ubuntu kernel: [    0.791816] Loaded X.509 cert 'Build time autogenerated kernel key: 93c6e076713d738d171f44766725faeef9510f02'
Mar 14 10:58:03 ubuntu kernel: [    0.791828] zswap: loaded using pool lzo/zbud
Mar 14 10:58:03 ubuntu kernel: [    0.796826] Key type big_key registered
Mar 14 10:58:03 ubuntu kernel: [    0.796828] Key type trusted registered
Mar 14 10:58:03 ubuntu kernel: [    0.798807] Key type encrypted registered
Mar 14 10:58:03 ubuntu kernel: [    0.798809] AppArmor: AppArmor sha1 policy hashing enabled
Mar 14 10:58:03 ubuntu kernel: [    0.798813] ima: No TPM chip found, activating TPM-bypass! (rc=-19)
Mar 14 10:58:03 ubuntu kernel: [    0.798815] ima: Allocated hash algorithm: sha1
Mar 14 10:58:03 ubuntu kernel: [    0.798822] evm: Initialising EVM extended attributes:
Mar 14 10:58:03 ubuntu kernel: [    0.798823] evm: security.selinux
Mar 14 10:58:03 ubuntu kernel: [    0.798823] evm: security.SMACK64
Mar 14 10:58:03 ubuntu kernel: [    0.798823] evm: security.SMACK64EXEC
Mar 14 10:58:03 ubuntu kernel: [    0.798824] evm: security.SMACK64TRANSMUTE
Mar 14 10:58:03 ubuntu kernel: [    0.798824] evm: security.SMACK64MMAP
Mar 14 10:58:03 ubuntu kernel: [    0.798824] evm: security.apparmor
Mar 14 10:58:03 ubuntu kernel: [    0.798825] evm: security.ima
Mar 14 10:58:03 ubuntu kernel: [    0.798825] evm: security.capability
Mar 14 10:58:03 ubuntu kernel: [    0.798826] evm: HMAC attrs: 0x1
Mar 14 10:58:03 ubuntu kernel: [    0.798951]   Magic number: 15:683:965
Mar 14 10:58:03 ubuntu kernel: [    0.799205] rtc_cmos rtc_cmos: setting system clock to 2023-03-14 02:58:01 UTC (1678762681)
Mar 14 10:58:03 ubuntu kernel: [    0.876110] ata2.00: ATAPI: VBOX CD-ROM, 1.0, max UDMA/133
Mar 14 10:58:03 ubuntu kernel: [    0.878148] scsi 1:0:0:0: CD-ROM            VBOX     CD-ROM           1.0  PQ: 0 ANSI: 5
Mar 14 10:58:03 ubuntu kernel: [    0.909726] sr 1:0:0:0: [sr0] scsi3-mmc drive: 32x/32x xa/form2 tray
Mar 14 10:58:03 ubuntu kernel: [    0.909727] cdrom: Uniform CD-ROM driver Revision: 3.20
Mar 14 10:58:03 ubuntu kernel: [    0.909959] sr 1:0:0:0: Attached scsi CD-ROM sr0
Mar 14 10:58:03 ubuntu kernel: [    0.910034] sr 1:0:0:0: Attached scsi generic sg0 type 5
Mar 14 10:58:03 ubuntu kernel: [    0.911684] Freeing unused kernel image memory: 2464K
Mar 14 10:58:03 ubuntu kernel: [    0.928337] Write protecting the kernel read-only data: 20480k
Mar 14 10:58:03 ubuntu kernel: [    0.928854] Freeing unused kernel image memory: 2008K
Mar 14 10:58:03 ubuntu kernel: [    0.929066] Freeing unused kernel image memory: 1784K
Mar 14 10:58:03 ubuntu kernel: [    0.932728] x86/mm: Checked W+X mappings: passed, no W+X pages found.
Mar 14 10:58:03 ubuntu kernel: [    0.972915] e1000: Intel(R) PRO/1000 Network Driver - version 7.3.21-k8-NAPI
Mar 14 10:58:03 ubuntu kernel: [    0.972916] e1000: Copyright (c) 1999-2006 Intel Corporation.
Mar 14 10:58:03 ubuntu kernel: [    0.974308] piix4_smbus 0000:00:07.0: SMBus Host Controller at 0x4100, revision 0
Mar 14 10:58:03 ubuntu kernel: [    0.975917] ACPI: Video Device [GFX0] (multi-head: yes  rom: no  post: no)
Mar 14 10:58:03 ubuntu kernel: [    0.975951] input: Video Bus as /devices/LNXSYSTM:00/LNXSYBUS:00/PNP0A03:00/LNXVIDEO:00/input/input4
Mar 14 10:58:03 ubuntu kernel: [    0.983041] ahci 0000:00:0d.0: version 3.0
Mar 14 10:58:03 ubuntu kernel: [    0.984619] [drm] DMA map mode: Using physical TTM page addresses.
Mar 14 10:58:03 ubuntu kernel: [    0.984866] [drm] Capabilities:
Mar 14 10:58:03 ubuntu kernel: [    0.984867] [drm]   Rect copy.
Mar 14 10:58:03 ubuntu kernel: [    0.984867] [drm]   Cursor.
Mar 14 10:58:03 ubuntu kernel: [    0.984867] [drm]   Cursor bypass.
Mar 14 10:58:03 ubuntu kernel: [    0.984867] [drm]   Cursor bypass 2.
Mar 14 10:58:03 ubuntu kernel: [    0.984868] [drm]   Alpha cursor.
Mar 14 10:58:03 ubuntu kernel: [    0.984868] [drm]   Extended Fifo.
Mar 14 10:58:03 ubuntu kernel: [    0.984868] [drm]   Pitchlock.
Mar 14 10:58:03 ubuntu kernel: [    0.984869] [drm]   Irq mask.
Mar 14 10:58:03 ubuntu kernel: [    0.984869] [drm]   GMR.
Mar 14 10:58:03 ubuntu kernel: [    0.984869] [drm]   Traces.
Mar 14 10:58:03 ubuntu kernel: [    0.984870] [drm]   GMR2.
Mar 14 10:58:03 ubuntu kernel: [    0.984870] [drm]   Screen Object 2.
Mar 14 10:58:03 ubuntu kernel: [    0.984870] [drm]   Command Buffers.
Mar 14 10:58:03 ubuntu kernel: [    0.984871] [drm] Max GMR ids is 8192
Mar 14 10:58:03 ubuntu kernel: [    0.984871] [drm] Max number of GMR pages is 1048576
Mar 14 10:58:03 ubuntu kernel: [    0.984871] [drm] Max dedicated hypervisor surface memory is 507904 kiB
Mar 14 10:58:03 ubuntu kernel: [    0.984872] [drm] Maximum display memory size is 16384 kiB
Mar 14 10:58:03 ubuntu kernel: [    0.984872] [drm] VRAM at 0xe0000000 size is 16384 kiB
Mar 14 10:58:03 ubuntu kernel: [    0.984873] [drm] MMIO at 0xf0000000 size is 2048 kiB
Mar 14 10:58:03 ubuntu kernel: [    0.984874] [drm] global init.
Mar 14 10:58:03 ubuntu kernel: [    0.985427] ahci 0000:00:0d.0: SSS flag set, parallel bus scan disabled
Mar 14 10:58:03 ubuntu kernel: [    0.985798] ahci 0000:00:0d.0: AHCI 0001.0100 32 slots 1 ports 3 Gbps 0x1 impl SATA mode
Mar 14 10:58:03 ubuntu kernel: [    0.985799] ahci 0000:00:0d.0: flags: 64bit ncq stag only ccc 
Mar 14 10:58:03 ubuntu kernel: [    0.990605] [TTM] Zone  kernel: Available graphics memory: 1020464 kiB
Mar 14 10:58:03 ubuntu kernel: [    0.990606] [TTM] Initializing pool allocator
Mar 14 10:58:03 ubuntu kernel: [    0.990609] [TTM] Initializing DMA pool allocator
Mar 14 10:58:03 ubuntu kernel: [    0.993679] scsi host2: ahci
Mar 14 10:58:03 ubuntu kernel: [    0.993738] ata3: SATA max UDMA/133 abar m8192@0xf0806000 port 0xf0806100 irq 21
Mar 14 10:58:03 ubuntu kernel: [    0.994090] [drm] Supports vblank timestamp caching Rev 2 (21.10.2013).
Mar 14 10:58:03 ubuntu kernel: [    0.994091] [drm] No driver support for vblank timestamp query.
Mar 14 10:58:03 ubuntu kernel: [    0.994315] [drm] Screen Objects Display Unit initialized
Mar 14 10:58:03 ubuntu kernel: [    0.994344] [drm] width 720
Mar 14 10:58:03 ubuntu kernel: [    0.994360] [drm] height 400
Mar 14 10:58:03 ubuntu kernel: [    0.994407] [drm] bpp 32
Mar 14 10:58:03 ubuntu kernel: [    0.994590] [drm] Fifo max 0x00200000 min 0x00001000 cap 0x00000355
Mar 14 10:58:03 ubuntu kernel: [    0.994706] [drm] Using command buffers with DMA pool.
Mar 14 10:58:03 ubuntu kernel: [    0.994711] [drm] DX: no.
Mar 14 10:58:03 ubuntu kernel: [    0.994712] [drm] Atomic: yes
Mar 14 10:58:03 ubuntu kernel: [    0.994729] [drm:vmw_host_log [vmwgfx]] *ERROR* Failed to send log
Mar 14 10:58:03 ubuntu kernel: [    0.996420] [drm:vmw_host_log [vmwgfx]] *ERROR* Failed to send log
Mar 14 10:58:03 ubuntu kernel: [    1.000096] fbcon: svgadrmfb (fb0) is primary device
Mar 14 10:58:03 ubuntu kernel: [    1.031279] Console: switching to colour frame buffer device 100x37
Mar 14 10:58:03 ubuntu kernel: [    1.032229] [drm] Initialized vmwgfx 2.14.1 20180322 for 0000:00:02.0 on minor 0
Mar 14 10:58:03 ubuntu kernel: [    1.197099] input: ImExPS/2 Generic Explorer Mouse as /devices/platform/i8042/serio1/input/input5
Mar 14 10:58:03 ubuntu kernel: [    1.220075] usb 2-1: new full-speed USB device number 2 using ohci-pci
Mar 14 10:58:03 ubuntu kernel: [    1.313050] ata3: SATA link up 3.0 Gbps (SStatus 123 SControl 300)
Mar 14 10:58:03 ubuntu kernel: [    1.313262] ata3.00: ATA-6: VBOX HARDDISK, 1.0, max UDMA/133
Mar 14 10:58:03 ubuntu kernel: [    1.313263] ata3.00: 104857600 sectors, multi 128: LBA48 NCQ (depth 32)
Mar 14 10:58:03 ubuntu kernel: [    1.313594] ata3.00: configured for UDMA/133
Mar 14 10:58:03 ubuntu kernel: [    1.314192] scsi 2:0:0:0: Direct-Access     ATA      VBOX HARDDISK    1.0  PQ: 0 ANSI: 5
Mar 14 10:58:03 ubuntu kernel: [    1.314320] sd 2:0:0:0: [sda] 104857600 512-byte logical blocks: (53.7 GB/50.0 GiB)
Mar 14 10:58:03 ubuntu kernel: [    1.314323] sd 2:0:0:0: [sda] Write Protect is off
Mar 14 10:58:03 ubuntu kernel: [    1.314324] sd 2:0:0:0: [sda] Mode Sense: 00 3a 00 00
Mar 14 10:58:03 ubuntu kernel: [    1.314328] sd 2:0:0:0: [sda] Write cache: enabled, read cache: enabled, doesn't support DPO or FUA
Mar 14 10:58:03 ubuntu kernel: [    1.314550] sd 2:0:0:0: Attached scsi generic sg1 type 0
Mar 14 10:58:03 ubuntu kernel: [    1.315082]  sda: sda1
Mar 14 10:58:03 ubuntu kernel: [    1.315173] sd 2:0:0:0: [sda] Attached SCSI disk
Mar 14 10:58:03 ubuntu kernel: [    1.499694] e1000 0000:00:03.0 eth0: (PCI:33MHz:32-bit) 08:00:27:27:19:33
Mar 14 10:58:03 ubuntu kernel: [    1.499698] e1000 0000:00:03.0 eth0: Intel(R) PRO/1000 Network Connection
Mar 14 10:58:03 ubuntu kernel: [    1.500780] e1000 0000:00:03.0 enp0s3: renamed from eth0
Mar 14 10:58:03 ubuntu kernel: [    1.528418] usb 2-1: New USB device found, idVendor=80ee, idProduct=0021, bcdDevice= 1.00
Mar 14 10:58:03 ubuntu kernel: [    1.528419] usb 2-1: New USB device strings: Mfr=1, Product=3, SerialNumber=0
Mar 14 10:58:03 ubuntu kernel: [    1.528420] usb 2-1: Product: USB Tablet
Mar 14 10:58:03 ubuntu kernel: [    1.528421] usb 2-1: Manufacturer: VirtualBox
Mar 14 10:58:03 ubuntu kernel: [    1.536259] hidraw: raw HID events driver (C) Jiri Kosina
Mar 14 10:58:03 ubuntu kernel: [    1.547453] usbcore: registered new interface driver usbhid
Mar 14 10:58:03 ubuntu kernel: [    1.547453] usbhid: USB HID core driver
Mar 14 10:58:03 ubuntu kernel: [    1.548275] random: fast init done
Mar 14 10:58:03 ubuntu kernel: [    1.548351] random: systemd-udevd: uninitialized urandom read (16 bytes read)
Mar 14 10:58:03 ubuntu kernel: [    1.548356] random: systemd-udevd: uninitialized urandom read (16 bytes read)
Mar 14 10:58:03 ubuntu kernel: [    1.548384] random: systemd-udevd: uninitialized urandom read (16 bytes read)
Mar 14 10:58:03 ubuntu kernel: [    1.549334] input: VirtualBox USB Tablet as /devices/pci0000:00/0000:00:06.0/usb2/2-1/2-1:1.0/0003:80EE:0021.0001/input/input6
Mar 14 10:58:03 ubuntu kernel: [    1.549796] hid-generic 0003:80EE:0021.0001: input,hidraw0: USB HID v1.10 Mouse [VirtualBox USB Tablet] on usb-0000:00:06.0-1/input0
Mar 14 10:58:03 ubuntu kernel: [    1.587791] EXT4-fs (sda1): mounted filesystem with ordered data mode. Opts: (null)
Mar 14 10:58:03 ubuntu kernel: [    2.040037] lp: driver loaded but no devices found
Mar 14 10:58:03 ubuntu kernel: [    2.042280] EXT4-fs (sda1): re-mounted. Opts: errors=remount-ro
Mar 14 10:58:03 ubuntu kernel: [    2.044718] ppdev: user-space parallel port driver
Mar 14 10:58:03 ubuntu kernel: [    2.117448] Adding 2097148k swap on /swapfile.  Priority:-2 extents:6 across:2260988k FS
Mar 14 10:58:03 ubuntu kernel: [    2.526979] vgdrvHeartbeatInit: Setting up heartbeat to trigger every 2000 milliseconds
Mar 14 10:58:03 ubuntu kernel: [    2.527074] input: Unspecified device as /devices/pci0000:00/0000:00:04.0/input/input7
Mar 14 10:58:03 ubuntu kernel: [    2.528280] vboxguest: misc device minor 55, IRQ 20, I/O port d040, MMIO at 00000000f0400000 (size 0x400000)
Mar 14 10:58:03 ubuntu kernel: [    2.528281] vboxguest: Successfully loaded version 5.2.18_KernelUbuntu (interface 0x00010004)
Mar 14 10:58:03 ubuntu kernel: [    2.614517] cryptd: max_cpu_qlen set to 1000
Mar 14 10:58:03 ubuntu kernel: [    2.620269] audit: type=1400 audit(1678762683.320:2): apparmor="STATUS" operation="profile_load" profile="unconfined" name="/sbin/dhclient" pid=371 comm="apparmor_parser"
Mar 14 10:58:03 ubuntu kernel: [    2.620271] audit: type=1400 audit(1678762683.320:3): apparmor="STATUS" operation="profile_load" profile="unconfined" name="/usr/lib/NetworkManager/nm-dhcp-client.action" pid=371 comm="apparmor_parser"
Mar 14 10:58:03 ubuntu kernel: [    2.620272] audit: type=1400 audit(1678762683.320:4): apparmor="STATUS" operation="profile_load" profile="unconfined" name="/usr/lib/NetworkManager/nm-dhcp-helper" pid=371 comm="apparmor_parser"
Mar 14 10:58:03 ubuntu kernel: [    2.620273] audit: type=1400 audit(1678762683.320:5): apparmor="STATUS" operation="profile_load" profile="unconfined" name="/usr/lib/connman/scripts/dhclient-script" pid=371 comm="apparmor_parser"
Mar 14 10:58:03 ubuntu kernel: [    2.627117] SSE version of gcm_enc/dec engaged.
Mar 14 10:58:03 ubuntu kernel: [    2.645490] audit: type=1400 audit(1678762683.344:6): apparmor="STATUS" operation="profile_load" profile="unconfined" name="/usr/bin/evince" pid=372 comm="apparmor_parser"
Mar 14 10:58:03 ubuntu kernel: [    2.645492] audit: type=1400 audit(1678762683.344:7): apparmor="STATUS" operation="profile_load" profile="unconfined" name="/usr/bin/evince//sanitized_helper" pid=372 comm="apparmor_parser"
Mar 14 10:58:03 ubuntu kernel: [    2.645493] audit: type=1400 audit(1678762683.344:8): apparmor="STATUS" operation="profile_load" profile="unconfined" name="/usr/bin/evince-previewer" pid=372 comm="apparmor_parser"
Mar 14 10:58:03 ubuntu kernel: [    2.645494] audit: type=1400 audit(1678762683.344:9): apparmor="STATUS" operation="profile_load" profile="unconfined" name="/usr/bin/evince-previewer//sanitized_helper" pid=372 comm="apparmor_parser"
Mar 14 10:58:03 ubuntu kernel: [    2.645495] audit: type=1400 audit(1678762683.344:10): apparmor="STATUS" operation="profile_load" profile="unconfined" name="/usr/bin/evince-thumbnailer" pid=372 comm="apparmor_parser"
Mar 14 10:58:03 ubuntu kernel: [    3.152190] snd_intel8x0 0000:00:05.0: white list rate for 1028:0177 is 48000
Mar 14 10:58:03 ubuntu kernel: [    3.165758] random: crng init done
Mar 14 10:58:03 ubuntu kernel: [    3.165759] random: 7 urandom warning(s) missed due to ratelimiting
Mar 14 10:58:04 ubuntu kernel: [    3.537834] IPv6: ADDRCONF(NETDEV_UP): enp0s3: link is not ready
Mar 14 10:58:04 ubuntu kernel: [    3.548819] e1000: enp0s3 NIC Link is Up 1000 Mbps Full Duplex, Flow Control: RX
Mar 14 10:58:04 ubuntu kernel: [    3.554009] IPv6: ADDRCONF(NETDEV_UP): enp0s3: link is not ready
Mar 14 10:58:04 ubuntu kernel: [    3.554187] IPv6: ADDRCONF(NETDEV_CHANGE): enp0s3: link becomes ready
Mar 14 10:58:09 ubuntu kernel: [    8.691951] [drm:vmw_sou_crtc_page_flip [vmwgfx]] *ERROR* Page flip error -16.
Mar 14 10:58:09 ubuntu kernel: [    9.122780] kauditd_printk_skb: 17 callbacks suppressed
Mar 14 10:58:09 ubuntu kernel: [    9.122781] audit: type=1400 audit(1678762689.816:28): apparmor="STATUS" operation="profile_load" profile="unconfined" name="/snap/core/6350/usr/lib/snapd/snap-confine" pid=1220 comm="apparmor_parser"
Mar 14 10:58:09 ubuntu kernel: [    9.123064] audit: type=1400 audit(1678762689.820:29): apparmor="STATUS" operation="profile_load" profile="unconfined" name="/snap/core/6350/usr/lib/snapd/snap-confine//mount-namespace-capture-helper" pid=1220 comm="apparmor_parser"
Mar 14 10:58:09 ubuntu kernel: [    9.148720] audit: type=1400 audit(1678762689.844:30): apparmor="STATUS" operation="profile_load" profile="unconfined" name="snap-update-ns.core" pid=1222 comm="apparmor_parser"
Mar 14 10:58:09 ubuntu kernel: [    9.185365] audit: type=1400 audit(1678762689.880:31): apparmor="STATUS" operation="profile_load" profile="unconfined" name="snap.core.hook.configure" pid=1223 comm="apparmor_parser"
Mar 14 10:58:23 ubuntu kernel: [   23.019748] rfkill: input handler disabled
Mar 14 10:58:30 ubuntu kernel: [   29.729131] audit: type=1400 audit(1678762710.424:32): apparmor="STATUS" operation="profile_load" profile="unconfined" name="snap-update-ns.gnome-calculator" pid=1951 comm="apparmor_parser"
Mar 14 10:58:30 ubuntu kernel: [   29.775603] audit: type=1400 audit(1678762710.472:33): apparmor="STATUS" operation="profile_load" profile="unconfined" name="snap.gnome-calculator.gnome-calculator" pid=1952 comm="apparmor_parser"
Mar 14 10:58:30 ubuntu kernel: [   29.943417] audit: type=1400 audit(1678762710.640:34): apparmor="STATUS" operation="profile_replace" profile="unconfined" name="snap-update-ns.gnome-calculator" pid=1962 comm="apparmor_parser"
Mar 14 10:58:30 ubuntu kernel: [   29.970875] audit: type=1400 audit(1678762710.668:35): apparmor="STATUS" operation="profile_replace" profile="unconfined" name="snap.gnome-calculator.gnome-calculator" pid=1963 comm="apparmor_parser"
Mar 14 10:58:30 ubuntu kernel: [   30.048551] audit: type=1400 audit(1678762710.728:36): apparmor="STATUS" operation="profile_replace" profile="unconfined" name="snap-update-ns.gnome-calculator" pid=1971 comm="apparmor_parser"
Mar 14 10:58:30 ubuntu kernel: [   30.078672] audit: type=1400 audit(1678762710.776:37): apparmor="STATUS" operation="profile_replace" profile="unconfined" name="snap.gnome-calculator.gnome-calculator" pid=1972 comm="apparmor_parser"
Mar 14 10:58:30 ubuntu kernel: [   30.135194] audit: type=1400 audit(1678762710.832:38): apparmor="STATUS" operation="profile_replace" profile="unconfined" name="/snap/core/6350/usr/lib/snapd/snap-confine" pid=1979 comm="apparmor_parser"
Mar 14 10:58:30 ubuntu kernel: [   30.145472] audit: type=1400 audit(1678762710.844:39): apparmor="STATUS" operation="profile_replace" profile="unconfined" name="/snap/core/6350/usr/lib/snapd/snap-confine//mount-namespace-capture-helper" pid=1979 comm="apparmor_parser"
Mar 14 10:58:30 ubuntu kernel: [   30.148307] audit: type=1400 audit(1678762710.844:40): apparmor="STATUS" operation="profile_replace" info="same as current profile, skipping" profile="unconfined" name="snap-update-ns.core" pid=1981 comm="apparmor_parser"
Mar 14 10:58:30 ubuntu kernel: [   30.149094] audit: type=1400 audit(1678762710.848:41): apparmor="STATUS" operation="profile_replace" info="same as current profile, skipping" profile="unconfined" name="snap.core.hook.configure" pid=1982 comm="apparmor_parser"
Mar 14 10:58:35 ubuntu kernel: [   35.082022] kauditd_printk_skb: 67 callbacks suppressed
Mar 14 10:58:35 ubuntu kernel: [   35.082023] audit: type=1400 audit(1678762715.780:109): apparmor="STATUS" operation="profile_replace" info="same as current profile, skipping" profile="unconfined" name="snap-update-ns.gnome-characters" pid=2275 comm="apparmor_parser"
Mar 14 10:58:35 ubuntu kernel: [   35.280498] audit: type=1400 audit(1678762715.980:110): apparmor="STATUS" operation="profile_replace" info="same as current profile, skipping" profile="unconfined" name="/snap/core/6350/usr/lib/snapd/snap-confine" pid=2311 comm="apparmor_parser"
Mar 14 10:58:35 ubuntu kernel: [   35.280500] audit: type=1400 audit(1678762715.980:111): apparmor="STATUS" operation="profile_replace" info="same as current profile, skipping" profile="unconfined" name="/snap/core/6350/usr/lib/snapd/snap-confine//mount-namespace-capture-helper" pid=2311 comm="apparmor_parser"
Mar 14 10:58:35 ubuntu kernel: [   35.283622] audit: type=1400 audit(1678762715.980:112): apparmor="STATUS" operation="profile_replace" info="same as current profile, skipping" profile="unconfined" name="snap.core.hook.configure" pid=2314 comm="apparmor_parser"
Mar 14 10:58:35 ubuntu kernel: [   35.284629] audit: type=1400 audit(1678762715.984:113): apparmor="STATUS" operation="profile_replace" info="same as current profile, skipping" profile="unconfined" name="snap-update-ns.core" pid=2313 comm="apparmor_parser"
Mar 14 10:58:36 ubuntu kernel: [   35.388860] audit: type=1400 audit(1678762716.024:114): apparmor="STATUS" operation="profile_replace" profile="unconfined" name="snap.gnome-characters.gnome-characters" pid=2323 comm="apparmor_parser"
Mar 14 10:58:36 ubuntu kernel: [   35.400592] audit: type=1400 audit(1678762716.093:115): apparmor="STATUS" operation="profile_replace" info="same as current profile, skipping" profile="unconfined" name="snap-update-ns.gnome-characters" pid=2325 comm="apparmor_parser"
Mar 14 10:58:36 ubuntu kernel: [   35.492138] audit: type=1400 audit(1678762716.190:116): apparmor="STATUS" operation="profile_replace" info="same as current profile, skipping" profile="unconfined" name="/snap/core/6350/usr/lib/snapd/snap-confine" pid=2332 comm="apparmor_parser"
Mar 14 10:58:36 ubuntu kernel: [   35.492140] audit: type=1400 audit(1678762716.190:117): apparmor="STATUS" operation="profile_replace" info="same as current profile, skipping" profile="unconfined" name="/snap/core/6350/usr/lib/snapd/snap-confine//mount-namespace-capture-helper" pid=2332 comm="apparmor_parser"
Mar 14 10:58:36 ubuntu kernel: [   35.494994] audit: type=1400 audit(1678762716.194:118): apparmor="STATUS" operation="profile_replace" info="same as current profile, skipping" profile="unconfined" name="snap.core.hook.configure" pid=2335 comm="apparmor_parser"
Mar 14 10:58:40 ubuntu kernel: [   40.055790] kauditd_printk_skb: 48 callbacks suppressed
Mar 14 10:58:40 ubuntu kernel: [   40.055791] audit: type=1400 audit(1678762720.805:167): apparmor="STATUS" operation="profile_replace" info="same as current profile, skipping" profile="unconfined" name="snap-update-ns.gnome-logs" pid=2941 comm="apparmor_parser"
Mar 14 10:58:40 ubuntu kernel: [   40.123629] audit: type=1400 audit(1678762720.874:168): apparmor="STATUS" operation="profile_replace" info="same as current profile, skipping" profile="unconfined" name="/snap/core/6350/usr/lib/snapd/snap-confine" pid=2949 comm="apparmor_parser"
Mar 14 10:58:40 ubuntu kernel: [   40.123630] audit: type=1400 audit(1678762720.874:169): apparmor="STATUS" operation="profile_replace" info="same as current profile, skipping" profile="unconfined" name="/snap/core/6350/usr/lib/snapd/snap-confine//mount-namespace-capture-helper" pid=2949 comm="apparmor_parser"
Mar 14 10:58:40 ubuntu kernel: [   40.129289] audit: type=1400 audit(1678762720.878:170): apparmor="STATUS" operation="profile_replace" info="same as current profile, skipping" profile="unconfined" name="snap-update-ns.core" pid=2951 comm="apparmor_parser"
Mar 14 10:58:40 ubuntu kernel: [   40.130515] audit: type=1400 audit(1678762720.878:171): apparmor="STATUS" operation="profile_replace" info="same as current profile, skipping" profile="unconfined" name="snap.core.hook.configure" pid=2952 comm="apparmor_parser"
Mar 14 10:58:41 ubuntu kernel: [   40.345934] audit: type=1400 audit(1678762721.095:172): apparmor="STATUS" operation="profile_replace" profile="unconfined" name="snap.gnome-logs.gnome-logs" pid=2960 comm="apparmor_parser"
Mar 14 10:58:41 ubuntu kernel: [   40.400256] audit: type=1400 audit(1678762721.152:173): apparmor="STATUS" operation="profile_replace" info="same as current profile, skipping" profile="unconfined" name="snap-update-ns.gnome-logs" pid=2959 comm="apparmor_parser"
Mar 14 10:58:41 ubuntu kernel: [   40.450670] audit: type=1400 audit(1678762721.204:174): apparmor="STATUS" operation="profile_replace" info="same as current profile, skipping" profile="unconfined" name="/snap/core/6350/usr/lib/snapd/snap-confine" pid=2967 comm="apparmor_parser"
Mar 14 10:58:41 ubuntu kernel: [   40.450809] audit: type=1400 audit(1678762721.204:175): apparmor="STATUS" operation="profile_replace" info="same as current profile, skipping" profile="unconfined" name="/snap/core/6350/usr/lib/snapd/snap-confine//mount-namespace-capture-helper" pid=2967 comm="apparmor_parser"
Mar 14 10:58:41 ubuntu kernel: [   40.453250] audit: type=1400 audit(1678762721.208:176): apparmor="STATUS" operation="profile_replace" info="same as current profile, skipping" profile="unconfined" name="snap-update-ns.core" pid=2969 comm="apparmor_parser"
Mar 14 10:58:46 ubuntu kernel: [   45.338342] kauditd_printk_skb: 63 callbacks suppressed
Mar 14 10:58:46 ubuntu kernel: [   45.338343] audit: type=1400 audit(1678762726.107:240): apparmor="STATUS" operation="profile_replace" profile="unconfined" name="snap.gnome-system-monitor.gnome-system-monitor" pid=3272 comm="apparmor_parser"
Mar 14 10:58:46 ubuntu kernel: [   45.545037] audit: type=1400 audit(1678762726.328:241): apparmor="STATUS" operation="profile_replace" info="same as current profile, skipping" profile="unconfined" name="snap-update-ns.gnome-system-monitor" pid=3271 comm="apparmor_parser"
Mar 14 10:58:46 ubuntu kernel: [   45.599270] audit: type=1400 audit(1678762726.376:242): apparmor="STATUS" operation="profile_replace" info="same as current profile, skipping" profile="unconfined" name="/snap/core/6350/usr/lib/snapd/snap-confine" pid=3279 comm="apparmor_parser"
Mar 14 10:58:46 ubuntu kernel: [   45.599272] audit: type=1400 audit(1678762726.376:243): apparmor="STATUS" operation="profile_replace" info="same as current profile, skipping" profile="unconfined" name="/snap/core/6350/usr/lib/snapd/snap-confine//mount-namespace-capture-helper" pid=3279 comm="apparmor_parser"
Mar 14 10:58:46 ubuntu kernel: [   45.602135] audit: type=1400 audit(1678762726.385:244): apparmor="STATUS" operation="profile_replace" info="same as current profile, skipping" profile="unconfined" name="snap-update-ns.core" pid=3281 comm="apparmor_parser"
Mar 14 10:58:46 ubuntu kernel: [   45.602836] audit: type=1400 audit(1678762726.385:245): apparmor="STATUS" operation="profile_replace" info="same as current profile, skipping" profile="unconfined" name="snap.core.hook.configure" pid=3282 comm="apparmor_parser"
Mar 14 10:58:46 ubuntu kernel: [   45.844127] audit: type=1400 audit(1678762726.445:246): apparmor="STATUS" operation="profile_replace" profile="unconfined" name="snap.gnome-system-monitor.gnome-system-monitor" pid=3290 comm="apparmor_parser"
Mar 14 10:58:46 ubuntu kernel: [   46.029568] audit: type=1400 audit(1678762726.810:247): apparmor="STATUS" operation="profile_replace" info="same as current profile, skipping" profile="unconfined" name="snap-update-ns.gnome-system-monitor" pid=3289 comm="apparmor_parser"
Mar 14 10:58:46 ubuntu kernel: [   46.088211] audit: type=1400 audit(1678762726.870:248): apparmor="STATUS" operation="profile_replace" info="same as current profile, skipping" profile="unconfined" name="/snap/core/6350/usr/lib/snapd/snap-confine" pid=3297 comm="apparmor_parser"
Mar 14 10:58:46 ubuntu kernel: [   46.088213] audit: type=1400 audit(1678762726.870:249): apparmor="STATUS" operation="profile_replace" info="same as current profile, skipping" profile="unconfined" name="/snap/core/6350/usr/lib/snapd/snap-confine//mount-namespace-capture-helper" pid=3297 comm="apparmor_parser"
Mar 14 11:22:31 ubuntu kernel: [ 1470.469916] systemd: 24 output lines suppressed due to ratelimiting
Mar 14 11:25:20 ubuntu kernel: [ 1639.432525] SGI XFS with ACLs, security attributes, realtime, no debug enabled
Mar 14 11:25:20 ubuntu kernel: [ 1639.472470] JFS: nTxBlock = 8192, nTxLock = 65536
Mar 14 11:25:20 ubuntu kernel: [ 1639.483286] ntfs: driver 2.1.32 [Flags: R/O MODULE].
Mar 14 11:25:20 ubuntu kernel: [ 1639.502379] QNX4 filesystem 0.2.3 registered.
Mar 14 11:25:20 ubuntu kernel: [ 1639.563783] raid6: sse2x1   gen() 20321 MB/s
Mar 14 11:25:20 ubuntu kernel: [ 1639.611478] raid6: sse2x1   xor() 13382 MB/s
Mar 14 11:25:20 ubuntu kernel: [ 1639.659526] raid6: sse2x2   gen() 25484 MB/s
Mar 14 11:25:20 ubuntu kernel: [ 1639.707270] raid6: sse2x2   xor() 15034 MB/s
Mar 14 11:25:20 ubuntu kernel: [ 1639.755903] raid6: sse2x4   gen() 27752 MB/s
Mar 14 11:25:20 ubuntu kernel: [ 1639.803100] raid6: sse2x4   xor() 14400 MB/s
Mar 14 11:25:20 ubuntu kernel: [ 1639.803101] raid6: using algorithm sse2x4 gen() 27752 MB/s
Mar 14 11:25:20 ubuntu kernel: [ 1639.803102] raid6: .... xor() 14400 MB/s, rmw enabled
Mar 14 11:25:20 ubuntu kernel: [ 1639.803103] raid6: using ssse3x2 recovery algorithm
Mar 14 11:25:20 ubuntu kernel: [ 1639.806630] xor: measuring software checksum speed
Mar 14 11:25:29 ubuntu kernel: [ 1648.220366]    prefetch64-sse: 85718.000 MB/sec
Mar 14 11:25:29 ubuntu kernel: [ 1648.323374]    generic_sse: 73311.000 MB/sec
Mar 14 11:25:29 ubuntu kernel: [ 1648.323376] xor: using function: prefetch64-sse (85718.000 MB/sec)
Mar 14 11:25:29 ubuntu kernel: [ 1648.341536] Btrfs loaded, crc32c=crc32c-intel
Mar 14 11:25:55 ubuntu kernel: [ 1674.579367] kauditd_printk_skb: 8 callbacks suppressed
Mar 14 11:25:55 ubuntu kernel: [ 1674.579368] audit: type=1400 audit(1678764355.381:258): apparmor="STATUS" operation="profile_replace" profile="unconfined" name="/usr/sbin/tcpdump" pid=28102 comm="apparmor_parser"
Mar 14 11:26:04 ubuntu kernel: [ 1683.712259] audit: type=1400 audit(1678764364.497:259): apparmor="STATUS" operation="profile_replace" profile="unconfined" name="/sbin/dhclient" pid=29495 comm="apparmor_parser"
Mar 14 11:26:04 ubuntu kernel: [ 1683.712493] audit: type=1400 audit(1678764364.517:260): apparmor="STATUS" operation="profile_replace" profile="unconfined" name="/usr/lib/NetworkManager/nm-dhcp-client.action" pid=29495 comm="apparmor_parser"
Mar 14 11:26:04 ubuntu kernel: [ 1683.712753] audit: type=1400 audit(1678764364.517:261): apparmor="STATUS" operation="profile_replace" profile="unconfined" name="/usr/lib/NetworkManager/nm-dhcp-helper" pid=29495 comm="apparmor_parser"
Mar 14 11:26:04 ubuntu kernel: [ 1683.712923] audit: type=1400 audit(1678764364.517:262): apparmor="STATUS" operation="profile_replace" profile="unconfined" name="/usr/lib/connman/scripts/dhclient-script" pid=29495 comm="apparmor_parser"
Mar 14 11:26:08 ubuntu kernel: [ 1688.095869] audit: type=1400 audit(1678764368.901:263): apparmor="STATUS" operation="profile_replace" profile="unconfined" name="/usr/lib/cups/backend/cups-pdf" pid=29912 comm="apparmor_parser"
Mar 14 11:26:08 ubuntu kernel: [ 1688.096032] audit: type=1400 audit(1678764368.901:264): apparmor="STATUS" operation="profile_replace" profile="unconfined" name="/usr/sbin/cupsd" pid=29912 comm="apparmor_parser"
Mar 14 11:26:08 ubuntu kernel: [ 1688.114452] audit: type=1400 audit(1678764368.917:265): apparmor="STATUS" operation="profile_replace" profile="unconfined" name="/usr/sbin/cupsd//third_party" pid=29912 comm="apparmor_parser"
Mar 14 11:29:18 ubuntu kernel: [ 1877.661605] INFO: rcu_sched self-detected stall on CPU
Mar 14 11:29:18 ubuntu kernel: [ 1877.661613] 	1-...!: (1 ticks this GP) idle=51a/1/4611686018427387906 softirq=196418/196418 fqs=0 
Mar 14 11:29:18 ubuntu kernel: [ 1877.661614] 	 (t=47104 jiffies g=40132 c=40131 q=2)
Mar 14 11:29:18 ubuntu kernel: [ 1877.661617] rcu_sched kthread starved for 47104 jiffies! g40132 c40131 f0x0 RCU_GP_WAIT_FQS(3) ->state=0x402 ->cpu=0
Mar 14 11:29:18 ubuntu kernel: [ 1877.661618] RCU grace-period kthread stack dump:
Mar 14 11:29:18 ubuntu kernel: [ 1877.661619] rcu_sched       I    0    10      2 0x80000000
Mar 14 11:29:18 ubuntu kernel: [ 1877.661622] Call Trace:
Mar 14 11:29:18 ubuntu kernel: [ 1877.661632]  __schedule+0x2b7/0x880
Mar 14 11:29:18 ubuntu kernel: [ 1877.661633]  schedule+0x2c/0x80
Mar 14 11:29:18 ubuntu kernel: [ 1877.661634]  schedule_timeout+0x169/0x360
Mar 14 11:29:18 ubuntu kernel: [ 1877.661635]  ? __schedule+0x2bf/0x880
Mar 14 11:29:18 ubuntu kernel: [ 1877.661638]  ? __next_timer_interrupt+0xe0/0xe0
Mar 14 11:29:18 ubuntu kernel: [ 1877.661640]  rcu_gp_kthread+0x4bc/0x890
Mar 14 11:29:18 ubuntu kernel: [ 1877.661642]  kthread+0x121/0x140
Mar 14 11:29:18 ubuntu kernel: [ 1877.661643]  ? rcu_note_context_switch+0x150/0x150
Mar 14 11:29:18 ubuntu kernel: [ 1877.661644]  ? kthread_create_worker_on_cpu+0x70/0x70
Mar 14 11:29:18 ubuntu kernel: [ 1877.661645]  ret_from_fork+0x1f/0x40
Mar 14 11:29:18 ubuntu kernel: [ 1877.661692] Sending NMI from CPU 1 to CPUs 0:
Mar 14 11:29:18 ubuntu kernel: [ 1877.662778] NMI backtrace for cpu 0
Mar 14 11:29:18 ubuntu kernel: [ 1877.662778] CPU: 0 PID: 10 Comm: rcu_sched Not tainted 4.18.0-15-generic #16~18.04.1-Ubuntu
Mar 14 11:29:18 ubuntu kernel: [ 1877.662779] Hardware name: innotek GmbH VirtualBox/VirtualBox, BIOS VirtualBox 12/01/2006
Mar 14 11:29:18 ubuntu kernel: [ 1877.662779] RIP: 0010:__pv_queued_spin_lock_slowpath+0xf7/0x290
Mar 14 11:29:18 ubuntu kernel: [ 1877.662779] Code: 00 00 3c 02 0f 94 c0 0f b6 c0 48 89 45 c8 41 c6 44 24 44 00 ba 00 80 00 00 c6 43 01 01 eb 0b f3 90 83 ea 01 0f 84 44 01 00 00 <0f> b6 03 84 c0 75 ee 44 89 f0 f0 66 44 0f b1 2b 66 3d 00 01 75 df 
Mar 14 11:29:18 ubuntu kernel: [ 1877.662786] RSP: 0000:ffff9ad480367e00 EFLAGS: 00010002
Mar 14 11:29:18 ubuntu kernel: [ 1877.662787] RAX: 0000000000000001 RBX: ffffffffa00b2440 RCX: 0000000000000001
Mar 14 11:29:18 ubuntu kernel: [ 1877.662787] RDX: 0000000000007c19 RSI: 0000000000000000 RDI: ffffffffa00b2440
Mar 14 11:29:18 ubuntu kernel: [ 1877.662787] RBP: ffff9ad480367e38 R08: ffff897a7fc1a7e8 R09: 0000000000000000
Mar 14 11:29:18 ubuntu kernel: [ 1877.662788] R10: 0000000000000000 R11: 0000000000000000 R12: ffff897a7fc23800
Mar 14 11:29:18 ubuntu kernel: [ 1877.662788] R13: 0000000000000001 R14: 0000000000000100 R15: 0000000000000000
Mar 14 11:29:18 ubuntu kernel: [ 1877.662788] FS:  0000000000000000(0000) GS:ffff897a7fc00000(0000) knlGS:0000000000000000
Mar 14 11:29:18 ubuntu kernel: [ 1877.662789] CS:  0010 DS: 0000 ES: 0000 CR0: 0000000080050033
Mar 14 11:29:18 ubuntu kernel: [ 1877.662789] CR2: 0000559501a7c3f8 CR3: 000000003a20a002 CR4: 00000000000206f0
Mar 14 11:29:18 ubuntu kernel: [ 1877.662789] Call Trace:
Mar 14 11:29:18 ubuntu kernel: [ 1877.662789]  _raw_spin_lock_irqsave+0x37/0x40
Mar 14 11:29:18 ubuntu kernel: [ 1877.662790]  force_qs_rnp+0x9e/0x160
Mar 14 11:29:18 ubuntu kernel: [ 1877.662790]  ? rcu_all_qs+0x40/0x40
Mar 14 11:29:18 ubuntu kernel: [ 1877.662790]  rcu_gp_kthread+0x383/0x890
Mar 14 11:29:18 ubuntu kernel: [ 1877.662790]  kthread+0x121/0x140
Mar 14 11:29:18 ubuntu kernel: [ 1877.662790]  ? rcu_note_context_switch+0x150/0x150
Mar 14 11:29:18 ubuntu kernel: [ 1877.662791]  ? kthread_create_worker_on_cpu+0x70/0x70
Mar 14 11:29:18 ubuntu kernel: [ 1877.662791]  ret_from_fork+0x1f/0x40
Mar 14 11:29:18 ubuntu kernel: [ 1877.662792] NMI backtrace for cpu 1
Mar 14 11:29:18 ubuntu kernel: [ 1877.662795] CPU: 1 PID: 29993 Comm: snap Not tainted 4.18.0-15-generic #16~18.04.1-Ubuntu
Mar 14 11:29:18 ubuntu kernel: [ 1877.662795] Hardware name: innotek GmbH VirtualBox/VirtualBox, BIOS VirtualBox 12/01/2006
Mar 14 11:29:18 ubuntu kernel: [ 1877.662796] Call Trace:
Mar 14 11:29:18 ubuntu kernel: [ 1877.662797]  <IRQ>
Mar 14 11:29:18 ubuntu kernel: [ 1877.662799]  dump_stack+0x63/0x85
Mar 14 11:29:18 ubuntu kernel: [ 1877.662800]  nmi_cpu_backtrace+0x94/0xa0
Mar 14 11:29:18 ubuntu kernel: [ 1877.662802]  ? lapic_can_unplug_cpu+0xb0/0xb0
Mar 14 11:29:18 ubuntu kernel: [ 1877.662803]  nmi_trigger_cpumask_backtrace+0xe7/0x130
Mar 14 11:29:18 ubuntu kernel: [ 1877.662804]  arch_trigger_cpumask_backtrace+0x19/0x20
Mar 14 11:29:18 ubuntu kernel: [ 1877.662805]  rcu_dump_cpu_stacks+0xa0/0xd2
Mar 14 11:29:18 ubuntu kernel: [ 1877.662806]  rcu_check_callbacks+0x666/0x8a0
Mar 14 11:29:18 ubuntu kernel: [ 1877.662807]  ? account_user_time+0x9e/0xb0
Mar 14 11:29:18 ubuntu kernel: [ 1877.662809]  ? tick_sched_do_timer+0x60/0x60
Mar 14 11:29:18 ubuntu kernel: [ 1877.662810]  update_process_times+0x2f/0x60
Mar 14 11:29:18 ubuntu kernel: [ 1877.662811]  tick_sched_handle+0x25/0x70
Mar 14 11:29:18 ubuntu kernel: [ 1877.662812]  ? tick_sched_do_timer+0x55/0x60
Mar 14 11:29:18 ubuntu kernel: [ 1877.662813]  tick_sched_timer+0x3c/0x80
Mar 14 11:29:18 ubuntu kernel: [ 1877.662814]  __hrtimer_run_queues+0x10f/0x280
Mar 14 11:29:18 ubuntu kernel: [ 1877.662815]  hrtimer_interrupt+0xe7/0x240
Mar 14 11:29:18 ubuntu kernel: [ 1877.662817]  smp_apic_timer_interrupt+0x6f/0x140
Mar 14 11:29:18 ubuntu kernel: [ 1877.662818]  apic_timer_interrupt+0xf/0x20
Mar 14 11:29:18 ubuntu kernel: [ 1877.662818]  </IRQ>
Mar 14 11:29:18 ubuntu kernel: [ 1877.662821] RIP: 0033:0x559501159ea6
Mar 14 11:29:18 ubuntu kernel: [ 1877.662821] Code: e8 df e9 ff ff e9 4a ff ff ff 48 8d bc 24 10 00 00 40 48 39 3b 75 8c 48 89 23 eb 87 cc cc cc cc cc cc cc cc 8b 44 24 08 f3 90 <83> e8 01 75 f9 c3 cc cc cc cc c3 cc cc cc cc cc cc cc cc cc cc cc 
Mar 14 11:29:18 ubuntu kernel: [ 1877.662840] RSP: 002b:00007ffd40b8a5c8 EFLAGS: 00010206 ORIG_RAX: ffffffffffffff13
Mar 14 11:29:18 ubuntu kernel: [ 1877.662841] RAX: 0000000000000001 RBX: 0000000000000008 RCX: 0000000000000004
Mar 14 11:29:18 ubuntu kernel: [ 1877.662842] RDX: 000000c000000180 RSI: 00007ffd40b8a5b0 RDI: 00007ffd40b8a55c
Mar 14 11:29:18 ubuntu kernel: [ 1877.662842] RBP: 00007ffd40b8a5c8 R08: 0000000000000002 R09: 00000221a595ac69
Mar 14 11:29:18 ubuntu kernel: [ 1877.662843] R10: 00007ffd40b8a5b0 R11: 0000000000000001 R12: 0000000000000032
Mar 14 11:29:18 ubuntu kernel: [ 1877.662843] R13: 000000c0000438a0 R14: 0000559501a9c769 R15: 0000000000000039
Mar 14 11:29:18 ubuntu kernel: [ 1877.971272] audit: type=1400 audit(1678764558.755:266): apparmor="STATUS" operation="profile_replace" profile="unconfined" name="/usr/lib/snapd/snap-confine" pid=30012 comm="apparmor_parser"
Mar 14 11:29:18 ubuntu kernel: [ 1877.989091] audit: type=1400 audit(1678764558.803:267): apparmor="STATUS" operation="profile_replace" profile="unconfined" name="/usr/lib/snapd/snap-confine//mount-namespace-capture-helper" pid=30012 comm="apparmor_parser"
Mar 14 11:29:21 ubuntu kernel: [ 1880.651044] audit: type=1400 audit(1678764561.463:268): apparmor="STATUS" operation="profile_replace" info="same as current profile, skipping" profile="unconfined" name="/snap/core/6350/usr/lib/snapd/snap-confine" pid=30270 comm="apparmor_parser"
Mar 14 11:29:21 ubuntu kernel: [ 1880.651073] audit: type=1400 audit(1678764561.463:269): apparmor="STATUS" operation="profile_replace" info="same as current profile, skipping" profile="unconfined" name="/snap/core/6350/usr/lib/snapd/snap-confine//mount-namespace-capture-helper" pid=30270 comm="apparmor_parser"
Mar 14 11:29:21 ubuntu kernel: [ 1880.994238] audit: type=1400 audit(1678764561.807:270): apparmor="STATUS" operation="profile_replace" profile="unconfined" name="snap-update-ns.gnome-system-monitor" pid=30278 comm="apparmor_parser"
Mar 14 11:29:21 ubuntu kernel: [ 1881.017787] audit: type=1400 audit(1678764561.827:271): apparmor="STATUS" operation="profile_replace" profile="unconfined" name="snap-update-ns.core" pid=30282 comm="apparmor_parser"
Mar 14 11:29:21 ubuntu kernel: [ 1881.110877] audit: type=1400 audit(1678764561.923:272): apparmor="STATUS" operation="profile_replace" profile="unconfined" name="snap.core.hook.configure" pid=30283 comm="apparmor_parser"
Mar 14 11:29:22 ubuntu kernel: [ 1881.222943] audit: type=1400 audit(1678764562.035:273): apparmor="STATUS" operation="profile_replace" profile="unconfined" name="snap.gnome-system-monitor.gnome-system-monitor" pid=30279 comm="apparmor_parser"
Mar 14 11:29:22 ubuntu kernel: [ 1881.303542] audit: type=1400 audit(1678764562.095:274): apparmor="STATUS" operation="profile_replace" profile="unconfined" name="snap-update-ns.gnome-calculator" pid=30284 comm="apparmor_parser"
Mar 14 11:29:22 ubuntu kernel: [ 1881.449658] audit: type=1400 audit(1678764562.259:275): apparmor="STATUS" operation="profile_replace" profile="unconfined" name="snap-update-ns.gnome-characters" pid=30286 comm="apparmor_parser"
Mar 14 11:29:23 ubuntu kernel: [ 1883.113278] kauditd_printk_skb: 14 callbacks suppressed
Mar 14 11:29:23 ubuntu kernel: [ 1883.113279] audit: type=1400 audit(1678764563.919:290): apparmor="STATUS" operation="profile_replace" info="same as current profile, skipping" profile="unconfined" name="snap.gnome-logs.gnome-logs" pid=30380 comm="apparmor_parser"
Mar 14 11:29:23 ubuntu kernel: [ 1883.152732] audit: type=1400 audit(1678764563.963:291): apparmor="STATUS" operation="profile_replace" info="same as current profile, skipping" profile="unconfined" name="snap.gnome-system-monitor.gnome-system-monitor" pid=30381 comm="apparmor_parser"
Mar 14 11:29:25 ubuntu kernel: [ 1884.732068] audit: type=1400 audit(1678764565.539:292): apparmor="STATUS" operation="profile_replace" info="same as current profile, skipping" profile="unconfined" name="/usr/sbin/cups-browsed" pid=30565 comm="apparmor_parser"
Mar 14 11:29:30 ubuntu kernel: [ 1889.837343] audit: type=1400 audit(1678764570.651:293): apparmor="STATUS" operation="profile_replace" profile="unconfined" name="/usr/bin/evince" pid=31002 comm="apparmor_parser"
Mar 14 11:29:30 ubuntu kernel: [ 1889.853385] audit: type=1400 audit(1678764570.667:294): apparmor="STATUS" operation="profile_replace" profile="unconfined" name="/usr/bin/evince//sanitized_helper" pid=31002 comm="apparmor_parser"
Mar 14 11:29:30 ubuntu kernel: [ 1889.854351] audit: type=1400 audit(1678764570.667:295): apparmor="STATUS" operation="profile_replace" profile="unconfined" name="/usr/bin/evince-previewer" pid=31002 comm="apparmor_parser"
Mar 14 11:29:30 ubuntu kernel: [ 1889.869060] audit: type=1400 audit(1678764570.683:296): apparmor="STATUS" operation="profile_replace" profile="unconfined" name="/usr/bin/evince-previewer//sanitized_helper" pid=31002 comm="apparmor_parser"
Mar 14 11:29:30 ubuntu kernel: [ 1889.870045] audit: type=1400 audit(1678764570.683:297): apparmor="STATUS" operation="profile_replace" profile="unconfined" name="/usr/bin/evince-thumbnailer" pid=31002 comm="apparmor_parser"
Mar 14 11:29:39 ubuntu kernel: [ 1898.943976] audit: type=1400 audit(1678764579.747:298): apparmor="STATUS" operation="profile_replace" info="same as current profile, skipping" profile="unconfined" name="libreoffice-oopslash" pid=31636 comm="apparmor_parser"
Mar 14 11:29:39 ubuntu kernel: [ 1898.961034] audit: type=1400 audit(1678764579.771:299): apparmor="STATUS" operation="profile_replace" info="same as current profile, skipping" profile="unconfined" name="libreoffice-senddoc" pid=31640 comm="apparmor_parser"
Mar 14 11:29:40 ubuntu kernel: [ 1899.247702] audit: type=1400 audit(1678764580.059:300): apparmor="STATUS" operation="profile_replace" profile="unconfined" name="libreoffice-soffice" pid=31644 comm="apparmor_parser"
Mar 14 11:29:40 ubuntu kernel: [ 1899.297122] audit: type=1400 audit(1678764580.111:301): apparmor="STATUS" operation="profile_replace" profile="unconfined" name="libreoffice-soffice//gpg" pid=31644 comm="apparmor_parser"
Mar 14 11:29:40 ubuntu kernel: [ 1899.312739] audit: type=1400 audit(1678764580.119:302): apparmor="STATUS" operation="profile_replace" info="same as current profile, skipping" profile="unconfined" name="libreoffice-xpdfimport" pid=31648 comm="apparmor_parser"
Mar 14 11:32:14 ubuntu kernel: [ 2053.815045] rfkill: input handler enabled
Mar 14 11:32:39 ubuntu kernel: [    0.000000] Linux version 5.4.0-144-generic (buildd@lcy02-amd64-069) (gcc version 7.5.0 (Ubuntu 7.5.0-3ubuntu1~18.04)) #161~18.04.1-Ubuntu SMP Fri Feb 10 15:55:22 UTC 2023 (Ubuntu 5.4.0-144.161~18.04.1-generic 5.4.229)
Mar 14 11:32:39 ubuntu kernel: [    0.000000] Command line: BOOT_IMAGE=/boot/vmlinuz-5.4.0-144-generic root=UUID=9a8a699a-d507-4555-99d4-801060a8d98d ro quiet splash
Mar 14 11:32:39 ubuntu kernel: [    0.000000] KERNEL supported cpus:
Mar 14 11:32:39 ubuntu kernel: [    0.000000]   Intel GenuineIntel
Mar 14 11:32:39 ubuntu kernel: [    0.000000]   AMD AuthenticAMD
Mar 14 11:32:39 ubuntu kernel: [    0.000000]   Hygon HygonGenuine
Mar 14 11:32:39 ubuntu kernel: [    0.000000]   Centaur CentaurHauls
Mar 14 11:32:39 ubuntu kernel: [    0.000000]   zhaoxin   Shanghai  
Mar 14 11:32:39 ubuntu kernel: [    0.000000] x86/fpu: x87 FPU will use FXSAVE
Mar 14 11:32:39 ubuntu kernel: [    0.000000] BIOS-provided physical RAM map:
Mar 14 11:32:39 ubuntu kernel: [    0.000000] BIOS-e820: [mem 0x0000000000000000-0x000000000009fbff] usable
Mar 14 11:32:39 ubuntu kernel: [    0.000000] BIOS-e820: [mem 0x000000000009fc00-0x000000000009ffff] reserved
Mar 14 11:32:39 ubuntu kernel: [    0.000000] BIOS-e820: [mem 0x00000000000f0000-0x00000000000fffff] reserved
Mar 14 11:32:39 ubuntu kernel: [    0.000000] BIOS-e820: [mem 0x0000000000100000-0x000000007ffeffff] usable
Mar 14 11:32:39 ubuntu kernel: [    0.000000] BIOS-e820: [mem 0x000000007fff0000-0x000000007fffffff] ACPI data
Mar 14 11:32:39 ubuntu kernel: [    0.000000] BIOS-e820: [mem 0x00000000fec00000-0x00000000fec00fff] reserved
Mar 14 11:32:39 ubuntu kernel: [    0.000000] BIOS-e820: [mem 0x00000000fee00000-0x00000000fee00fff] reserved
Mar 14 11:32:39 ubuntu kernel: [    0.000000] BIOS-e820: [mem 0x00000000fffc0000-0x00000000ffffffff] reserved
Mar 14 11:32:39 ubuntu kernel: [    0.000000] NX (Execute Disable) protection: active
Mar 14 11:32:39 ubuntu kernel: [    0.000000] SMBIOS 2.5 present.
Mar 14 11:32:39 ubuntu kernel: [    0.000000] DMI: innotek GmbH VirtualBox/VirtualBox, BIOS VirtualBox 12/01/2006
Mar 14 11:32:39 ubuntu kernel: [    0.000000] Hypervisor detected: KVM
Mar 14 11:32:39 ubuntu kernel: [    0.000000] kvm-clock: Using msrs 4b564d01 and 4b564d00
Mar 14 11:32:39 ubuntu kernel: [    0.000000] kvm-clock: cpu 0, msr 7e001001, primary cpu clock
Mar 14 11:32:39 ubuntu kernel: [    0.000000] kvm-clock: using sched offset of 4502558447 cycles
Mar 14 11:32:39 ubuntu kernel: [    0.000002] clocksource: kvm-clock: mask: 0xffffffffffffffff max_cycles: 0x1cd42e4dffb, max_idle_ns: 881590591483 ns
Mar 14 11:32:39 ubuntu kernel: [    0.000003] tsc: Detected 2495.998 MHz processor
Mar 14 11:32:39 ubuntu kernel: [    0.003697] e820: update [mem 0x00000000-0x00000fff] usable ==> reserved
Mar 14 11:32:39 ubuntu kernel: [    0.003699] e820: remove [mem 0x000a0000-0x000fffff] usable
Mar 14 11:32:39 ubuntu kernel: [    0.003702] last_pfn = 0x7fff0 max_arch_pfn = 0x400000000
Mar 14 11:32:39 ubuntu kernel: [    0.003737] MTRR default type: uncachable
Mar 14 11:32:39 ubuntu kernel: [    0.003738] MTRR fixed ranges disabled:
Mar 14 11:32:39 ubuntu kernel: [    0.003738]   00000-FFFFF uncachable
Mar 14 11:32:39 ubuntu kernel: [    0.003739] MTRR variable ranges disabled:
Mar 14 11:32:39 ubuntu kernel: [    0.003739]   0 disabled
Mar 14 11:32:39 ubuntu kernel: [    0.003739]   1 disabled
Mar 14 11:32:39 ubuntu kernel: [    0.003740]   2 disabled
Mar 14 11:32:39 ubuntu kernel: [    0.003740]   3 disabled
Mar 14 11:32:39 ubuntu kernel: [    0.003740]   4 disabled
Mar 14 11:32:39 ubuntu kernel: [    0.003740]   5 disabled
Mar 14 11:32:39 ubuntu kernel: [    0.003741]   6 disabled
Mar 14 11:32:39 ubuntu kernel: [    0.003741]   7 disabled
Mar 14 11:32:39 ubuntu kernel: [    0.003746] Disabled
Mar 14 11:32:39 ubuntu kernel: [    0.003747] x86/PAT: MTRRs disabled, skipping PAT initialization too.
Mar 14 11:32:39 ubuntu kernel: [    0.003750] CPU MTRRs all blank - virtualized system.
Mar 14 11:32:39 ubuntu kernel: [    0.003752] x86/PAT: Configuration [0-7]: WB  WT  UC- UC  WB  WT  UC- UC  
Mar 14 11:32:39 ubuntu kernel: [    0.003792] found SMP MP-table at [mem 0x0009fff0-0x0009ffff]
Mar 14 11:32:39 ubuntu kernel: [    0.020894] check: Scanning 1 areas for low memory corruption
Mar 14 11:32:39 ubuntu kernel: [    0.021009] RAMDISK: [mem 0x328db000-0x35464fff]
Mar 14 11:32:39 ubuntu kernel: [    0.021013] ACPI: Early table checksum verification disabled
Mar 14 11:32:39 ubuntu kernel: [    0.021017] ACPI: RSDP 0x00000000000E0000 000024 (v02 VBOX  )
Mar 14 11:32:39 ubuntu kernel: [    0.021019] ACPI: XSDT 0x000000007FFF0030 00003C (v01 VBOX   VBOXXSDT 00000001 ASL  00000061)
Mar 14 11:32:39 ubuntu kernel: [    0.021024] ACPI: FACP 0x000000007FFF00F0 0000F4 (v04 VBOX   VBOXFACP 00000001 ASL  00000061)
Mar 14 11:32:39 ubuntu kernel: [    0.021027] ACPI: DSDT 0x000000007FFF0610 002353 (v02 VBOX   VBOXBIOS 00000002 INTL 20100528)
Mar 14 11:32:39 ubuntu kernel: [    0.021029] ACPI: FACS 0x000000007FFF0200 000040
Mar 14 11:32:39 ubuntu kernel: [    0.021031] ACPI: FACS 0x000000007FFF0200 000040
Mar 14 11:32:39 ubuntu kernel: [    0.021033] ACPI: APIC 0x000000007FFF0240 00005C (v02 VBOX   VBOXAPIC 00000001 ASL  00000061)
Mar 14 11:32:39 ubuntu kernel: [    0.021034] ACPI: SSDT 0x000000007FFF02A0 00036C (v01 VBOX   VBOXCPUT 00000002 INTL 20100528)
Mar 14 11:32:39 ubuntu kernel: [    0.021036] ACPI: Reserving FACP table memory at [mem 0x7fff00f0-0x7fff01e3]
Mar 14 11:32:39 ubuntu kernel: [    0.021037] ACPI: Reserving DSDT table memory at [mem 0x7fff0610-0x7fff2962]
Mar 14 11:32:39 ubuntu kernel: [    0.021037] ACPI: Reserving FACS table memory at [mem 0x7fff0200-0x7fff023f]
Mar 14 11:32:39 ubuntu kernel: [    0.021038] ACPI: Reserving FACS table memory at [mem 0x7fff0200-0x7fff023f]
Mar 14 11:32:39 ubuntu kernel: [    0.021038] ACPI: Reserving APIC table memory at [mem 0x7fff0240-0x7fff029b]
Mar 14 11:32:39 ubuntu kernel: [    0.021038] ACPI: Reserving SSDT table memory at [mem 0x7fff02a0-0x7fff060b]
Mar 14 11:32:39 ubuntu kernel: [    0.021062] ACPI: Local APIC address 0xfee00000
Mar 14 11:32:39 ubuntu kernel: [    0.021667] No NUMA configuration found
Mar 14 11:32:39 ubuntu kernel: [    0.021668] Faking a node at [mem 0x0000000000000000-0x000000007ffeffff]
Mar 14 11:32:39 ubuntu kernel: [    0.021673] NODE_DATA(0) allocated [mem 0x7ffc5000-0x7ffeffff]
Mar 14 11:32:39 ubuntu kernel: [    0.021801] Zone ranges:
Mar 14 11:32:39 ubuntu kernel: [    0.021802]   DMA      [mem 0x0000000000001000-0x0000000000ffffff]
Mar 14 11:32:39 ubuntu kernel: [    0.021803]   DMA32    [mem 0x0000000001000000-0x000000007ffeffff]
Mar 14 11:32:39 ubuntu kernel: [    0.021803]   Normal   empty
Mar 14 11:32:39 ubuntu kernel: [    0.021803]   Device   empty
Mar 14 11:32:39 ubuntu kernel: [    0.021804] Movable zone start for each node
Mar 14 11:32:39 ubuntu kernel: [    0.021805] Early memory node ranges
Mar 14 11:32:39 ubuntu kernel: [    0.021805]   node   0: [mem 0x0000000000001000-0x000000000009efff]
Mar 14 11:32:39 ubuntu kernel: [    0.021806]   node   0: [mem 0x0000000000100000-0x000000007ffeffff]
Mar 14 11:32:39 ubuntu kernel: [    0.021844] Zeroed struct page in unavailable ranges: 114 pages
Mar 14 11:32:39 ubuntu kernel: [    0.021845] Initmem setup node 0 [mem 0x0000000000001000-0x000000007ffeffff]
Mar 14 11:32:39 ubuntu kernel: [    0.021846] On node 0 totalpages: 524174
Mar 14 11:32:39 ubuntu kernel: [    0.021847]   DMA zone: 64 pages used for memmap
Mar 14 11:32:39 ubuntu kernel: [    0.021847]   DMA zone: 21 pages reserved
Mar 14 11:32:39 ubuntu kernel: [    0.021847]   DMA zone: 3998 pages, LIFO batch:0
Mar 14 11:32:39 ubuntu kernel: [    0.022306]   DMA32 zone: 8128 pages used for memmap
Mar 14 11:32:39 ubuntu kernel: [    0.022307]   DMA32 zone: 520176 pages, LIFO batch:63
Mar 14 11:32:39 ubuntu kernel: [    0.090266] ACPI: PM-Timer IO Port: 0x4008
Mar 14 11:32:39 ubuntu kernel: [    0.090269] ACPI: Local APIC address 0xfee00000
Mar 14 11:32:39 ubuntu kernel: [    0.090451] IOAPIC[0]: apic_id 2, version 32, address 0xfec00000, GSI 0-23
Mar 14 11:32:39 ubuntu kernel: [    0.090453] ACPI: INT_SRC_OVR (bus 0 bus_irq 0 global_irq 2 dfl dfl)
Mar 14 11:32:39 ubuntu kernel: [    0.090454] ACPI: INT_SRC_OVR (bus 0 bus_irq 9 global_irq 9 low level)
Mar 14 11:32:39 ubuntu kernel: [    0.090455] ACPI: IRQ0 used by override.
Mar 14 11:32:39 ubuntu kernel: [    0.090456] ACPI: IRQ9 used by override.
Mar 14 11:32:39 ubuntu kernel: [    0.090458] Using ACPI (MADT) for SMP configuration information
Mar 14 11:32:39 ubuntu kernel: [    0.090476] smpboot: Allowing 2 CPUs, 0 hotplug CPUs
Mar 14 11:32:39 ubuntu kernel: [    0.090535] PM: Registered nosave memory: [mem 0x00000000-0x00000fff]
Mar 14 11:32:39 ubuntu kernel: [    0.090536] PM: Registered nosave memory: [mem 0x0009f000-0x0009ffff]
Mar 14 11:32:39 ubuntu kernel: [    0.090536] PM: Registered nosave memory: [mem 0x000a0000-0x000effff]
Mar 14 11:32:39 ubuntu kernel: [    0.090537] PM: Registered nosave memory: [mem 0x000f0000-0x000fffff]
Mar 14 11:32:39 ubuntu kernel: [    0.090537] [mem 0x80000000-0xfebfffff] available for PCI devices
Mar 14 11:32:39 ubuntu kernel: [    0.090538] Booting paravirtualized kernel on KVM
Mar 14 11:32:39 ubuntu kernel: [    0.090539] clocksource: refined-jiffies: mask: 0xffffffff max_cycles: 0xffffffff, max_idle_ns: 7645519600211568 ns
Mar 14 11:32:39 ubuntu kernel: [    0.090542] setup_percpu: NR_CPUS:8192 nr_cpumask_bits:2 nr_cpu_ids:2 nr_node_ids:1
Mar 14 11:32:39 ubuntu kernel: [    0.090677] percpu: Embedded 60 pages/cpu s208896 r8192 d28672 u1048576
Mar 14 11:32:39 ubuntu kernel: [    0.090680] pcpu-alloc: s208896 r8192 d28672 u1048576 alloc=1*2097152
Mar 14 11:32:39 ubuntu kernel: [    0.090680] pcpu-alloc: [0] 0 1 
Mar 14 11:32:39 ubuntu kernel: [    0.090729] PV qspinlock hash table entries: 256 (order: 0, 4096 bytes, linear)
Mar 14 11:32:39 ubuntu kernel: [    0.090740] Built 1 zonelists, mobility grouping on.  Total pages: 515961
Mar 14 11:32:39 ubuntu kernel: [    0.090741] Policy zone: DMA32
Mar 14 11:32:39 ubuntu kernel: [    0.090742] Kernel command line: BOOT_IMAGE=/boot/vmlinuz-5.4.0-144-generic root=UUID=9a8a699a-d507-4555-99d4-801060a8d98d ro quiet splash
Mar 14 11:32:39 ubuntu kernel: [    0.090922] Dentry cache hash table entries: 262144 (order: 9, 2097152 bytes, linear)
Mar 14 11:32:39 ubuntu kernel: [    0.090980] Inode-cache hash table entries: 131072 (order: 8, 1048576 bytes, linear)
Mar 14 11:32:39 ubuntu kernel: [    0.091013] mem auto-init: stack:off, heap alloc:on, heap free:off
Mar 14 11:32:39 ubuntu kernel: [    0.091015] Calgary: detecting Calgary via BIOS EBDA area
Mar 14 11:32:39 ubuntu kernel: [    0.091016] Calgary: Unable to locate Rio Grande table in EBDA - bailing!
Mar 14 11:32:39 ubuntu kernel: [    0.093911] Memory: 1978564K/2096696K available (14339K kernel code, 2375K rwdata, 9464K rodata, 2748K init, 4980K bss, 118132K reserved, 0K cma-reserved)
Mar 14 11:32:39 ubuntu kernel: [    0.094247] SLUB: HWalign=64, Order=0-3, MinObjects=0, CPUs=2, Nodes=1
Mar 14 11:32:39 ubuntu kernel: [    0.094266] ftrace: allocating 44361 entries in 174 pages
Mar 14 11:32:39 ubuntu kernel: [    0.108139] rcu: Hierarchical RCU implementation.
Mar 14 11:32:39 ubuntu kernel: [    0.108141] rcu: 	RCU restricting CPUs from NR_CPUS=8192 to nr_cpu_ids=2.
Mar 14 11:32:39 ubuntu kernel: [    0.108141] 	Tasks RCU enabled.
Mar 14 11:32:39 ubuntu kernel: [    0.108142] rcu: RCU calculated value of scheduler-enlistment delay is 25 jiffies.
Mar 14 11:32:39 ubuntu kernel: [    0.108142] rcu: Adjusting geometry for rcu_fanout_leaf=16, nr_cpu_ids=2
Mar 14 11:32:39 ubuntu kernel: [    0.110360] NR_IRQS: 524544, nr_irqs: 440, preallocated irqs: 16
Mar 14 11:32:39 ubuntu kernel: [    0.110693] random: crng init done
Mar 14 11:32:39 ubuntu kernel: [    0.145745] Console: colour VGA+ 80x25
Mar 14 11:32:39 ubuntu kernel: [    0.145747] printk: console [tty0] enabled
Mar 14 11:32:39 ubuntu kernel: [    0.145763] ACPI: Core revision 20190816
Mar 14 11:32:39 ubuntu kernel: [    0.145901] APIC: Switch to symmetric I/O mode setup
Mar 14 11:32:39 ubuntu kernel: [    0.154729] ..TIMER: vector=0x30 apic1=0 pin1=2 apic2=-1 pin2=-1
Mar 14 11:32:39 ubuntu kernel: [    0.154884] clocksource: tsc-early: mask: 0xffffffffffffffff max_cycles: 0x23fa754787d, max_idle_ns: 440795210092 ns
Mar 14 11:32:39 ubuntu kernel: [    0.154888] Calibrating delay loop (skipped) preset value.. 4991.99 BogoMIPS (lpj=9983992)
Mar 14 11:32:39 ubuntu kernel: [    0.154890] pid_max: default: 32768 minimum: 301
Mar 14 11:32:39 ubuntu kernel: [    0.154915] LSM: Security Framework initializing
Mar 14 11:32:39 ubuntu kernel: [    0.154923] Yama: becoming mindful.
Mar 14 11:32:39 ubuntu kernel: [    0.154939] AppArmor: AppArmor initialized
Mar 14 11:32:39 ubuntu kernel: [    0.154966] Mount-cache hash table entries: 4096 (order: 3, 32768 bytes, linear)
Mar 14 11:32:39 ubuntu kernel: [    0.154968] Mountpoint-cache hash table entries: 4096 (order: 3, 32768 bytes, linear)
Mar 14 11:32:39 ubuntu kernel: [    0.154980] *** VALIDATE tmpfs ***
Mar 14 11:32:39 ubuntu kernel: [    0.155081] *** VALIDATE proc ***
Mar 14 11:32:39 ubuntu kernel: [    0.155115] *** VALIDATE cgroup1 ***
Mar 14 11:32:39 ubuntu kernel: [    0.155116] *** VALIDATE cgroup2 ***
Mar 14 11:32:39 ubuntu kernel: [    0.156035] Last level iTLB entries: 4KB 0, 2MB 0, 4MB 0
Mar 14 11:32:39 ubuntu kernel: [    0.156036] Last level dTLB entries: 4KB 0, 2MB 0, 4MB 0, 1GB 0
Mar 14 11:32:39 ubuntu kernel: [    0.156039] Spectre V1 : Mitigation: usercopy/swapgs barriers and __user pointer sanitization
Mar 14 11:32:39 ubuntu kernel: [    0.156041] Spectre V2 : Mitigation: Enhanced IBRS
Mar 14 11:32:39 ubuntu kernel: [    0.156041] Spectre V2 : Spectre v2 / SpectreRSB mitigation: Filling RSB on context switch
Mar 14 11:32:39 ubuntu kernel: [    0.156042] Spectre V2 : Spectre v2 / PBRSB-eIBRS: Retire a single CALL on VMEXIT
Mar 14 11:32:39 ubuntu kernel: [    0.156042] RETBleed: Mitigation: Enhanced IBRS
Mar 14 11:32:39 ubuntu kernel: [    0.156042] Speculative Store Bypass: Vulnerable
Mar 14 11:32:39 ubuntu kernel: [    0.156207] Freeing SMP alternatives memory: 40K
Mar 14 11:32:39 ubuntu kernel: [    0.269710] smpboot: CPU0: 12th Gen Intel(R) Core(TM) i5-12400 (family: 0x6, model: 0x97, stepping: 0x2)
Mar 14 11:32:39 ubuntu kernel: [    0.269793] Performance Events: unsupported p6 CPU model 151 no PMU driver, software events only.
Mar 14 11:32:39 ubuntu kernel: [    0.269811] rcu: Hierarchical SRCU implementation.
Mar 14 11:32:39 ubuntu kernel: [    0.269946] NMI watchdog: Perf NMI watchdog permanently disabled
Mar 14 11:32:39 ubuntu kernel: [    0.269972] smp: Bringing up secondary CPUs ...
Mar 14 11:32:39 ubuntu kernel: [    0.270021] x86: Booting SMP configuration:
Mar 14 11:32:39 ubuntu kernel: [    0.270021] .... node  #0, CPUs:      #1
Mar 14 11:32:39 ubuntu kernel: [    0.048202] kvm-clock: cpu 1, msr 7e001041, secondary cpu clock
Mar 14 11:32:39 ubuntu kernel: [    0.270885] TSC synchronization [CPU#0 -> CPU#1]:
Mar 14 11:32:39 ubuntu kernel: [    0.270885] Measured 37541 cycles TSC warp between CPUs, turning off TSC clock.
Mar 14 11:32:39 ubuntu kernel: [    0.270885] tsc: Marking TSC unstable due to check_tsc_sync_source failed
Mar 14 11:32:39 ubuntu kernel: [    0.271196] smp: Brought up 1 node, 2 CPUs
Mar 14 11:32:39 ubuntu kernel: [    0.271197] smpboot: Max logical packages: 1
Mar 14 11:32:39 ubuntu kernel: [    0.271198] smpboot: Total of 2 processors activated (9983.99 BogoMIPS)
Mar 14 11:32:39 ubuntu kernel: [    0.271338] devtmpfs: initialized
Mar 14 11:32:39 ubuntu kernel: [    0.271338] x86/mm: Memory block size: 128MB
Mar 14 11:32:39 ubuntu kernel: [    0.271338] clocksource: jiffies: mask: 0xffffffff max_cycles: 0xffffffff, max_idle_ns: 7645041785100000 ns
Mar 14 11:32:39 ubuntu kernel: [    0.271338] futex hash table entries: 512 (order: 3, 32768 bytes, linear)
Mar 14 11:32:39 ubuntu kernel: [    0.271338] pinctrl core: initialized pinctrl subsystem
Mar 14 11:32:39 ubuntu kernel: [    0.271338] PM: RTC time: 03:32:34, date: 2023-03-14
Mar 14 11:32:39 ubuntu kernel: [    0.271522] NET: Registered protocol family 16
Mar 14 11:32:39 ubuntu kernel: [    0.271558] audit: initializing netlink subsys (disabled)
Mar 14 11:32:39 ubuntu kernel: [    0.271626] audit: type=2000 audit(1678764760.848:1): state=initialized audit_enabled=0 res=1
Mar 14 11:32:39 ubuntu kernel: [    0.274905] EISA bus registered
Mar 14 11:32:39 ubuntu kernel: [    0.274911] cpuidle: using governor ladder
Mar 14 11:32:39 ubuntu kernel: [    0.274913] cpuidle: using governor menu
Mar 14 11:32:39 ubuntu kernel: [    0.274952] ACPI: bus type PCI registered
Mar 14 11:32:39 ubuntu kernel: [    0.274954] acpiphp: ACPI Hot Plug PCI Controller Driver version: 0.5
Mar 14 11:32:39 ubuntu kernel: [    0.275158] PCI: Using configuration type 1 for base access
Mar 14 11:32:39 ubuntu kernel: [    0.276542] HugeTLB registered 2.00 MiB page size, pre-allocated 0 pages
Mar 14 11:32:39 ubuntu kernel: [    0.295053] ACPI: Added _OSI(Module Device)
Mar 14 11:32:39 ubuntu kernel: [    0.295053] ACPI: Added _OSI(Processor Device)
Mar 14 11:32:39 ubuntu kernel: [    0.295053] ACPI: Added _OSI(3.0 _SCP Extensions)
Mar 14 11:32:39 ubuntu kernel: [    0.295053] ACPI: Added _OSI(Processor Aggregator Device)
Mar 14 11:32:39 ubuntu kernel: [    0.295053] ACPI: Added _OSI(Linux-Dell-Video)
Mar 14 11:32:39 ubuntu kernel: [    0.295053] ACPI: Added _OSI(Linux-Lenovo-NV-HDMI-Audio)
Mar 14 11:32:39 ubuntu kernel: [    0.295053] ACPI: Added _OSI(Linux-HPI-Hybrid-Graphics)
Mar 14 11:32:39 ubuntu kernel: [    0.296077] ACPI: 2 ACPI AML tables successfully acquired and loaded
Mar 14 11:32:39 ubuntu kernel: [    0.300198] ACPI: Interpreter enabled
Mar 14 11:32:39 ubuntu kernel: [    0.300204] ACPI: (supports S0 S5)
Mar 14 11:32:39 ubuntu kernel: [    0.300205] ACPI: Using IOAPIC for interrupt routing
Mar 14 11:32:39 ubuntu kernel: [    0.300387] PCI: Using host bridge windows from ACPI; if necessary, use "pci=nocrs" and report a bug
Mar 14 11:32:39 ubuntu kernel: [    0.300465] ACPI: Enabled 2 GPEs in block 00 to 07
Mar 14 11:32:39 ubuntu kernel: [    0.303827] ACPI: PCI Root Bridge [PCI0] (domain 0000 [bus 00-ff])
Mar 14 11:32:39 ubuntu kernel: [    0.303829] acpi PNP0A03:00: _OSC: OS supports [ASPM ClockPM Segments MSI HPX-Type3]
Mar 14 11:32:39 ubuntu kernel: [    0.304190] acpi PNP0A03:00: _OSC: not requesting OS control; OS requires [ExtendedConfig ASPM ClockPM MSI]
Mar 14 11:32:39 ubuntu kernel: [    0.304195] acpi PNP0A03:00: fail to add MMCONFIG information, can't access extended PCI configuration space under this bridge.
Mar 14 11:32:39 ubuntu kernel: [    0.304506] PCI host bridge to bus 0000:00
Mar 14 11:32:39 ubuntu kernel: [    0.304507] pci_bus 0000:00: root bus resource [io  0x0000-0x0cf7 window]
Mar 14 11:32:39 ubuntu kernel: [    0.304508] pci_bus 0000:00: root bus resource [io  0x0d00-0xffff window]
Mar 14 11:32:39 ubuntu kernel: [    0.304508] pci_bus 0000:00: root bus resource [mem 0x000a0000-0x000bffff window]
Mar 14 11:32:39 ubuntu kernel: [    0.304509] pci_bus 0000:00: root bus resource [mem 0x80000000-0xfdffffff window]
Mar 14 11:32:39 ubuntu kernel: [    0.304510] pci_bus 0000:00: root bus resource [bus 00-ff]
Mar 14 11:32:39 ubuntu kernel: [    0.304573] pci 0000:00:00.0: [8086:1237] type 00 class 0x060000
Mar 14 11:32:39 ubuntu kernel: [    0.307329] pci 0000:00:01.0: [8086:7000] type 00 class 0x060100
Mar 14 11:32:39 ubuntu kernel: [    0.308712] pci 0000:00:01.1: [8086:7111] type 00 class 0x01018a
Mar 14 11:32:39 ubuntu kernel: [    0.309476] pci 0000:00:01.1: reg 0x20: [io  0xd000-0xd00f]
Mar 14 11:32:39 ubuntu kernel: [    0.309926] pci 0000:00:01.1: legacy IDE quirk: reg 0x10: [io  0x01f0-0x01f7]
Mar 14 11:32:39 ubuntu kernel: [    0.309927] pci 0000:00:01.1: legacy IDE quirk: reg 0x14: [io  0x03f6]
Mar 14 11:32:39 ubuntu kernel: [    0.309928] pci 0000:00:01.1: legacy IDE quirk: reg 0x18: [io  0x0170-0x0177]
Mar 14 11:32:39 ubuntu kernel: [    0.309929] pci 0000:00:01.1: legacy IDE quirk: reg 0x1c: [io  0x0376]
Mar 14 11:32:39 ubuntu kernel: [    0.312309] pci 0000:00:02.0: [15ad:0405] type 00 class 0x030000
Mar 14 11:32:39 ubuntu kernel: [    0.313438] pci 0000:00:02.0: reg 0x10: [io  0xd010-0xd01f]
Mar 14 11:32:39 ubuntu kernel: [    0.314277] pci 0000:00:02.0: reg 0x14: [mem 0xe0000000-0xe0ffffff pref]
Mar 14 11:32:39 ubuntu kernel: [    0.314885] pci 0000:00:02.0: reg 0x18: [mem 0xf0000000-0xf01fffff]
Mar 14 11:32:39 ubuntu kernel: [    0.318885] pci 0000:00:03.0: [8086:100e] type 00 class 0x020000
Mar 14 11:32:39 ubuntu kernel: [    0.318932] pci 0000:00:03.0: reg 0x10: [mem 0xf0200000-0xf021ffff]
Mar 14 11:32:39 ubuntu kernel: [    0.319185] pci 0000:00:03.0: reg 0x18: [io  0xd020-0xd027]
Mar 14 11:32:39 ubuntu kernel: [    0.323238] pci 0000:00:04.0: [80ee:cafe] type 00 class 0x088000
Mar 14 11:32:39 ubuntu kernel: [    0.323834] pci 0000:00:04.0: reg 0x10: [io  0xd040-0xd05f]
Mar 14 11:32:39 ubuntu kernel: [    0.324210] pci 0000:00:04.0: reg 0x14: [mem 0xf0400000-0xf07fffff]
Mar 14 11:32:39 ubuntu kernel: [    0.324592] pci 0000:00:04.0: reg 0x18: [mem 0xf0800000-0xf0803fff pref]
Mar 14 11:32:39 ubuntu kernel: [    0.328606] pci 0000:00:05.0: [8086:2415] type 00 class 0x040100
Mar 14 11:32:39 ubuntu kernel: [    0.328842] pci 0000:00:05.0: reg 0x10: [io  0xd100-0xd1ff]
Mar 14 11:32:39 ubuntu kernel: [    0.328948] pci 0000:00:05.0: reg 0x14: [io  0xd200-0xd23f]
Mar 14 11:32:39 ubuntu kernel: [    0.331180] pci 0000:00:06.0: [106b:003f] type 00 class 0x0c0310
Mar 14 11:32:39 ubuntu kernel: [    0.331487] pci 0000:00:06.0: reg 0x10: [mem 0xf0804000-0xf0804fff]
Mar 14 11:32:39 ubuntu kernel: [    0.334885] pci 0000:00:07.0: [8086:7113] type 00 class 0x068000
Mar 14 11:32:39 ubuntu kernel: [    0.335461] pci 0000:00:07.0: quirk: [io  0x4000-0x403f] claimed by PIIX4 ACPI
Mar 14 11:32:39 ubuntu kernel: [    0.335477] pci 0000:00:07.0: quirk: [io  0x4100-0x410f] claimed by PIIX4 SMB
Mar 14 11:32:39 ubuntu kernel: [    0.342921] pci 0000:00:0b.0: [8086:265c] type 00 class 0x0c0320
Mar 14 11:32:39 ubuntu kernel: [    0.343179] pci 0000:00:0b.0: reg 0x10: [mem 0xf0805000-0xf0805fff]
Mar 14 11:32:39 ubuntu kernel: [    0.347591] pci 0000:00:0d.0: [8086:2829] type 00 class 0x010601
Mar 14 11:32:39 ubuntu kernel: [    0.347909] pci 0000:00:0d.0: reg 0x10: [io  0xd240-0xd247]
Mar 14 11:32:39 ubuntu kernel: [    0.348037] pci 0000:00:0d.0: reg 0x14: [io  0xd248-0xd24b]
Mar 14 11:32:39 ubuntu kernel: [    0.348160] pci 0000:00:0d.0: reg 0x18: [io  0xd250-0xd257]
Mar 14 11:32:39 ubuntu kernel: [    0.348284] pci 0000:00:0d.0: reg 0x1c: [io  0xd258-0xd25b]
Mar 14 11:32:39 ubuntu kernel: [    0.348407] pci 0000:00:0d.0: reg 0x20: [io  0xd260-0xd26f]
Mar 14 11:32:39 ubuntu kernel: [    0.348531] pci 0000:00:0d.0: reg 0x24: [mem 0xf0806000-0xf0807fff]
Mar 14 11:32:39 ubuntu kernel: [    0.390885] ACPI: PCI Interrupt Link [LNKA] (IRQs 5 9 10 *11)
Mar 14 11:32:39 ubuntu kernel: [    0.390885] ACPI: PCI Interrupt Link [LNKB] (IRQs 5 9 *10 11)
Mar 14 11:32:39 ubuntu kernel: [    0.390885] ACPI: PCI Interrupt Link [LNKC] (IRQs 5 *9 10 11)
Mar 14 11:32:39 ubuntu kernel: [    0.391023] ACPI: PCI Interrupt Link [LNKD] (IRQs 5 9 10 *11)
