Mar 14 10:58:03 ubuntu systemd[1]: Started Create list of required static device nodes for the current kernel.
Mar 14 10:58:03 ubuntu systemd-modules-load[237]: Inserted module 'lp'
Mar 14 10:58:03 ubuntu systemd[1]: Starting Create Static Device Nodes in /dev...
Mar 14 10:58:03 ubuntu systemd[1]: Mounted Huge Pages File System.
Mar 14 10:58:03 ubuntu systemd[1]: Mounted POSIX Message Queue File System.
Mar 14 10:58:03 ubuntu systemd[1]: Mounted Kernel Debug File System.
Mar 14 10:58:03 ubuntu systemd[1]: Started Remount Root and Kernel File Systems.
Mar 14 10:58:03 ubuntu systemd[1]: Activating swap /swapfile...
Mar 14 10:58:03 ubuntu systemd-modules-load[237]: Inserted module 'ppdev'
Mar 14 10:58:03 ubuntu systemd[1]: Starting Load/Save Random Seed...
Mar 14 10:58:03 ubuntu systemd[1]: Starting Flush Journal to Persistent Storage...
Mar 14 10:58:03 ubuntu systemd-modules-load[237]: Inserted module 'parport_pc'
Mar 14 10:58:03 ubuntu systemd[1]: Started Load Kernel Modules.
Mar 14 10:58:03 ubuntu systemd[1]: Mounting FUSE Control File System...
Mar 14 10:58:03 ubuntu systemd[1]: Starting Apply Kernel Variables...
Mar 14 10:58:03 ubuntu systemd[1]: Mounting Kernel Configuration File System...
Mar 14 10:58:03 ubuntu systemd[1]: Mounted Kernel Configuration File System.
Mar 14 10:58:03 ubuntu systemd[1]: Mounted FUSE Control File System.
Mar 14 10:58:03 ubuntu systemd[1]: Started Load/Save Random Seed.
Mar 14 10:58:03 ubuntu systemd[1]: Started Flush Journal to Persistent Storage.
Mar 14 10:58:03 ubuntu systemd[1]: Activated swap /swapfile.
Mar 14 10:58:03 ubuntu systemd[1]: Reached target Swap.
Mar 14 10:58:03 ubuntu systemd[1]: Started Set the console keyboard layout.
Mar 14 10:58:03 ubuntu systemd[1]: Started Create Static Device Nodes in /dev.
Mar 14 10:58:03 ubuntu systemd[1]: Reached target Local File Systems (Pre).
Mar 14 10:58:03 ubuntu systemd[1]: Reached target Local File Systems.
Mar 14 10:58:03 ubuntu systemd[1]: Starting AppArmor initialization...
Mar 14 10:58:03 ubuntu systemd[1]: Starting Tell Plymouth To Write Out Runtime Data...
Mar 14 10:58:03 ubuntu systemd[1]: Starting Create Volatile Files and Directories...
Mar 14 10:58:03 ubuntu systemd[1]: Starting Commit a transient machine-id on disk...
Mar 14 10:58:03 ubuntu systemd[1]: Starting Set console font and keymap...
Mar 14 10:58:03 ubuntu systemd[1]: Starting Clean up any mess left by 0dns-up...
Mar 14 10:58:03 ubuntu systemd[1]: Starting udev Kernel Device Manager...
Mar 14 10:58:03 ubuntu systemd[1]: Started Set console font and keymap.
Mar 14 10:58:03 ubuntu systemd[1]: Started Tell Plymouth To Write Out Runtime Data.
Mar 14 10:58:03 ubuntu systemd[1]: Started Create Volatile Files and Directories.
Mar 14 10:58:03 ubuntu systemd[1]: Starting Network Name Resolution...
Mar 14 10:58:03 ubuntu systemd[1]: Starting Network Time Synchronization...
Mar 14 10:58:03 ubuntu systemd[1]: Starting Update UTMP about System Boot/Shutdown...
Mar 14 10:58:03 ubuntu systemd[1]: Started Commit a transient machine-id on disk.
Mar 14 10:58:03 ubuntu systemd[1]: Started Update UTMP about System Boot/Shutdown.
Mar 14 10:58:03 ubuntu apparmor[264]:  * Starting AppArmor profiles
Mar 14 10:58:03 ubuntu systemd[1]: Started Apply Kernel Variables.
Mar 14 10:58:03 ubuntu systemd[1]: Started Clean up any mess left by 0dns-up.
Mar 14 10:58:03 ubuntu systemd[1]: Started udev Kernel Device Manager.
Mar 14 10:58:03 ubuntu systemd[1]: Starting Show Plymouth Boot Screen...
Mar 14 10:58:03 ubuntu systemd[1]: Started Network Time Synchronization.
Mar 14 10:58:03 ubuntu systemd[1]: Reached target System Time Synchronized.
Mar 14 10:58:03 ubuntu systemd-resolved[280]: Positive Trust Anchors:
Mar 14 10:58:03 ubuntu systemd-resolved[280]: . IN DS 19036 8 2 49aac11d7b6f6446702e54a1607371607a1a41855200fd2ce1cdde32f24e8fb5
Mar 14 10:58:03 ubuntu systemd-resolved[280]: . IN DS 20326 8 2 e06d44b80b8f1d39a95c0b0d7c65d08458e880409bbc683457104237c7f8ec8d
Mar 14 10:58:03 ubuntu systemd-resolved[280]: Negative trust anchors: 10.in-addr.arpa 16.172.in-addr.arpa 17.172.in-addr.arpa 18.172.in-addr.arpa 19.172.in-addr.arpa 20.172.in-addr.arpa 21.172.in-addr.arpa 22.172.in-addr.arpa 23.172.in-addr.arpa 24.172.in-addr.arpa 25.172.in-addr.arpa 26.172.in-addr.arpa 27.172.in-addr.arpa 28.172.in-addr.arpa 29.172.in-addr.arpa 30.172.in-addr.arpa 31.172.in-addr.arpa 168.192.in-addr.arpa d.f.ip6.arpa corp home internal intranet lan local private test
Mar 14 10:58:03 ubuntu systemd-resolved[280]: Using system hostname 'ubuntu'.
Mar 14 10:58:03 ubuntu systemd[1]: Started Network Name Resolution.
Mar 14 10:58:03 ubuntu systemd[1]: Reached target Host and Network Name Lookups.
Mar 14 10:58:03 ubuntu systemd-udevd[332]: link_config: autonegotiation is unset or enabled, the speed and duplex are not writable.
Mar 14 10:58:03 ubuntu apparmor[264]: Skipping profile in /etc/apparmor.d/disable: usr.bin.firefox
Mar 14 10:58:03 ubuntu mtp-probe: checking bus 2, device 2: "/sys/devices/pci0000:00/0000:00:06.0/usb2/2-1"
Mar 14 10:58:03 ubuntu mtp-probe: bus: 2, device: 2 was not an MTP device
Mar 14 10:58:03 ubuntu systemd-udevd[332]: link_config: autonegotiation is unset or enabled, the speed and duplex are not writable.
Mar 14 10:58:03 ubuntu apparmor[264]: Skipping profile in /etc/apparmor.d/disable: usr.sbin.rsyslogd
Mar 14 10:58:03 ubuntu apparmor[264]:    ...done.
Mar 14 10:58:03 ubuntu systemd[1]: Started AppArmor initialization.
Mar 14 10:58:03 ubuntu systemd[1]: Starting Raise network interfaces...
Mar 14 10:58:03 ubuntu systemd[1]: Listening on Load/Save RF Kill Switch Status /dev/rfkill Watch.
Mar 14 10:58:03 ubuntu systemd[1]: Started Show Plymouth Boot Screen.
Mar 14 10:58:03 ubuntu systemd[1]: Received SIGRTMIN+20 from PID 339 (plymouthd).
Mar 14 10:58:03 ubuntu systemd[1]: Reached target Local Encrypted Volumes.
Mar 14 10:58:03 ubuntu systemd[1]: Reached target System Initialization.
Mar 14 10:58:03 ubuntu systemd[1]: Started ACPI Events Check.
Mar 14 10:58:03 ubuntu systemd[1]: Listening on ACPID Listen Socket.
Mar 14 10:58:03 ubuntu systemd[1]: Started CUPS Scheduler.
Mar 14 10:58:03 ubuntu systemd[1]: Started Discard unused blocks once a week.
Mar 14 10:58:03 ubuntu systemd[1]: Started Message of the Day.
Mar 14 10:58:03 ubuntu systemd[1]: Started Trigger anacron every hour.
Mar 14 10:58:03 ubuntu systemd[1]: Started Daily Cleanup of Temporary Directories.
Mar 14 10:58:03 ubuntu systemd[1]: Started Daily apt download activities.
Mar 14 10:58:03 ubuntu systemd[1]: Listening on UUID daemon activation socket.
Mar 14 10:58:03 ubuntu systemd[1]: Listening on CUPS Scheduler.
Mar 14 10:58:03 ubuntu systemd[1]: Listening on D-Bus System Message Bus Socket.
Mar 14 10:58:03 ubuntu systemd[1]: Started Daily apt upgrade and clean activities.
Mar 14 10:58:03 ubuntu systemd[1]: Starting Socket activation for snappy daemon.
Mar 14 10:58:03 ubuntu systemd[1]: Listening on Avahi mDNS/DNS-SD Stack Activation Socket.
Mar 14 10:58:03 ubuntu systemd[1]: Reached target Timers.
Mar 14 10:58:03 ubuntu systemd[1]: Reached target Paths.
Mar 14 10:58:03 ubuntu systemd[1]: Started Forward Password Requests to Plymouth Directory Watch.
Mar 14 10:58:03 ubuntu systemd[1]: Listening on Socket activation for snappy daemon.
Mar 14 10:58:03 ubuntu systemd[1]: Reached target Sockets.
Mar 14 10:58:03 ubuntu systemd[1]: Reached target Basic System.
Mar 14 10:58:03 ubuntu systemd[1]: Reached target Login Prompts.
Mar 14 10:58:03 ubuntu systemd[1]: Started ACPI event daemon.
Mar 14 10:58:03 ubuntu systemd[1]: Started CUPS Scheduler.
Mar 14 10:58:03 ubuntu systemd[1]: Starting Restore /etc/resolv.conf if the system crashed before the ppp link was shut down...
Mar 14 10:58:03 ubuntu systemd[1]: Starting Accounts Service...
Mar 14 10:58:03 ubuntu systemd[1]: Starting System Logging Service...
Mar 14 10:58:03 ubuntu systemd[1]: Starting Login Service...
Mar 14 10:58:03 ubuntu systemd[1]: Starting Thermal Daemon Service...
Mar 14 10:58:03 ubuntu systemd[1]: Starting Avahi mDNS/DNS-SD Stack...
Mar 14 10:58:03 ubuntu systemd[1]: Starting Modem Manager...
Mar 14 10:58:03 ubuntu systemd[1]: Started irqbalance daemon.
Mar 14 10:58:03 ubuntu systemd[1]: Starting Detect the available GPUs and deal with any system changes...
Mar 14 10:58:03 ubuntu systemd[1]: Started Regular background program processing daemon.
Mar 14 10:58:03 ubuntu systemd[1]: Started D-Bus System Message Bus.
Mar 14 10:58:03 ubuntu cron[528]: (CRON) INFO (pidfile fd = 3)
Mar 14 10:58:03 ubuntu cron[528]: (CRON) INFO (Running @reboot jobs)
Mar 14 10:58:03 ubuntu avahi-daemon[520]: Found user 'avahi' (UID 116) and group 'avahi' (GID 122).
Mar 14 10:58:03 ubuntu avahi-daemon[520]: Successfully dropped root privileges.
Mar 14 10:58:03 ubuntu avahi-daemon[520]: avahi-daemon 0.7 starting up.
Mar 14 10:58:03 ubuntu ModemManager[521]: <info>  ModemManager (version 1.6.8) starting in system bus...
Mar 14 10:58:03 ubuntu gpu-manager[527]: Error: can't open /lib/modules/4.18.0-15-generic/updates/dkms
Mar 14 10:58:03 ubuntu gpu-manager[527]: Error: can't open /lib/modules/4.18.0-15-generic/updates/dkms
Mar 14 10:58:03 ubuntu dbus-daemon[530]: dbus[530]: Unknown group "power" in message bus configuration file
Mar 14 10:58:03 ubuntu acpid: starting up with netlink and the input layer
Mar 14 10:58:03 ubuntu acpid: 8 rules loaded
Mar 14 10:58:03 ubuntu acpid: waiting for events: event logging is off
Mar 14 10:58:03 ubuntu rsyslogd: imuxsock: Acquired UNIX socket '/run/systemd/journal/syslog' (fd 3) from systemd.  [v8.32.0]
Mar 14 10:58:03 ubuntu rsyslogd: rsyslogd's groupid changed to 106
Mar 14 10:58:03 ubuntu rsyslogd: rsyslogd's userid changed to 102
Mar 14 10:58:03 ubuntu rsyslogd:  [origin software="rsyslogd" swVersion="8.32.0" x-pid="516" x-info="http://www.rsyslog.com"] start
Mar 14 10:58:03 ubuntu kernel: [    0.000000] Linux version 4.18.0-15-generic (buildd@lcy01-amd64-029) (gcc version 7.3.0 (Ubuntu 7.3.0-16ubuntu3)) #16~18.04.1-Ubuntu SMP Thu Feb 7 14:06:04 UTC 2019 (Ubuntu 4.18.0-15.16~18.04.1-generic 4.18.20)
Mar 14 10:58:03 ubuntu kernel: [    0.000000] Command line: BOOT_IMAGE=/boot/vmlinuz-4.18.0-15-generic root=UUID=9a8a699a-d507-4555-99d4-801060a8d98d ro quiet splash
Mar 14 10:58:03 ubuntu kernel: [    0.000000] KERNEL supported cpus:
Mar 14 10:58:03 ubuntu kernel: [    0.000000]   Intel GenuineIntel
Mar 14 10:58:03 ubuntu kernel: [    0.000000]   AMD AuthenticAMD
Mar 14 10:58:03 ubuntu kernel: [    0.000000]   Centaur CentaurHauls
Mar 14 10:58:03 ubuntu kernel: [    0.000000] x86/fpu: x87 FPU will use FXSAVE
Mar 14 10:58:03 ubuntu kernel: [    0.000000] BIOS-provided physical RAM map:
Mar 14 10:58:03 ubuntu kernel: [    0.000000] BIOS-e820: [mem 0x0000000000000000-0x000000000009fbff] usable
Mar 14 10:58:03 ubuntu kernel: [    0.000000] BIOS-e820: [mem 0x000000000009fc00-0x000000000009ffff] reserved
Mar 14 10:58:03 ubuntu kernel: [    0.000000] BIOS-e820: [mem 0x00000000000f0000-0x00000000000fffff] reserved
Mar 14 10:58:03 ubuntu kernel: [    0.000000] BIOS-e820: [mem 0x0000000000100000-0x000000007ffeffff] usable
Mar 14 10:58:03 ubuntu kernel: [    0.000000] BIOS-e820: [mem 0x000000007fff0000-0x000000007fffffff] ACPI data
Mar 14 10:58:03 ubuntu kernel: [    0.000000] BIOS-e820: [mem 0x00000000fec00000-0x00000000fec00fff] reserved
Mar 14 10:58:03 ubuntu kernel: [    0.000000] BIOS-e820: [mem 0x00000000fee00000-0x00000000fee00fff] reserved
Mar 14 10:58:03 ubuntu kernel: [    0.000000] BIOS-e820: [mem 0x00000000fffc0000-0x00000000ffffffff] reserved
Mar 14 10:58:03 ubuntu kernel: [    0.000000] NX (Execute Disable) protection: active
Mar 14 10:58:03 ubuntu kernel: [    0.000000] SMBIOS 2.5 present.
Mar 14 10:58:03 ubuntu kernel: [    0.000000] DMI: innotek GmbH VirtualBox/VirtualBox, BIOS VirtualBox 12/01/2006
Mar 14 10:58:03 ubuntu kernel: [    0.000000] Hypervisor detected: KVM
Mar 14 10:58:03 ubuntu kernel: [    0.000000] e820: update [mem 0x00000000-0x00000fff] usable ==> reserved
Mar 14 10:58:03 ubuntu kernel: [    0.000000] e820: remove [mem 0x000a0000-0x000fffff] usable
Mar 14 10:58:03 ubuntu kernel: [    0.000000] last_pfn = 0x7fff0 max_arch_pfn = 0x400000000
Mar 14 10:58:03 ubuntu kernel: [    0.000000] MTRR default type: uncachable
Mar 14 10:58:03 ubuntu kernel: [    0.000000] MTRR fixed ranges disabled:
Mar 14 10:58:03 ubuntu kernel: [    0.000000]   00000-FFFFF uncachable
Mar 14 10:58:03 ubuntu kernel: [    0.000000] MTRR variable ranges disabled:
Mar 14 10:58:03 ubuntu kernel: [    0.000000]   0 disabled
Mar 14 10:58:03 ubuntu kernel: [    0.000000]   1 disabled
Mar 14 10:58:03 ubuntu kernel: [    0.000000]   2 disabled
Mar 14 10:58:03 ubuntu kernel: [    0.000000]   3 disabled
Mar 14 10:58:03 ubuntu kernel: [    0.000000]   4 disabled
Mar 14 10:58:03 ubuntu kernel: [    0.000000]   5 disabled
Mar 14 10:58:03 ubuntu kernel: [    0.000000]   6 disabled
Mar 14 10:58:03 ubuntu kernel: [    0.000000]   7 disabled
Mar 14 10:58:03 ubuntu kernel: [    0.000000] Disabled
Mar 14 10:58:03 ubuntu kernel: [    0.000000] x86/PAT: MTRRs disabled, skipping PAT initialization too.
Mar 14 10:58:03 ubuntu kernel: [    0.000000] CPU MTRRs all blank - virtualized system.
Mar 14 10:58:03 ubuntu kernel: [    0.000000] x86/PAT: Configuration [0-7]: WB  WT  UC- UC  WB  WT  UC- UC  
Mar 14 10:58:03 ubuntu kernel: [    0.000000] found SMP MP-table at [mem 0x0009fff0-0x0009ffff] mapped at [(____ptrval____)]
Mar 14 10:58:03 ubuntu kernel: [    0.000000] Scanning 1 areas for low memory corruption
Mar 14 10:58:03 ubuntu kernel: [    0.000000] Base memory trampoline at [(____ptrval____)] 99000 size 24576
Mar 14 10:58:03 ubuntu kernel: [    0.000000] BRK [0x3a963000, 0x3a963fff] PGTABLE
Mar 14 10:58:03 ubuntu kernel: [    0.000000] BRK [0x3a964000, 0x3a964fff] PGTABLE
Mar 14 10:58:03 ubuntu kernel: [    0.000000] BRK [0x3a965000, 0x3a965fff] PGTABLE
Mar 14 10:58:03 ubuntu kernel: [    0.000000] BRK [0x3a966000, 0x3a966fff] PGTABLE
Mar 14 10:58:03 ubuntu kernel: [    0.000000] BRK [0x3a967000, 0x3a967fff] PGTABLE
Mar 14 10:58:03 ubuntu kernel: [    0.000000] BRK [0x3a968000, 0x3a968fff] PGTABLE
Mar 14 10:58:03 ubuntu kernel: [    0.000000] RAMDISK: [mem 0x31235000-0x34911fff]
Mar 14 10:58:03 ubuntu kernel: [    0.000000] ACPI: Early table checksum verification disabled
Mar 14 10:58:03 ubuntu kernel: [    0.000000] ACPI: RSDP 0x00000000000E0000 000024 (v02 VBOX  )
Mar 14 10:58:03 ubuntu kernel: [    0.000000] ACPI: XSDT 0x000000007FFF0030 00003C (v01 VBOX   VBOXXSDT 00000001 ASL  00000061)
Mar 14 10:58:03 ubuntu kernel: [    0.000000] ACPI: FACP 0x000000007FFF00F0 0000F4 (v04 VBOX   VBOXFACP 00000001 ASL  00000061)
Mar 14 10:58:03 ubuntu kernel: [    0.000000] ACPI: DSDT 0x000000007FFF0610 002353 (v02 VBOX   VBOXBIOS 00000002 INTL 20100528)
Mar 14 10:58:03 ubuntu kernel: [    0.000000] ACPI: FACS 0x000000007FFF0200 000040
Mar 14 10:58:03 ubuntu kernel: [    0.000000] ACPI: FACS 0x000000007FFF0200 000040
Mar 14 10:58:03 ubuntu kernel: [    0.000000] ACPI: APIC 0x000000007FFF0240 00005C (v02 VBOX   VBOXAPIC 00000001 ASL  00000061)
Mar 14 10:58:03 ubuntu kernel: [    0.000000] ACPI: SSDT 0x000000007FFF02A0 00036C (v01 VBOX   VBOXCPUT 00000002 INTL 20100528)
Mar 14 10:58:03 ubuntu kernel: [    0.000000] ACPI: Local APIC address 0xfee00000
Mar 14 10:58:03 ubuntu kernel: [    0.000000] No NUMA configuration found
Mar 14 10:58:03 ubuntu kernel: [    0.000000] Faking a node at [mem 0x0000000000000000-0x000000007ffeffff]
Mar 14 10:58:03 ubuntu kernel: [    0.000000] NODE_DATA(0) allocated [mem 0x7ffc5000-0x7ffeffff]
Mar 14 10:58:03 ubuntu kernel: [    0.000000] kvm-clock: cpu 0, msr 0:7ff44001, primary cpu clock
Mar 14 10:58:03 ubuntu kernel: [    0.000000] kvm-clock: Using msrs 4b564d01 and 4b564d00
Mar 14 10:58:03 ubuntu kernel: [    0.000000] kvm-clock: using sched offset of 480415080041 cycles
Mar 14 10:58:03 ubuntu kernel: [    0.000000] clocksource: kvm-clock: mask: 0xffffffffffffffff max_cycles: 0x1cd42e4dffb, max_idle_ns: 881590591483 ns
Mar 14 10:58:03 ubuntu kernel: [    0.000000] Zone ranges:
Mar 14 10:58:03 ubuntu kernel: [    0.000000]   DMA      [mem 0x0000000000001000-0x0000000000ffffff]
Mar 14 10:58:03 ubuntu kernel: [    0.000000]   DMA32    [mem 0x0000000001000000-0x000000007ffeffff]
Mar 14 10:58:03 ubuntu kernel: [    0.000000]   Normal   empty
Mar 14 10:58:03 ubuntu kernel: [    0.000000]   Device   empty
Mar 14 10:58:03 ubuntu kernel: [    0.000000] Movable zone start for each node
Mar 14 10:58:03 ubuntu kernel: [    0.000000] Early memory node ranges
Mar 14 10:58:03 ubuntu kernel: [    0.000000]   node   0: [mem 0x0000000000001000-0x000000000009efff]
Mar 14 10:58:03 ubuntu kernel: [    0.000000]   node   0: [mem 0x0000000000100000-0x000000007ffeffff]
Mar 14 10:58:03 ubuntu kernel: [    0.000000] Reserved but unavailable: 114 pages
Mar 14 10:58:03 ubuntu kernel: [    0.000000] Initmem setup node 0 [mem 0x0000000000001000-0x000000007ffeffff]
Mar 14 10:58:03 ubuntu kernel: [    0.000000] On node 0 totalpages: 524174
Mar 14 10:58:03 ubuntu kernel: [    0.000000]   DMA zone: 64 pages used for memmap
Mar 14 10:58:03 ubuntu kernel: [    0.000000]   DMA zone: 21 pages reserved
Mar 14 10:58:03 ubuntu kernel: [    0.000000]   DMA zone: 3998 pages, LIFO batch:0
Mar 14 10:58:03 ubuntu kernel: [    0.000000]   DMA32 zone: 8128 pages used for memmap
Mar 14 10:58:03 ubuntu kernel: [    0.000000]   DMA32 zone: 520176 pages, LIFO batch:31
Mar 14 10:58:03 ubuntu kernel: [    0.000000] ACPI: PM-Timer IO Port: 0x4008
Mar 14 10:58:03 ubuntu kernel: [    0.000000] ACPI: Local APIC address 0xfee00000
Mar 14 10:58:03 ubuntu kernel: [    0.000000] IOAPIC[0]: apic_id 2, version 32, address 0xfec00000, GSI 0-23
Mar 14 10:58:03 ubuntu kernel: [    0.000000] ACPI: INT_SRC_OVR (bus 0 bus_irq 0 global_irq 2 dfl dfl)
Mar 14 10:58:03 ubuntu kernel: [    0.000000] ACPI: INT_SRC_OVR (bus 0 bus_irq 9 global_irq 9 low level)
Mar 14 10:58:03 ubuntu kernel: [    0.000000] ACPI: IRQ0 used by override.
Mar 14 10:58:03 ubuntu kernel: [    0.000000] ACPI: IRQ9 used by override.
Mar 14 10:58:03 ubuntu kernel: [    0.000000] Using ACPI (MADT) for SMP configuration information
Mar 14 10:58:03 ubuntu kernel: [    0.000000] smpboot: Allowing 2 CPUs, 0 hotplug CPUs
Mar 14 10:58:03 ubuntu kernel: [    0.000000] PM: Registered nosave memory: [mem 0x00000000-0x00000fff]
Mar 14 10:58:03 ubuntu kernel: [    0.000000] PM: Registered nosave memory: [mem 0x0009f000-0x0009ffff]
Mar 14 10:58:03 ubuntu kernel: [    0.000000] PM: Registered nosave memory: [mem 0x000a0000-0x000effff]
Mar 14 10:58:03 ubuntu kernel: [    0.000000] PM: Registered nosave memory: [mem 0x000f0000-0x000fffff]
Mar 14 10:58:03 ubuntu kernel: [    0.000000] [mem 0x80000000-0xfebfffff] available for PCI devices
Mar 14 10:58:03 ubuntu kernel: [    0.000000] Booting paravirtualized kernel on KVM
Mar 14 10:58:03 ubuntu kernel: [    0.000000] clocksource: refined-jiffies: mask: 0xffffffff max_cycles: 0xffffffff, max_idle_ns: 7645519600211568 ns
Mar 14 10:58:03 ubuntu kernel: [    0.000000] random: get_random_bytes called from start_kernel+0x99/0x55a with crng_init=0
Mar 14 10:58:03 ubuntu kernel: [    0.000000] setup_percpu: NR_CPUS:8192 nr_cpumask_bits:2 nr_cpu_ids:2 nr_node_ids:1
Mar 14 10:58:03 ubuntu kernel: [    0.000000] percpu: Embedded 46 pages/cpu @(____ptrval____) s151552 r8192 d28672 u1048576
Mar 14 10:58:03 ubuntu kernel: [    0.000000] pcpu-alloc: s151552 r8192 d28672 u1048576 alloc=1*2097152
Mar 14 10:58:03 ubuntu kernel: [    0.000000] pcpu-alloc: [0] 0 1 
Mar 14 10:58:03 ubuntu kernel: [    0.000000] PV qspinlock hash table entries: 256 (order: 0, 4096 bytes)
Mar 14 10:58:03 ubuntu kernel: [    0.000000] Built 1 zonelists, mobility grouping on.  Total pages: 515961
Mar 14 10:58:03 ubuntu kernel: [    0.000000] Policy zone: DMA32
Mar 14 10:58:03 ubuntu kernel: [    0.000000] Kernel command line: BOOT_IMAGE=/boot/vmlinuz-4.18.0-15-generic root=UUID=9a8a699a-d507-4555-99d4-801060a8d98d ro quiet splash
Mar 14 10:58:03 ubuntu kernel: [    0.000000] Calgary: detecting Calgary via BIOS EBDA area
Mar 14 10:58:03 ubuntu kernel: [    0.000000] Calgary: Unable to locate Rio Grande table in EBDA - bailing!
Mar 14 10:58:03 ubuntu kernel: [    0.000000] Memory: 1978456K/2096696K available (12300K kernel code, 2633K rwdata, 4360K rodata, 2464K init, 2340K bss, 118240K reserved, 0K cma-reserved)
Mar 14 10:58:03 ubuntu kernel: [    0.000000] SLUB: HWalign=64, Order=0-3, MinObjects=0, CPUs=2, Nodes=1
Mar 14 10:58:03 ubuntu kernel: [    0.000000] ftrace: allocating 40831 entries in 160 pages
Mar 14 10:58:03 ubuntu kernel: [    0.004000] Hierarchical RCU implementation.
Mar 14 10:58:03 ubuntu kernel: [    0.004000] 	RCU restricting CPUs from NR_CPUS=8192 to nr_cpu_ids=2.
Mar 14 10:58:03 ubuntu kernel: [    0.004000] 	Tasks RCU enabled.
Mar 14 10:58:03 ubuntu kernel: [    0.004000] RCU: Adjusting geometry for rcu_fanout_leaf=16, nr_cpu_ids=2
Mar 14 10:58:03 ubuntu kernel: [    0.004000] NR_IRQS: 524544, nr_irqs: 440, preallocated irqs: 16
Mar 14 10:58:03 ubuntu kernel: [    0.004000] Console: colour VGA+ 80x25
Mar 14 10:58:03 ubuntu kernel: [    0.004000] console [tty0] enabled
Mar 14 10:58:03 ubuntu kernel: [    0.004000] ACPI: Core revision 20180531
Mar 14 10:58:03 ubuntu kernel: [    0.004000] APIC: Switch to symmetric I/O mode setup
Mar 14 10:58:03 ubuntu kernel: [    0.008000] ..TIMER: vector=0x30 apic1=0 pin1=2 apic2=-1 pin2=-1
Mar 14 10:58:03 ubuntu kernel: [    0.012002] tsc: Detected 2495.998 MHz processor
Mar 14 10:58:03 ubuntu kernel: [    0.012008] clocksource: tsc-early: mask: 0xffffffffffffffff max_cycles: 0x23fa754787d, max_idle_ns: 440795210092 ns
Mar 14 10:58:03 ubuntu kernel: [    0.012009] Calibrating delay loop (skipped) preset value.. 4991.99 BogoMIPS (lpj=9983992)
Mar 14 10:58:03 ubuntu kernel: [    0.012011] pid_max: default: 32768 minimum: 301
Mar 14 10:58:03 ubuntu kernel: [    0.012036] Security Framework initialized
Mar 14 10:58:03 ubuntu kernel: [    0.012037] Yama: becoming mindful.
Mar 14 10:58:03 ubuntu kernel: [    0.012050] AppArmor: AppArmor initialized
Mar 14 10:58:03 ubuntu kernel: [    0.012231] Dentry cache hash table entries: 262144 (order: 9, 2097152 bytes)
Mar 14 10:58:03 ubuntu kernel: [    0.012313] Inode-cache hash table entries: 131072 (order: 8, 1048576 bytes)
Mar 14 10:58:03 ubuntu kernel: [    0.012321] Mount-cache hash table entries: 4096 (order: 3, 32768 bytes)
Mar 14 10:58:03 ubuntu kernel: [    0.012324] Mountpoint-cache hash table entries: 4096 (order: 3, 32768 bytes)
Mar 14 10:58:03 ubuntu kernel: [    0.012900] mce: CPU supports 0 MCE banks
Mar 14 10:58:03 ubuntu kernel: [    0.012949] Last level iTLB entries: 4KB 0, 2MB 0, 4MB 0
Mar 14 10:58:03 ubuntu kernel: [    0.012950] Last level dTLB entries: 4KB 0, 2MB 0, 4MB 0, 1GB 0
Mar 14 10:58:03 ubuntu kernel: [    0.012951] Spectre V2 : Mitigation: Enhanced IBRS
Mar 14 10:58:03 ubuntu kernel: [    0.012951] Spectre V2 : Spectre v2 / SpectreRSB mitigation: Filling RSB on context switch
Mar 14 10:58:03 ubuntu kernel: [    0.012952] Speculative Store Bypass: Vulnerable
Mar 14 10:58:03 ubuntu kernel: [    0.013006] Freeing SMP alternatives memory: 36K
Mar 14 10:58:03 ubuntu kernel: [    0.016000] smpboot: CPU0: 12th Gen Intel(R) Core(TM) i5-12400 (family: 0x6, model: 0x97, stepping: 0x2)
Mar 14 10:58:03 ubuntu kernel: [    0.016000] Performance Events: unsupported p6 CPU model 151 no PMU driver, software events only.
Mar 14 10:58:03 ubuntu kernel: [    0.016000] Hierarchical SRCU implementation.
Mar 14 10:58:03 ubuntu kernel: [    0.016000] NMI watchdog: Perf event create on CPU 0 failed with -2
Mar 14 10:58:03 ubuntu kernel: [    0.016000] NMI watchdog: Perf NMI watchdog permanently disabled
Mar 14 10:58:03 ubuntu kernel: [    0.016000] smp: Bringing up secondary CPUs ...
Mar 14 10:58:03 ubuntu kernel: [    0.016000] x86: Booting SMP configuration:
Mar 14 10:58:03 ubuntu kernel: [    0.016000] .... node  #0, CPUs:      #1
Mar 14 10:58:03 ubuntu kernel: [    0.004000] kvm-clock: cpu 1, msr 0:7ff44041, secondary cpu clock
Mar 14 10:58:03 ubuntu kernel: [    0.004000] mce: CPU supports 0 MCE banks
Mar 14 10:58:03 ubuntu kernel: [    0.016000] TSC synchronization [CPU#0 -> CPU#1]:
Mar 14 10:58:03 ubuntu kernel: [    0.016000] Measured 101305 cycles TSC warp between CPUs, turning off TSC clock.
Mar 14 10:58:03 ubuntu kernel: [    0.016000] tsc: Marking TSC unstable due to check_tsc_sync_source failed
Mar 14 10:58:03 ubuntu kernel: [    0.016054] smp: Brought up 1 node, 2 CPUs
Mar 14 10:58:03 ubuntu kernel: [    0.016054] smpboot: Max logical packages: 1
Mar 14 10:58:03 ubuntu kernel: [    0.016054] smpboot: Total of 2 processors activated (9983.99 BogoMIPS)
Mar 14 10:58:03 ubuntu kernel: [    0.016141] devtmpfs: initialized
Mar 14 10:58:03 ubuntu kernel: [    0.016141] x86/mm: Memory block size: 128MB
Mar 14 10:58:03 ubuntu kernel: [    0.016194] clocksource: jiffies: mask: 0xffffffff max_cycles: 0xffffffff, max_idle_ns: 7645041785100000 ns
Mar 14 10:58:03 ubuntu kernel: [    0.016194] futex hash table entries: 512 (order: 3, 32768 bytes)
Mar 14 10:58:03 ubuntu kernel: [    0.016194] pinctrl core: initialized pinctrl subsystem
Mar 14 10:58:03 ubuntu kernel: [    0.016294] RTC time:  2:58:00, date: 03/14/23
Mar 14 10:58:03 ubuntu kernel: [    0.016799] NET: Registered protocol family 16
Mar 14 10:58:03 ubuntu kernel: [    0.016833] audit: initializing netlink subsys (disabled)
Mar 14 10:58:03 ubuntu kernel: [    0.016895] audit: type=2000 audit(1678762882.232:1): state=initialized audit_enabled=0 res=1
Mar 14 10:58:03 ubuntu kernel: [    0.016895] cpuidle: using governor ladder
Mar 14 10:58:03 ubuntu kernel: [    0.016895] cpuidle: using governor menu
Mar 14 10:58:03 ubuntu kernel: [    0.016895] ACPI: bus type PCI registered
Mar 14 10:58:03 ubuntu kernel: [    0.016895] acpiphp: ACPI Hot Plug PCI Controller Driver version: 0.5
Mar 14 10:58:03 ubuntu kernel: [    0.016895] PCI: Using configuration type 1 for base access
Mar 14 10:58:03 ubuntu kernel: [    0.020574] HugeTLB registered 2.00 MiB page size, pre-allocated 0 pages
Mar 14 10:58:03 ubuntu kernel: [    0.020574] ACPI: Added _OSI(Module Device)
Mar 14 10:58:03 ubuntu kernel: [    0.020574] ACPI: Added _OSI(Processor Device)
Mar 14 10:58:03 ubuntu kernel: [    0.020574] ACPI: Added _OSI(3.0 _SCP Extensions)
Mar 14 10:58:03 ubuntu kernel: [    0.020574] ACPI: Added _OSI(Processor Aggregator Device)
Mar 14 10:58:03 ubuntu kernel: [    0.020574] ACPI: Added _OSI(Linux-Dell-Video)
Mar 14 10:58:03 ubuntu kernel: [    0.020574] ACPI: Added _OSI(Linux-Lenovo-NV-HDMI-Audio)
Mar 14 10:58:03 ubuntu kernel: [    0.024182] ACPI: 2 ACPI AML tables successfully acquired and loaded
Mar 14 10:58:03 ubuntu kernel: [    0.025707] ACPI: Interpreter enabled
Mar 14 10:58:03 ubuntu kernel: [    0.025713] ACPI: (supports S0 S5)
Mar 14 10:58:03 ubuntu kernel: [    0.025714] ACPI: Using IOAPIC for interrupt routing
Mar 14 10:58:03 ubuntu kernel: [    0.025918] PCI: Using host bridge windows from ACPI; if necessary, use "pci=nocrs" and report a bug
Mar 14 10:58:03 ubuntu kernel: [    0.025994] ACPI: Enabled 2 GPEs in block 00 to 07
Mar 14 10:58:03 ubuntu kernel: [    0.029838] ACPI: PCI Root Bridge [PCI0] (domain 0000 [bus 00-ff])
Mar 14 10:58:03 ubuntu kernel: [    0.029841] acpi PNP0A03:00: _OSC: OS supports [ASPM ClockPM Segments MSI]
Mar 14 10:58:03 ubuntu kernel: [    0.030353] acpi PNP0A03:00: _OSC: not requesting OS control; OS requires [ExtendedConfig ASPM ClockPM MSI]
Mar 14 10:58:03 ubuntu kernel: [    0.030358] acpi PNP0A03:00: fail to add MMCONFIG information, can't access extended PCI configuration space under this bridge.
Mar 14 10:58:03 ubuntu kernel: [    0.030676] PCI host bridge to bus 0000:00
Mar 14 10:58:03 ubuntu kernel: [    0.030677] pci_bus 0000:00: root bus resource [io  0x0000-0x0cf7 window]
Mar 14 10:58:03 ubuntu kernel: [    0.030678] pci_bus 0000:00: root bus resource [io  0x0d00-0xffff window]
Mar 14 10:58:03 ubuntu kernel: [    0.030678] pci_bus 0000:00: root bus resource [mem 0x000a0000-0x000bffff window]
Mar 14 10:58:03 ubuntu kernel: [    0.030679] pci_bus 0000:00: root bus resource [mem 0x80000000-0xfdffffff window]
Mar 14 10:58:03 ubuntu kernel: [    0.030680] pci_bus 0000:00: root bus resource [bus 00-ff]
Mar 14 10:58:03 ubuntu kernel: [    0.030743] pci 0000:00:00.0: [8086:1237] type 00 class 0x060000
Mar 14 10:58:03 ubuntu kernel: [    0.032746] pci 0000:00:01.0: [8086:7000] type 00 class 0x060100
Mar 14 10:58:03 ubuntu kernel: [    0.033900] pci 0000:00:01.1: [8086:7111] type 00 class 0x01018a
Mar 14 10:58:03 ubuntu kernel: [    0.034507] pci 0000:00:01.1: reg 0x20: [io  0xd000-0xd00f]
Mar 14 10:58:03 ubuntu kernel: [    0.034820] pci 0000:00:01.1: legacy IDE quirk: reg 0x10: [io  0x01f0-0x01f7]
Mar 14 10:58:03 ubuntu kernel: [    0.034820] pci 0000:00:01.1: legacy IDE quirk: reg 0x14: [io  0x03f6]
Mar 14 10:58:03 ubuntu kernel: [    0.034821] pci 0000:00:01.1: legacy IDE quirk: reg 0x18: [io  0x0170-0x0177]
Mar 14 10:58:03 ubuntu kernel: [    0.034822] pci 0000:00:01.1: legacy IDE quirk: reg 0x1c: [io  0x0376]
Mar 14 10:58:03 ubuntu kernel: [    0.036842] pci 0000:00:02.0: [15ad:0405] type 00 class 0x030000
Mar 14 10:58:03 ubuntu kernel: [    0.037548] pci 0000:00:02.0: reg 0x10: [io  0xd010-0xd01f]
Mar 14 10:58:03 ubuntu kernel: [    0.038091] pci 0000:00:02.0: reg 0x14: [mem 0xe0000000-0xe0ffffff pref]
Mar 14 10:58:03 ubuntu kernel: [    0.038622] pci 0000:00:02.0: reg 0x18: [mem 0xf0000000-0xf01fffff]
Mar 14 10:58:03 ubuntu kernel: [    0.042739] pci 0000:00:03.0: [8086:100e] type 00 class 0x020000
Mar 14 10:58:03 ubuntu kernel: [    0.043177] pci 0000:00:03.0: reg 0x10: [mem 0xf0200000-0xf021ffff]
Mar 14 10:58:03 ubuntu kernel: [    0.043647] pci 0000:00:03.0: reg 0x18: [io  0xd020-0xd027]
Mar 14 10:58:03 ubuntu kernel: [    0.046097] pci 0000:00:04.0: [80ee:cafe] type 00 class 0x088000
Mar 14 10:58:03 ubuntu kernel: [    0.046574] pci 0000:00:04.0: reg 0x10: [io  0xd040-0xd05f]
Mar 14 10:58:03 ubuntu kernel: [    0.046833] pci 0000:00:04.0: reg 0x14: [mem 0xf0400000-0xf07fffff]
Mar 14 10:58:03 ubuntu kernel: [    0.047191] pci 0000:00:04.0: reg 0x18: [mem 0xf0800000-0xf0803fff pref]
Mar 14 10:58:03 ubuntu kernel: [    0.050318] pci 0000:00:05.0: [8086:2415] type 00 class 0x040100
Mar 14 10:58:03 ubuntu kernel: [    0.050530] pci 0000:00:05.0: reg 0x10: [io  0xd100-0xd1ff]
Mar 14 10:58:03 ubuntu kernel: [    0.050635] pci 0000:00:05.0: reg 0x14: [io  0xd200-0xd23f]
Mar 14 10:58:03 ubuntu kernel: [    0.052070] pci 0000:00:06.0: [106b:003f] type 00 class 0x0c0310
Mar 14 10:58:03 ubuntu kernel: [    0.052347] pci 0000:00:06.0: reg 0x10: [mem 0xf0804000-0xf0804fff]
Mar 14 10:58:03 ubuntu kernel: [    0.055594] pci 0000:00:07.0: [8086:7113] type 00 class 0x068000
Mar 14 10:58:03 ubuntu kernel: [    0.056604] pci 0000:00:07.0: quirk: [io  0x4000-0x403f] claimed by PIIX4 ACPI
Mar 14 10:58:03 ubuntu kernel: [    0.056620] pci 0000:00:07.0: quirk: [io  0x4100-0x410f] claimed by PIIX4 SMB
Mar 14 10:58:03 ubuntu kernel: [    0.064945] pci 0000:00:0b.0: [8086:265c] type 00 class 0x0c0320
Mar 14 10:58:03 ubuntu kernel: [    0.065228] pci 0000:00:0b.0: reg 0x10: [mem 0xf0805000-0xf0805fff]
Mar 14 10:58:03 ubuntu kernel: [    0.069697] pci 0000:00:0d.0: [8086:2829] type 00 class 0x010601
Mar 14 10:58:03 ubuntu kernel: [    0.069996] pci 0000:00:0d.0: reg 0x10: [io  0xd240-0xd247]
Mar 14 10:58:03 ubuntu kernel: [    0.070127] pci 0000:00:0d.0: reg 0x14: [io  0xd248-0xd24b]
Mar 14 10:58:03 ubuntu kernel: [    0.070257] pci 0000:00:0d.0: reg 0x18: [io  0xd250-0xd257]
Mar 14 10:58:03 ubuntu kernel: [    0.070386] pci 0000:00:0d.0: reg 0x1c: [io  0xd258-0xd25b]
Mar 14 10:58:03 ubuntu kernel: [    0.070514] pci 0000:00:0d.0: reg 0x20: [io  0xd260-0xd26f]
Mar 14 10:58:03 ubuntu kernel: [    0.070643] pci 0000:00:0d.0: reg 0x24: [mem 0xf0806000-0xf0807fff]
Mar 14 10:58:03 ubuntu kernel: [    0.110970] ACPI: PCI Interrupt Link [LNKA] (IRQs 5 9 10 *11)
Mar 14 10:58:03 ubuntu kernel: [    0.111238] ACPI: PCI Interrupt Link [LNKB] (IRQs 5 9 *10 11)
Mar 14 10:58:03 ubuntu kernel: [    0.111335] ACPI: PCI Interrupt Link [LNKC] (IRQs 5 *9 10 11)
Mar 14 10:58:03 ubuntu kernel: [    0.111445] ACPI: PCI Interrupt Link [LNKD] (IRQs 5 9 10 *11)
Mar 14 10:58:03 ubuntu kernel: [    0.111719] SCSI subsystem initialized
Mar 14 10:58:03 ubuntu kernel: [    0.112217] libata version 3.00 loaded.
Mar 14 10:58:03 ubuntu kernel: [    0.112217] pci 0000:00:02.0: vgaarb: setting as boot VGA device
Mar 14 10:58:03 ubuntu kernel: [    0.112217] pci 0000:00:02.0: vgaarb: VGA device added: decodes=io+mem,owns=io+mem,locks=none
Mar 14 10:58:03 ubuntu kernel: [    0.112217] pci 0000:00:02.0: vgaarb: bridge control possible
Mar 14 10:58:03 ubuntu kernel: [    0.112217] vgaarb: loaded
Mar 14 10:58:03 ubuntu kernel: [    0.112217] ACPI: bus type USB registered
Mar 14 10:58:03 ubuntu kernel: [    0.112217] usbcore: registered new interface driver usbfs
Mar 14 10:58:03 ubuntu kernel: [    0.112217] usbcore: registered new interface driver hub
Mar 14 10:58:03 ubuntu kernel: [    0.112217] usbcore: registered new device driver usb
Mar 14 10:58:03 ubuntu kernel: [    0.112217] pps_core: LinuxPPS API ver. 1 registered
Mar 14 10:58:03 ubuntu kernel: [    0.112217] pps_core: Software ver. 5.3.6 - Copyright 2005-2007 Rodolfo Giometti <giometti@linux.it>
Mar 14 10:58:03 ubuntu kernel: [    0.112217] PTP clock support registered
Mar 14 10:58:03 ubuntu kernel: [    0.112217] EDAC MC: Ver: 3.0.0
Mar 14 10:58:03 ubuntu kernel: [    0.112492] PCI: Using ACPI for IRQ routing
Mar 14 10:58:03 ubuntu kernel: [    0.112492] PCI: pci_cache_line_size set to 64 bytes
Mar 14 10:58:03 ubuntu kernel: [    0.112492] e820: reserve RAM buffer [mem 0x0009fc00-0x0009ffff]
Mar 14 10:58:03 ubuntu kernel: [    0.112492] e820: reserve RAM buffer [mem 0x7fff0000-0x7fffffff]
Mar 14 10:58:03 ubuntu kernel: [    0.112492] NetLabel: Initializing
Mar 14 10:58:03 ubuntu kernel: [    0.112492] NetLabel:  domain hash size = 128
Mar 14 10:58:03 ubuntu kernel: [    0.112492] NetLabel:  protocols = UNLABELED CIPSOv4 CALIPSO
Mar 14 10:58:03 ubuntu kernel: [    0.112499] NetLabel:  unlabeled traffic allowed by default
Mar 14 10:58:03 ubuntu kernel: [    0.116006] clocksource: Switched to clocksource kvm-clock
Mar 14 10:58:03 ubuntu kernel: [    0.124773] VFS: Disk quotas dquot_6.6.0
Mar 14 10:58:03 ubuntu kernel: [    0.124783] VFS: Dquot-cache hash table entries: 512 (order 0, 4096 bytes)
Mar 14 10:58:03 ubuntu kernel: [    0.124851] AppArmor: AppArmor Filesystem Enabled
Mar 14 10:58:03 ubuntu kernel: [    0.124865] pnp: PnP ACPI init
Mar 14 10:58:03 ubuntu kernel: [    0.124908] pnp 00:00: Plug and Play ACPI device, IDs PNP0303 (active)
Mar 14 10:58:03 ubuntu kernel: [    0.124961] pnp 00:01: Plug and Play ACPI device, IDs PNP0f03 (active)
Mar 14 10:58:03 ubuntu kernel: [    0.125601] pnp: PnP ACPI: found 2 devices
Mar 14 10:58:03 ubuntu kernel: [    0.148197] clocksource: acpi_pm: mask: 0xffffff max_cycles: 0xffffff, max_idle_ns: 2085701024 ns
Mar 14 10:58:03 ubuntu kernel: [    0.148205] pci_bus 0000:00: resource 4 [io  0x0000-0x0cf7 window]
Mar 14 10:58:03 ubuntu kernel: [    0.148206] pci_bus 0000:00: resource 5 [io  0x0d00-0xffff window]
Mar 14 10:58:03 ubuntu kernel: [    0.148206] pci_bus 0000:00: resource 6 [mem 0x000a0000-0x000bffff window]
Mar 14 10:58:03 ubuntu kernel: [    0.148207] pci_bus 0000:00: resource 7 [mem 0x80000000-0xfdffffff window]
Mar 14 10:58:03 ubuntu kernel: [    0.148246] NET: Registered protocol family 2
Mar 14 10:58:03 ubuntu kernel: [    0.148395] tcp_listen_portaddr_hash hash table entries: 1024 (order: 2, 16384 bytes)
Mar 14 10:58:03 ubuntu kernel: [    0.148399] TCP established hash table entries: 16384 (order: 5, 131072 bytes)
Mar 14 10:58:03 ubuntu kernel: [    0.148411] TCP bind hash table entries: 16384 (order: 6, 262144 bytes)
Mar 14 10:58:03 ubuntu kernel: [    0.148426] TCP: Hash tables configured (established 16384 bind 16384)
Mar 14 10:58:03 ubuntu kernel: [    0.148489] UDP hash table entries: 1024 (order: 3, 32768 bytes)
Mar 14 10:58:03 ubuntu kernel: [    0.148489] UDP-Lite hash table entries: 1024 (order: 3, 32768 bytes)
Mar 14 10:58:03 ubuntu kernel: [    0.148489] NET: Registered protocol family 1
Mar 14 10:58:03 ubuntu kernel: [    0.148489] NET: Registered protocol family 44
Mar 14 10:58:03 ubuntu kernel: [    0.148489] pci 0000:00:00.0: Limiting direct PCI/PCI transfers
Mar 14 10:58:03 ubuntu kernel: [    0.148581] pci 0000:00:01.0: Activating ISA DMA hang workarounds
Mar 14 10:58:03 ubuntu kernel: [    0.148659] pci 0000:00:02.0: Video device with shadowed ROM at [mem 0x000c0000-0x000dffff]
Mar 14 10:58:03 ubuntu kernel: [    0.150848] PCI: CLS 0 bytes, default 64
Mar 14 10:58:03 ubuntu kernel: [    0.150868] Unpacking initramfs...
Mar 14 10:58:03 ubuntu kernel: [    0.672560] Freeing initrd memory: 56180K
Mar 14 10:58:03 ubuntu kernel: [    0.672560] platform rtc_cmos: registered platform RTC device (no PNP device found)
Mar 14 10:58:03 ubuntu kernel: [    0.672560] Scanning for low memory corruption every 60 seconds
Mar 14 10:58:03 ubuntu kernel: [    0.674831] Initialise system trusted keyrings
Mar 14 10:58:03 ubuntu kernel: [    0.674837] Key type blacklist registered
Mar 14 10:58:03 ubuntu kernel: [    0.675281] workingset: timestamp_bits=36 max_order=19 bucket_order=0
Mar 14 10:58:03 ubuntu kernel: [    0.675779] zbud: loaded
Mar 14 10:58:03 ubuntu kernel: [    0.676722] squashfs: version 4.0 (2009/01/31) Phillip Lougher
Mar 14 10:58:03 ubuntu kernel: [    0.677294] fuse init (API version 7.27)
Mar 14 10:58:03 ubuntu kernel: [    0.677567] pstore: using deflate compression
Mar 14 10:58:03 ubuntu kernel: [    0.685714] Key type asymmetric registered
Mar 14 10:58:03 ubuntu kernel: [    0.685714] Asymmetric key parser 'x509' registered
Mar 14 10:58:03 ubuntu kernel: [    0.685735] Block layer SCSI generic (bsg) driver version 0.4 loaded (major 244)
Mar 14 10:58:03 ubuntu kernel: [    0.685903] io scheduler noop registered
Mar 14 10:58:03 ubuntu kernel: [    0.685904] io scheduler deadline registered
Mar 14 10:58:03 ubuntu kernel: [    0.685917] io scheduler cfq registered (default)
Mar 14 10:58:03 ubuntu kernel: [    0.686120] shpchp: Standard Hot Plug PCI Controller Driver version: 0.4
Mar 14 10:58:03 ubuntu kernel: [    0.686142] intel_idle: does not run on family 6 model 151
Mar 14 10:58:03 ubuntu kernel: [    0.686212] ACPI: AC Adapter [AC] (on-line)
Mar 14 10:58:03 ubuntu kernel: [    0.686235] input: Power Button as /devices/LNXSYSTM:00/LNXPWRBN:00/input/input0
Mar 14 10:58:03 ubuntu kernel: [    0.686241] ACPI: Power Button [PWRF]
Mar 14 10:58:03 ubuntu kernel: [    0.686286] input: Sleep Button as /devices/LNXSYSTM:00/LNXSLPBN:00/input/input1
Mar 14 10:58:03 ubuntu kernel: [    0.686288] ACPI: Sleep Button [SLPF]
Mar 14 10:58:03 ubuntu kernel: [    0.686823] Serial: 8250/16550 driver, 32 ports, IRQ sharing enabled
Mar 14 10:58:03 ubuntu kernel: [    0.693593] Linux agpgart interface v0.103
Mar 14 10:58:03 ubuntu kernel: [    0.696400] loop: module loaded
Mar 14 10:58:03 ubuntu kernel: [    0.696452] ata_piix 0000:00:01.1: version 2.13
Mar 14 10:58:03 ubuntu kernel: [    0.697395] scsi host0: ata_piix
Mar 14 10:58:03 ubuntu kernel: [    0.697693] scsi host1: ata_piix
Mar 14 10:58:03 ubuntu kernel: [    0.697705] ata1: PATA max UDMA/33 cmd 0x1f0 ctl 0x3f6 bmdma 0xd000 irq 14
Mar 14 10:58:03 ubuntu kernel: [    0.697706] ata2: PATA max UDMA/33 cmd 0x170 ctl 0x376 bmdma 0xd008 irq 15
Mar 14 10:58:03 ubuntu kernel: [    0.697797] libphy: Fixed MDIO Bus: probed
Mar 14 10:58:03 ubuntu kernel: [    0.697797] tun: Universal TUN/TAP device driver, 1.6
Mar 14 10:58:03 ubuntu kernel: [    0.698456] PPP generic driver version 2.4.2
Mar 14 10:58:03 ubuntu kernel: [    0.698608] ehci_hcd: USB 2.0 'Enhanced' Host Controller (EHCI) Driver
Mar 14 10:58:03 ubuntu kernel: [    0.698610] ehci-pci: EHCI PCI platform driver
Mar 14 10:58:03 ubuntu kernel: [    0.699149] ehci-pci 0000:00:0b.0: EHCI Host Controller
Mar 14 10:58:03 ubuntu kernel: [    0.699152] ehci-pci 0000:00:0b.0: new USB bus registered, assigned bus number 1
Mar 14 10:58:03 ubuntu kernel: [    0.699633] ehci-pci 0000:00:0b.0: irq 19, io mem 0xf0805000
Mar 14 10:58:03 ubuntu kernel: [    0.712894] ehci-pci 0000:00:0b.0: USB 2.0 started, EHCI 1.00
Mar 14 10:58:03 ubuntu kernel: [    0.712937] usb usb1: New USB device found, idVendor=1d6b, idProduct=0002, bcdDevice= 4.18
Mar 14 10:58:03 ubuntu kernel: [    0.712938] usb usb1: New USB device strings: Mfr=3, Product=2, SerialNumber=1
Mar 14 10:58:03 ubuntu kernel: [    0.712938] usb usb1: Product: EHCI Host Controller
Mar 14 10:58:03 ubuntu kernel: [    0.712939] usb usb1: Manufacturer: Linux 4.18.0-15-generic ehci_hcd
Mar 14 10:58:03 ubuntu kernel: [    0.712940] usb usb1: SerialNumber: 0000:00:0b.0
Mar 14 10:58:03 ubuntu kernel: [    0.713122] hub 1-0:1.0: USB hub found
Mar 14 10:58:03 ubuntu kernel: [    0.713124] hub 1-0:1.0: 12 ports detected
Mar 14 10:58:03 ubuntu kernel: [    0.713393] ehci-platform: EHCI generic platform driver
Mar 14 10:58:03 ubuntu kernel: [    0.713397] ohci_hcd: USB 1.1 'Open' Host Controller (OHCI) Driver
Mar 14 10:58:03 ubuntu kernel: [    0.713398] ohci-pci: OHCI PCI platform driver
Mar 14 10:58:03 ubuntu kernel: [    0.713914] ohci-pci 0000:00:06.0: OHCI PCI host controller
Mar 14 10:58:03 ubuntu kernel: [    0.713917] ohci-pci 0000:00:06.0: new USB bus registered, assigned bus number 2
Mar 14 10:58:03 ubuntu kernel: [    0.714141] ohci-pci 0000:00:06.0: irq 22, io mem 0xf0804000
Mar 14 10:58:03 ubuntu kernel: [    0.775921] usb usb2: New USB device found, idVendor=1d6b, idProduct=0001, bcdDevice= 4.18
Mar 14 10:58:03 ubuntu kernel: [    0.775922] usb usb2: New USB device strings: Mfr=3, Product=2, SerialNumber=1
Mar 14 10:58:03 ubuntu kernel: [    0.775923] usb usb2: Product: OHCI PCI host controller
Mar 14 10:58:03 ubuntu kernel: [    0.775924] usb usb2: Manufacturer: Linux 4.18.0-15-generic ohci_hcd
Mar 14 10:58:03 ubuntu kernel: [    0.775924] usb usb2: SerialNumber: 0000:00:06.0
Mar 14 10:58:03 ubuntu kernel: [    0.776199] hub 2-0:1.0: USB hub found
Mar 14 10:58:03 ubuntu kernel: [    0.776253] hub 2-0:1.0: 12 ports detected
Mar 14 10:58:03 ubuntu kernel: [    0.776906] ohci-platform: OHCI generic platform driver
Mar 14 10:58:03 ubuntu kernel: [    0.776935] uhci_hcd: USB Universal Host Controller Interface driver
Mar 14 10:58:03 ubuntu kernel: [    0.776968] i8042: PNP: PS/2 Controller [PNP0303:PS2K,PNP0f03:PS2M] at 0x60,0x64 irq 1,12
Mar 14 10:58:03 ubuntu kernel: [    0.778444] serio: i8042 KBD port at 0x60,0x64 irq 1
Mar 14 10:58:03 ubuntu kernel: [    0.778460] serio: i8042 AUX port at 0x60,0x64 irq 12
Mar 14 10:58:03 ubuntu kernel: [    0.778832] mousedev: PS/2 mouse device common for all mice
Mar 14 10:58:03 ubuntu kernel: [    0.781144] input: AT Translated Set 2 keyboard as /devices/platform/i8042/serio0/input/input2
Mar 14 10:58:03 ubuntu kernel: [    0.781508] rtc_cmos rtc_cmos: registered as rtc0
Mar 14 10:58:03 ubuntu kernel: [    0.781515] rtc_cmos rtc_cmos: alarms up to one day, 114 bytes nvram
Mar 14 10:58:03 ubuntu kernel: [    0.781519] i2c /dev entries driver
Mar 14 10:58:03 ubuntu kernel: [    0.781522] pcie_mp2_amd: AMD(R) PCI-E MP2 Communication Driver Version: 1.0
Mar 14 10:58:03 ubuntu kernel: [    0.781563] device-mapper: uevent: version 1.0.3
Mar 14 10:58:03 ubuntu kernel: [    0.781801] device-mapper: ioctl: 4.39.0-ioctl (2018-04-03) initialised: dm-devel@redhat.com
Mar 14 10:58:03 ubuntu kernel: [    0.782157] ledtrig-cpu: registered to indicate activity on CPUs
Mar 14 10:58:03 ubuntu kernel: [    0.783175] NET: Registered protocol family 10
Mar 14 10:58:03 ubuntu kernel: [    0.786673] Segment Routing with IPv6
Mar 14 10:58:03 ubuntu kernel: [    0.786684] NET: Registered protocol family 17
Mar 14 10:58:03 ubuntu kernel: [    0.786853] Key type dns_resolver registered
Mar 14 10:58:03 ubuntu kernel: [    0.787238] RAS: Correctable Errors collector initialized.
Mar 14 10:58:03 ubuntu kernel: [    0.787245] sched_clock: Marking stable (787221714, 0)->(958992065, -171770351)
Mar 14 10:58:03 ubuntu kernel: [    0.789401] registered taskstats version 1
Mar 14 10:58:03 ubuntu kernel: [    0.789406] Loading compiled-in X.509 certificates
Mar 14 10:58:03 ubuntu kernel: [    0.791816] Loaded X.509 cert 'Build time autogenerated kernel key: 93c6e076713d738d171f44766725faeef9510f02'
Mar 14 10:58:03 ubuntu kernel: [    0.791828] zswap: loaded using pool lzo/zbud
Mar 14 10:58:03 ubuntu kernel: [    0.796826] Key type big_key registered
Mar 14 10:58:03 ubuntu kernel: [    0.796828] Key type trusted registered
Mar 14 10:58:03 ubuntu kernel: [    0.798807] Key type encrypted registered
Mar 14 10:58:03 ubuntu kernel: [    0.798809] AppArmor: AppArmor sha1 policy hashing enabled
Mar 14 10:58:03 ubuntu kernel: [    0.798813] ima: No TPM chip found, activating TPM-bypass! (rc=-19)
Mar 14 10:58:03 ubuntu kernel: [    0.798815] ima: Allocated hash algorithm: sha1
Mar 14 10:58:03 ubuntu kernel: [    0.798822] evm: Initialising EVM extended attributes:
Mar 14 10:58:03 ubuntu kernel: [    0.798823] evm: security.selinux
Mar 14 10:58:03 ubuntu kernel: [    0.798823] evm: security.SMACK64
Mar 14 10:58:03 ubuntu kernel: [    0.798823] evm: security.SMACK64EXEC
Mar 14 10:58:03 ubuntu kernel: [    0.798824] evm: security.SMACK64TRANSMUTE
Mar 14 10:58:03 ubuntu kernel: [    0.798824] evm: security.SMACK64MMAP
Mar 14 10:58:03 ubuntu kernel: [    0.798824] evm: security.apparmor
Mar 14 10:58:03 ubuntu kernel: [    0.798825] evm: security.ima
Mar 14 10:58:03 ubuntu kernel: [    0.798825] evm: security.capability
Mar 14 10:58:03 ubuntu kernel: [    0.798826] evm: HMAC attrs: 0x1
Mar 14 10:58:03 ubuntu kernel: [    0.798951]   Magic number: 15:683:965
Mar 14 10:58:03 ubuntu kernel: [    0.799205] rtc_cmos rtc_cmos: setting system clock to 2023-03-14 02:58:01 UTC (1678762681)
Mar 14 10:58:03 ubuntu kernel: [    0.876110] ata2.00: ATAPI: VBOX CD-ROM, 1.0, max UDMA/133
Mar 14 10:58:03 ubuntu kernel: [    0.878148] scsi 1:0:0:0: CD-ROM            VBOX     CD-ROM           1.0  PQ: 0 ANSI: 5
Mar 14 10:58:03 ubuntu kernel: [    0.909726] sr 1:0:0:0: [sr0] scsi3-mmc drive: 32x/32x xa/form2 tray
Mar 14 10:58:03 ubuntu kernel: [    0.909727] cdrom: Uniform CD-ROM driver Revision: 3.20
Mar 14 10:58:03 ubuntu kernel: [    0.909959] sr 1:0:0:0: Attached scsi CD-ROM sr0
Mar 14 10:58:03 ubuntu kernel: [    0.910034] sr 1:0:0:0: Attached scsi generic sg0 type 5
Mar 14 10:58:03 ubuntu kernel: [    0.911684] Freeing unused kernel image memory: 2464K
Mar 14 10:58:03 ubuntu kernel: [    0.928337] Write protecting the kernel read-only data: 20480k
Mar 14 10:58:03 ubuntu kernel: [    0.928854] Freeing unused kernel image memory: 2008K
Mar 14 10:58:03 ubuntu kernel: [    0.929066] Freeing unused kernel image memory: 1784K
Mar 14 10:58:03 ubuntu kernel: [    0.932728] x86/mm: Checked W+X mappings: passed, no W+X pages found.
Mar 14 10:58:03 ubuntu kernel: [    0.972915] e1000: Intel(R) PRO/1000 Network Driver - version 7.3.21-k8-NAPI
Mar 14 10:58:03 ubuntu kernel: [    0.972916] e1000: Copyright (c) 1999-2006 Intel Corporation.
Mar 14 10:58:03 ubuntu kernel: [    0.974308] piix4_smbus 0000:00:07.0: SMBus Host Controller at 0x4100, revision 0
Mar 14 10:58:03 ubuntu kernel: [    0.975917] ACPI: Video Device [GFX0] (multi-head: yes  rom: no  post: no)
Mar 14 10:58:03 ubuntu kernel: [    0.975951] input: Video Bus as /devices/LNXSYSTM:00/LNXSYBUS:00/PNP0A03:00/LNXVIDEO:00/input/input4
Mar 14 10:58:03 ubuntu kernel: [    0.983041] ahci 0000:00:0d.0: version 3.0
Mar 14 10:58:03 ubuntu kernel: [    0.984619] [drm] DMA map mode: Using physical TTM page addresses.
Mar 14 10:58:03 ubuntu kernel: [    0.984866] [drm] Capabilities:
Mar 14 10:58:03 ubuntu kernel: [    0.984867] [drm]   Rect copy.
Mar 14 10:58:03 ubuntu kernel: [    0.984867] [drm]   Cursor.
Mar 14 10:58:03 ubuntu kernel: [    0.984867] [drm]   Cursor bypass.
Mar 14 10:58:03 ubuntu kernel: [    0.984867] [drm]   Cursor bypass 2.
Mar 14 10:58:03 ubuntu kernel: [    0.984868] [drm]   Alpha cursor.
Mar 14 10:58:03 ubuntu kernel: [    0.984868] [drm]   Extended Fifo.
Mar 14 10:58:03 ubuntu kernel: [    0.984868] [drm]   Pitchlock.
Mar 14 10:58:03 ubuntu kernel: [    0.984869] [drm]   Irq mask.
Mar 14 10:58:03 ubuntu kernel: [    0.984869] [drm]   GMR.
Mar 14 10:58:03 ubuntu kernel: [    0.984869] [drm]   Traces.
Mar 14 10:58:03 ubuntu kernel: [    0.984870] [drm]   GMR2.
Mar 14 10:58:03 ubuntu kernel: [    0.984870] [drm]   Screen Object 2.
Mar 14 10:58:03 ubuntu kernel: [    0.984870] [drm]   Command Buffers.
Mar 14 10:58:03 ubuntu kernel: [    0.984871] [drm] Max GMR ids is 8192
Mar 14 10:58:03 ubuntu kernel: [    0.984871] [drm] Max number of GMR pages is 1048576
Mar 14 10:58:03 ubuntu kernel: [    0.984871] [drm] Max dedicated hypervisor surface memory is 507904 kiB
Mar 14 10:58:03 ubuntu kernel: [    0.984872] [drm] Maximum display memory size is 16384 kiB
Mar 14 10:58:03 ubuntu kernel: [    0.984872] [drm] VRAM at 0xe0000000 size is 16384 kiB
Mar 14 10:58:03 ubuntu kernel: [    0.984873] [drm] MMIO at 0xf0000000 size is 2048 kiB
Mar 14 10:58:03 ubuntu kernel: [    0.984874] [drm] global init.
Mar 14 10:58:03 ubuntu kernel: [    0.985427] ahci 0000:00:0d.0: SSS flag set, parallel bus scan disabled
Mar 14 10:58:03 ubuntu kernel: [    0.985798] ahci 0000:00:0d.0: AHCI 0001.0100 32 slots 1 ports 3 Gbps 0x1 impl SATA mode
Mar 14 10:58:03 ubuntu kernel: [    0.985799] ahci 0000:00:0d.0: flags: 64bit ncq stag only ccc 
Mar 14 10:58:03 ubuntu kernel: [    0.990605] [TTM] Zone  kernel: Available graphics memory: 1020464 kiB
Mar 14 10:58:03 ubuntu kernel: [    0.990606] [TTM] Initializing pool allocator
Mar 14 10:58:03 ubuntu kernel: [    0.990609] [TTM] Initializing DMA pool allocator
Mar 14 10:58:03 ubuntu kernel: [    0.993679] scsi host2: ahci
Mar 14 10:58:03 ubuntu kernel: [    0.993738] ata3: SATA max UDMA/133 abar m8192@0xf0806000 port 0xf0806100 irq 21
Mar 14 10:58:03 ubuntu kernel: [    0.994090] [drm] Supports vblank timestamp caching Rev 2 (21.10.2013).
Mar 14 10:58:03 ubuntu kernel: [    0.994091] [drm] No driver support for vblank timestamp query.
Mar 14 10:58:03 ubuntu kernel: [    0.994315] [drm] Screen Objects Display Unit initialized
Mar 14 10:58:03 ubuntu kernel: [    0.994344] [drm] width 720
Mar 14 10:58:03 ubuntu kernel: [    0.994360] [drm] height 400
Mar 14 10:58:03 ubuntu kernel: [    0.994407] [drm] bpp 32
Mar 14 10:58:03 ubuntu kernel: [    0.994590] [drm] Fifo max 0x00200000 min 0x00001000 cap 0x00000355
Mar 14 10:58:03 ubuntu kernel: [    0.994706] [drm] Using command buffers with DMA pool.
Mar 14 10:58:03 ubuntu kernel: [    0.994711] [drm] DX: no.
Mar 14 10:58:03 ubuntu kernel: [    0.994712] [drm] Atomic: yes
Mar 14 10:58:03 ubuntu kernel: [    0.994729] [drm:vmw_host_log [vmwgfx]] *ERROR* Failed to send log
Mar 14 10:58:03 ubuntu kernel: [    0.996420] [drm:vmw_host_log [vmwgfx]] *ERROR* Failed to send log
Mar 14 10:58:03 ubuntu kernel: [    1.000096] fbcon: svgadrmfb (fb0) is primary device
Mar 14 10:58:03 ubuntu kernel: [    1.031279] Console: switching to colour frame buffer device 100x37
Mar 14 10:58:03 ubuntu kernel: [    1.032229] [drm] Initialized vmwgfx 2.14.1 20180322 for 0000:00:02.0 on minor 0
Mar 14 10:58:03 ubuntu kernel: [    1.197099] input: ImExPS/2 Generic Explorer Mouse as /devices/platform/i8042/serio1/input/input5
Mar 14 10:58:03 ubuntu kernel: [    1.220075] usb 2-1: new full-speed USB device number 2 using ohci-pci
Mar 14 10:58:03 ubuntu kernel: [    1.313050] ata3: SATA link up 3.0 Gbps (SStatus 123 SControl 300)
Mar 14 10:58:03 ubuntu kernel: [    1.313262] ata3.00: ATA-6: VBOX HARDDISK, 1.0, max UDMA/133
Mar 14 10:58:03 ubuntu kernel: [    1.313263] ata3.00: 104857600 sectors, multi 128: LBA48 NCQ (depth 32)
Mar 14 10:58:03 ubuntu kernel: [    1.313594] ata3.00: configured for UDMA/133
Mar 14 10:58:03 ubuntu kernel: [    1.314192] scsi 2:0:0:0: Direct-Access     ATA      VBOX HARDDISK    1.0  PQ: 0 ANSI: 5
Mar 14 10:58:03 ubuntu kernel: [    1.314320] sd 2:0:0:0: [sda] 104857600 512-byte logical blocks: (53.7 GB/50.0 GiB)
Mar 14 10:58:03 ubuntu kernel: [    1.314323] sd 2:0:0:0: [sda] Write Protect is off
Mar 14 10:58:03 ubuntu kernel: [    1.314324] sd 2:0:0:0: [sda] Mode Sense: 00 3a 00 00
Mar 14 10:58:03 ubuntu kernel: [    1.314328] sd 2:0:0:0: [sda] Write cache: enabled, read cache: enabled, doesn't support DPO or FUA
Mar 14 10:58:03 ubuntu kernel: [    1.314550] sd 2:0:0:0: Attached scsi generic sg1 type 0
Mar 14 10:58:03 ubuntu kernel: [    1.315082]  sda: sda1
Mar 14 10:58:03 ubuntu kernel: [    1.315173] sd 2:0:0:0: [sda] Attached SCSI disk
Mar 14 10:58:03 ubuntu kernel: [    1.499694] e1000 0000:00:03.0 eth0: (PCI:33MHz:32-bit) 08:00:27:27:19:33
Mar 14 10:58:03 ubuntu kernel: [    1.499698] e1000 0000:00:03.0 eth0: Intel(R) PRO/1000 Network Connection
Mar 14 10:58:03 ubuntu kernel: [    1.500780] e1000 0000:00:03.0 enp0s3: renamed from eth0
Mar 14 10:58:03 ubuntu kernel: [    1.528418] usb 2-1: New USB device found, idVendor=80ee, idProduct=0021, bcdDevice= 1.00
Mar 14 10:58:03 ubuntu kernel: [    1.528419] usb 2-1: New USB device strings: Mfr=1, Product=3, SerialNumber=0
Mar 14 10:58:03 ubuntu kernel: [    1.528420] usb 2-1: Product: USB Tablet
Mar 14 10:58:03 ubuntu kernel: [    1.528421] usb 2-1: Manufacturer: VirtualBox
Mar 14 10:58:03 ubuntu kernel: [    1.536259] hidraw: raw HID events driver (C) Jiri Kosina
Mar 14 10:58:03 ubuntu kernel: [    1.547453] usbcore: registered new interface driver usbhid
Mar 14 10:58:03 ubuntu kernel: [    1.547453] usbhid: USB HID core driver
Mar 14 10:58:03 ubuntu kernel: [    1.548275] random: fast init done
Mar 14 10:58:03 ubuntu kernel: [    1.548351] random: systemd-udevd: uninitialized urandom read (16 bytes read)
Mar 14 10:58:03 ubuntu kernel: [    1.548356] random: systemd-udevd: uninitialized urandom read (16 bytes read)
Mar 14 10:58:03 ubuntu kernel: [    1.548384] random: systemd-udevd: uninitialized urandom read (16 bytes read)
Mar 14 10:58:03 ubuntu kernel: [    1.549334] input: VirtualBox USB Tablet as /devices/pci0000:00/0000:00:06.0/usb2/2-1/2-1:1.0/0003:80EE:0021.0001/input/input6
Mar 14 10:58:03 ubuntu kernel: [    1.549796] hid-generic 0003:80EE:0021.0001: input,hidraw0: USB HID v1.10 Mouse [VirtualBox USB Tablet] on usb-0000:00:06.0-1/input0
Mar 14 10:58:03 ubuntu kernel: [    1.587791] EXT4-fs (sda1): mounted filesystem with ordered data mode. Opts: (null)
Mar 14 10:58:03 ubuntu kernel: [    1.778877] systemd[1]: systemd 237 running in system mode. (+PAM +AUDIT +SELINUX +IMA +APPARMOR +SMACK +SYSVINIT +UTMP +LIBCRYPTSETUP +GCRYPT +GNUTLS +ACL +XZ +LZ4 +SECCOMP +BLKID +ELFUTILS +KMOD -IDN2 +IDN -PCRE2 default-hierarchy=hybrid)
Mar 14 10:58:03 ubuntu kernel: [    1.778890] systemd[1]: Detected virtualization oracle.
Mar 14 10:58:03 ubuntu kernel: [    1.779240] systemd[1]: Detected architecture x86-64.
Mar 14 10:58:03 ubuntu kernel: [    1.791700] systemd[1]: Set hostname to <ubuntu>.
Mar 14 10:58:03 ubuntu kernel: [    1.797574] systemd[1]: Initializing machine ID from random generator.
Mar 14 10:58:03 ubuntu kernel: [    1.797595] systemd[1]: Installed transient /etc/machine-id file.
Mar 14 10:58:03 ubuntu kernel: [    1.957112] systemd[1]: Created slice System Slice.
Mar 14 10:58:03 ubuntu kernel: [    1.957149] systemd[1]: Listening on udev Kernel Socket.
Mar 14 10:58:03 ubuntu kernel: [    1.957174] systemd[1]: Listening on Journal Socket (/dev/log).
Mar 14 10:58:03 ubuntu kernel: [    1.957214] systemd[1]: Created slice User and Session Slice.
Mar 14 10:58:03 ubuntu kernel: [    2.040037] lp: driver loaded but no devices found
Mar 14 10:58:03 ubuntu kernel: [    2.042280] EXT4-fs (sda1): re-mounted. Opts: errors=remount-ro
Mar 14 10:58:03 ubuntu kernel: [    2.044718] ppdev: user-space parallel port driver
Mar 14 10:58:03 ubuntu kernel: [    2.062850] systemd-journald[241]: Received request to flush runtime journal from PID 1
Mar 14 10:58:03 ubuntu kernel: [    2.117448] Adding 2097148k swap on /swapfile.  Priority:-2 extents:6 across:2260988k FS
Mar 14 10:58:03 ubuntu kernel: [    2.526979] vgdrvHeartbeatInit: Setting up heartbeat to trigger every 2000 milliseconds
Mar 14 10:58:03 ubuntu kernel: [    2.527074] input: Unspecified device as /devices/pci0000:00/0000:00:04.0/input/input7
Mar 14 10:58:03 ubuntu kernel: [    2.528280] vboxguest: misc device minor 55, IRQ 20, I/O port d040, MMIO at 00000000f0400000 (size 0x400000)
Mar 14 10:58:03 ubuntu kernel: [    2.528281] vboxguest: Successfully loaded version 5.2.18_KernelUbuntu (interface 0x00010004)
Mar 14 10:58:03 ubuntu kernel: [    2.614517] cryptd: max_cpu_qlen set to 1000
Mar 14 10:58:03 ubuntu kernel: [    2.620269] audit: type=1400 audit(1678762683.320:2): apparmor="STATUS" operation="profile_load" profile="unconfined" name="/sbin/dhclient" pid=371 comm="apparmor_parser"
Mar 14 10:58:03 ubuntu kernel: [    2.620271] audit: type=1400 audit(1678762683.320:3): apparmor="STATUS" operation="profile_load" profile="unconfined" name="/usr/lib/NetworkManager/nm-dhcp-client.action" pid=371 comm="apparmor_parser"
Mar 14 10:58:03 ubuntu kernel: [    2.620272] audit: type=1400 audit(1678762683.320:4): apparmor="STATUS" operation="profile_load" profile="unconfined" name="/usr/lib/NetworkManager/nm-dhcp-helper" pid=371 comm="apparmor_parser"
Mar 14 10:58:03 ubuntu kernel: [    2.620273] audit: type=1400 audit(1678762683.320:5): apparmor="STATUS" operation="profile_load" profile="unconfined" name="/usr/lib/connman/scripts/dhclient-script" pid=371 comm="apparmor_parser"
Mar 14 10:58:03 ubuntu kernel: [    2.627117] SSE version of gcm_enc/dec engaged.
Mar 14 10:58:03 ubuntu kernel: [    2.645490] audit: type=1400 audit(1678762683.344:6): apparmor="STATUS" operation="profile_load" profile="unconfined" name="/usr/bin/evince" pid=372 comm="apparmor_parser"
Mar 14 10:58:03 ubuntu kernel: [    2.645492] audit: type=1400 audit(1678762683.344:7): apparmor="STATUS" operation="profile_load" profile="unconfined" name="/usr/bin/evince//sanitized_helper" pid=372 comm="apparmor_parser"
Mar 14 10:58:03 ubuntu kernel: [    2.645493] audit: type=1400 audit(1678762683.344:8): apparmor="STATUS" operation="profile_load" profile="unconfined" name="/usr/bin/evince-previewer" pid=372 comm="apparmor_parser"
Mar 14 10:58:03 ubuntu kernel: [    2.645494] audit: type=1400 audit(1678762683.344:9): apparmor="STATUS" operation="profile_load" profile="unconfined" name="/usr/bin/evince-previewer//sanitized_helper" pid=372 comm="apparmor_parser"
Mar 14 10:58:03 ubuntu kernel: [    2.645495] audit: type=1400 audit(1678762683.344:10): apparmor="STATUS" operation="profile_load" profile="unconfined" name="/usr/bin/evince-thumbnailer" pid=372 comm="apparmor_parser"
Mar 14 10:58:03 ubuntu dbus-daemon[530]: [system] AppArmor D-Bus mediation is enabled
Mar 14 10:58:03 ubuntu systemd[1]: Started Login Service.
Mar 14 10:58:03 ubuntu systemd[1]: Starting WPA supplicant...
Mar 14 10:58:03 ubuntu systemd[1]: Starting Network Manager...
Mar 14 10:58:03 ubuntu systemd[1]: Starting LSB: Speech Dispatcher...
Mar 14 10:58:03 ubuntu systemd[1]: Starting LSB: automatic crash report generation...
Mar 14 10:58:03 ubuntu systemd[1]: Starting Disk Manager...
Mar 14 10:58:03 ubuntu systemd[1]: Started Run anacron jobs.
Mar 14 10:58:03 ubuntu avahi-daemon[520]: Successfully called chroot().
Mar 14 10:58:03 ubuntu avahi-daemon[520]: Successfully dropped remaining capabilities.
Mar 14 10:58:03 ubuntu avahi-daemon[520]: No service file found in /etc/avahi/services.
Mar 14 10:58:03 ubuntu thermald[518]: NO RAPL sysfs present
Mar 14 10:58:03 ubuntu thermald[518]: 22 CPUID levels; family:model:stepping 0x6:97:2 (6:151:2)
Mar 14 10:58:03 ubuntu thermald[518]:  Need Linux PowerCap sysfs
Mar 14 10:58:03 ubuntu systemd[1]: Starting Dispatcher daemon for systemd-networkd...
Mar 14 10:58:03 ubuntu avahi-daemon[520]: Joining mDNS multicast group on interface lo.IPv6 with address ::1.
Mar 14 10:58:03 ubuntu avahi-daemon[520]: New relevant interface lo.IPv6 for mDNS.
Mar 14 10:58:03 ubuntu avahi-daemon[520]: Joining mDNS multicast group on interface lo.IPv4 with address 127.0.0.1.
Mar 14 10:58:03 ubuntu avahi-daemon[520]: New relevant interface lo.IPv4 for mDNS.
Mar 14 10:58:03 ubuntu avahi-daemon[520]: Network interface enumeration completed.
Mar 14 10:58:03 ubuntu avahi-daemon[520]: Registering new address record for ::1 on lo.*.
Mar 14 10:58:03 ubuntu avahi-daemon[520]: Registering new address record for 127.0.0.1 on lo.IPv4.
Mar 14 10:58:03 ubuntu systemd[1]: Starting LSB: Record successful boot for GRUB...
Mar 14 10:58:03 ubuntu thermald[518]: Unsupported cpu model, use thermal-conf.xml file or run with --ignore-cpuid-check
Mar 14 10:58:03 ubuntu thermald[518]: THD engine start failed
Mar 14 10:58:03 ubuntu systemd[1]: Starting Snappy daemon...
Mar 14 10:58:03 ubuntu dbus-daemon[530]: [system] Activating via systemd: service name='org.freedesktop.PolicyKit1' unit='polkit.service' requested by ':1.7' (uid=0 pid=521 comm="/usr/sbin/ModemManager " label="unconfined")
Mar 14 10:58:03 ubuntu systemd[1]: Started System Logging Service.
Mar 14 10:58:03 ubuntu kernel: [    3.152190] snd_intel8x0 0000:00:05.0: white list rate for 1028:0177 is 48000
Mar 14 10:58:03 ubuntu systemd[1]: Started Raise network interfaces.
Mar 14 10:58:03 ubuntu systemd[1]: Started Restore /etc/resolv.conf if the system crashed before the ppp link was shut down.
Mar 14 10:58:03 ubuntu systemd[1]: Started Thermal Daemon Service.
Mar 14 10:58:03 ubuntu systemd[1]: Started Detect the available GPUs and deal with any system changes.
Mar 14 10:58:03 ubuntu kernel: [    3.165758] random: crng init done
Mar 14 10:58:03 ubuntu kernel: [    3.165759] random: 7 urandom warning(s) missed due to ratelimiting
Mar 14 10:58:03 ubuntu anacron[574]: Anacron 2.3 started on 2023-03-14
Mar 14 10:58:03 ubuntu anacron[574]: Will run job `cron.daily' in 5 min.
Mar 14 10:58:03 ubuntu anacron[574]: Will run job `cron.weekly' in 10 min.
Mar 14 10:58:03 ubuntu anacron[574]: Will run job `cron.monthly' in 15 min.
Mar 14 10:58:03 ubuntu anacron[574]: Jobs will be executed sequentially
Mar 14 10:58:03 ubuntu systemd-udevd[331]: Process '/usr/sbin/alsactl -E HOME=/run/alsa restore 0' failed with exit code 99.
Mar 14 10:58:03 ubuntu udisksd[573]: udisks daemon version 2.7.6 starting
Mar 14 10:58:03 ubuntu systemd[1]: Started Avahi mDNS/DNS-SD Stack.
Mar 14 10:58:03 ubuntu apport[572]:  * Starting automatic crash report generation: apport
Mar 14 10:58:03 ubuntu systemd[1]: Starting Authorization Manager...
Mar 14 10:58:03 ubuntu systemd[1]: Reached target Sound Card.
Mar 14 10:58:03 ubuntu systemd[1]: Started Make remote CUPS printers available locally.
Mar 14 10:58:03 ubuntu grub-common[580]:  * Recording successful boot for GRUB
Mar 14 10:58:03 ubuntu speech-dispatcher[571]:  * speech-dispatcher disabled; edit /etc/default/speech-dispatcher
Mar 14 10:58:03 ubuntu systemd[1]: Started LSB: Speech Dispatcher.
Mar 14 10:58:03 ubuntu apport[572]:    ...done.
Mar 14 10:58:03 ubuntu systemd[1]: Started LSB: automatic crash report generation.
Mar 14 10:58:03 ubuntu systemd[1]: Started WPA supplicant.
Mar 14 10:58:03 ubuntu wpa_supplicant[569]: Successfully initialized wpa_supplicant
Mar 14 10:58:04 ubuntu polkitd[594]: started daemon version 0.105 using authority implementation `local' version `0.105'
Mar 14 10:58:04 ubuntu dbus-daemon[530]: [system] Successfully activated service 'org.freedesktop.PolicyKit1'
Mar 14 10:58:04 ubuntu systemd[1]: Started Authorization Manager.
Mar 14 10:58:04 ubuntu udisksd[573]: failed to load module mdraid: libbd_mdraid.so.2: cannot open shared object file: No such file or directory
Mar 14 10:58:04 ubuntu accounts-daemon[515]: started daemon version 0.6.45
Mar 14 10:58:04 ubuntu systemd[1]: Started Accounts Service.
Mar 14 10:58:04 ubuntu NetworkManager[570]: <info>  [1678762684.0404] NetworkManager (version 1.10.6) is starting... (for the first time)
Mar 14 10:58:04 ubuntu NetworkManager[570]: <info>  [1678762684.0405] Read config: /etc/NetworkManager/NetworkManager.conf (lib: 10-dns-resolved.conf, 20-connectivity-ubuntu.conf, no-mac-addr-change.conf) (run: 10-globally-managed-devices.conf) (etc: default-wifi-powersave-on.conf)
Mar 14 10:58:04 ubuntu NetworkManager[570]: <info>  [1678762684.0494] manager[0x5598c32a6060]: monitoring kernel firmware directory '/lib/firmware'.
Mar 14 10:58:04 ubuntu NetworkManager[570]: <info>  [1678762684.0494] monitoring ifupdown state file '/run/network/ifstate'.
Mar 14 10:58:04 ubuntu dbus-daemon[530]: [system] Activating via systemd: service name='org.freedesktop.hostname1' unit='dbus-org.freedesktop.hostname1.service' requested by ':1.13' (uid=0 pid=570 comm="/usr/sbin/NetworkManager --no-daemon " label="unconfined")
Mar 14 10:58:04 ubuntu systemd[1]: Starting Hostname Service...
Mar 14 10:58:04 ubuntu udisksd[573]: Failed to load the 'mdraid' libblockdev plugin
Mar 14 10:58:04 ubuntu grub-common[580]:    ...done.
Mar 14 10:58:04 ubuntu systemd[1]: Started LSB: Record successful boot for GRUB.
Mar 14 10:58:04 ubuntu systemd[1]: Started Modem Manager.
Mar 14 10:58:04 ubuntu snapd[581]: AppArmor status: apparmor is enabled and all features are available
Mar 14 10:58:04 ubuntu dbus-daemon[530]: [system] Successfully activated service 'org.freedesktop.hostname1'
Mar 14 10:58:04 ubuntu systemd[1]: Started Hostname Service.
Mar 14 10:58:04 ubuntu NetworkManager[570]: <info>  [1678762684.1510] hostname: hostname: using hostnamed
Mar 14 10:58:04 ubuntu NetworkManager[570]: <info>  [1678762684.1510] hostname: hostname changed from (none) to "ubuntu"
Mar 14 10:58:04 ubuntu NetworkManager[570]: <info>  [1678762684.1512] dns-mgr[0x5598c32c4160]: init: dns=systemd-resolved, rc-manager=symlink, plugin=systemd-resolved
Mar 14 10:58:04 ubuntu NetworkManager[570]: <info>  [1678762684.1517] manager[0x5598c32a6060]: rfkill: WiFi hardware radio set enabled
Mar 14 10:58:04 ubuntu NetworkManager[570]: <info>  [1678762684.1517] manager[0x5598c32a6060]: rfkill: WWAN hardware radio set enabled
Mar 14 10:58:04 ubuntu systemd[1]: Started Network Manager.
Mar 14 10:58:04 ubuntu systemd[1]: Starting Network Manager Wait Online...
Mar 14 10:58:04 ubuntu systemd[1]: Reached target Network.
Mar 14 10:58:04 ubuntu systemd[1]: Started Unattended Upgrades Shutdown.
Mar 14 10:58:04 ubuntu systemd[1]: Starting Permit User Sessions...
Mar 14 10:58:04 ubuntu dbus-daemon[530]: [system] Activating via systemd: service name='org.freedesktop.nm_dispatcher' unit='dbus-org.freedesktop.nm-dispatcher.service' requested by ':1.13' (uid=0 pid=570 comm="/usr/sbin/NetworkManager --no-daemon " label="unconfined")
Mar 14 10:58:04 ubuntu systemd[1]: Starting Network Manager Script Dispatcher Service...
Mar 14 10:58:04 ubuntu systemd[1]: Started Permit User Sessions.
Mar 14 10:58:04 ubuntu systemd[1]: Starting GNOME Display Manager...
Mar 14 10:58:04 ubuntu systemd[1]: Starting Hold until boot process finishes up...
Mar 14 10:58:04 ubuntu dbus-daemon[530]: [system] Successfully activated service 'org.freedesktop.nm_dispatcher'
Mar 14 10:58:04 ubuntu systemd[1]: Started Network Manager Script Dispatcher Service.
Mar 14 10:58:04 ubuntu snapd[581]: helpers.go:145: error trying to compare the snap system key: system-key missing on disk
Mar 14 10:58:04 ubuntu NetworkManager[570]: <info>  [1678762684.2155] init!
Mar 14 10:58:04 ubuntu NetworkManager[570]: <info>  [1678762684.2158]       interface-parser: parsing file /etc/network/interfaces
Mar 14 10:58:04 ubuntu NetworkManager[570]: <info>  [1678762684.2158]       interface-parser: finished parsing file /etc/network/interfaces
Mar 14 10:58:04 ubuntu NetworkManager[570]: <info>  [1678762684.2158] management mode: unmanaged
Mar 14 10:58:04 ubuntu NetworkManager[570]: <info>  [1678762684.2159] devices added (path: /sys/devices/pci0000:00/0000:00:03.0/net/enp0s3, iface: enp0s3)
Mar 14 10:58:04 ubuntu NetworkManager[570]: <info>  [1678762684.2159] device added (path: /sys/devices/pci0000:00/0000:00:03.0/net/enp0s3, iface: enp0s3): no ifupdown configuration found.
Mar 14 10:58:04 ubuntu NetworkManager[570]: <info>  [1678762684.2160] devices added (path: /sys/devices/virtual/net/lo, iface: lo)
Mar 14 10:58:04 ubuntu NetworkManager[570]: <info>  [1678762684.2160] device added (path: /sys/devices/virtual/net/lo, iface: lo): no ifupdown configuration found.
Mar 14 10:58:04 ubuntu NetworkManager[570]: <info>  [1678762684.2160] end _init.
Mar 14 10:58:04 ubuntu NetworkManager[570]: <info>  [1678762684.2160] settings: loaded plugin ifupdown: (C) 2008 Canonical Ltd.  To report bugs please use the NetworkManager mailing list. (/usr/lib/x86_64-linux-gnu/NetworkManager/libnm-settings-plugin-ifupdown.so)
Mar 14 10:58:04 ubuntu NetworkManager[570]: <info>  [1678762684.2160] settings: loaded plugin keyfile: (c) 2007 - 2016 Red Hat, Inc.  To report bugs please use the NetworkManager mailing list.
Mar 14 10:58:04 ubuntu NetworkManager[570]: <info>  [1678762684.2160] (-1020387200) ... get_connections.
Mar 14 10:58:04 ubuntu NetworkManager[570]: <info>  [1678762684.2160] (-1020387200) ... get_connections (managed=false): return empty list.
Mar 14 10:58:04 ubuntu NetworkManager[570]: <info>  [1678762684.2164] get unmanaged devices count: 0
Mar 14 10:58:04 ubuntu NetworkManager[570]: <info>  [1678762684.2165] manager: rfkill: WiFi enabled by radio killswitch; enabled by state file
Mar 14 10:58:04 ubuntu NetworkManager[570]: <info>  [1678762684.2165] manager: rfkill: WWAN enabled by radio killswitch; enabled by state file
Mar 14 10:58:04 ubuntu NetworkManager[570]: <info>  [1678762684.2165] manager: Networking is enabled by state file
Mar 14 10:58:04 ubuntu NetworkManager[570]: <info>  [1678762684.2165] dhcp-init: Using DHCP client 'dhclient'
Mar 14 10:58:04 ubuntu NetworkManager[570]: <info>  [1678762684.2171] Loaded device plugin: NMBondDeviceFactory (internal)
Mar 14 10:58:04 ubuntu NetworkManager[570]: <info>  [1678762684.2171] Loaded device plugin: NMBridgeDeviceFactory (internal)
Mar 14 10:58:04 ubuntu NetworkManager[570]: <info>  [1678762684.2171] Loaded device plugin: NMDummyDeviceFactory (internal)
Mar 14 10:58:04 ubuntu NetworkManager[570]: <info>  [1678762684.2172] Loaded device plugin: NMEthernetDeviceFactory (internal)
Mar 14 10:58:04 ubuntu NetworkManager[570]: <info>  [1678762684.2172] Loaded device plugin: NMInfinibandDeviceFactory (internal)
Mar 14 10:58:04 ubuntu NetworkManager[570]: <info>  [1678762684.2172] Loaded device plugin: NMIPTunnelDeviceFactory (internal)
Mar 14 10:58:04 ubuntu NetworkManager[570]: <info>  [1678762684.2172] Loaded device plugin: NMMacsecDeviceFactory (internal)
Mar 14 10:58:04 ubuntu NetworkManager[570]: <info>  [1678762684.2172] Loaded device plugin: NMMacvlanDeviceFactory (internal)
Mar 14 10:58:04 ubuntu NetworkManager[570]: <info>  [1678762684.2172] Loaded device plugin: NMPppDeviceFactory (internal)
Mar 14 10:58:04 ubuntu NetworkManager[570]: <info>  [1678762684.2172] Loaded device plugin: NMTunDeviceFactory (internal)
Mar 14 10:58:04 ubuntu NetworkManager[570]: <info>  [1678762684.2172] Loaded device plugin: NMVethDeviceFactory (internal)
Mar 14 10:58:04 ubuntu NetworkManager[570]: <info>  [1678762684.2172] Loaded device plugin: NMVlanDeviceFactory (internal)
Mar 14 10:58:04 ubuntu NetworkManager[570]: <info>  [1678762684.2172] Loaded device plugin: NMVxlanDeviceFactory (internal)
Mar 14 10:58:04 ubuntu nm-dispatcher: req:1 'hostname': new request (1 scripts)
Mar 14 10:58:04 ubuntu nm-dispatcher: req:1 'hostname': start running ordered scripts...
Mar 14 10:58:04 ubuntu NetworkManager[570]: <info>  [1678762684.2191] Loaded device plugin: NMAtmManager (/usr/lib/x86_64-linux-gnu/NetworkManager/libnm-device-plugin-adsl.so)
Mar 14 10:58:04 ubuntu NetworkManager[570]: <info>  [1678762684.2251] Loaded device plugin: NMTeamFactory (/usr/lib/x86_64-linux-gnu/NetworkManager/libnm-device-plugin-team.so)
Mar 14 10:58:04 ubuntu snapd[581]: daemon.go:379: started snapd/2.37.1.1+18.04 (series 16; classic) ubuntu/18.04 (amd64) linux/4.18.0-15-generic.
Mar 14 10:58:04 ubuntu NetworkManager[570]: <info>  [1678762684.2276] Loaded device plugin: NMWwanFactory (/usr/lib/x86_64-linux-gnu/NetworkManager/libnm-device-plugin-wwan.so)
Mar 14 10:58:04 ubuntu NetworkManager[570]: <info>  [1678762684.2310] Loaded device plugin: NMBluezManager (/usr/lib/x86_64-linux-gnu/NetworkManager/libnm-device-plugin-bluetooth.so)
Mar 14 10:58:04 ubuntu NetworkManager[570]: <info>  [1678762684.2335] Loaded device plugin: NMWifiFactory (/usr/lib/x86_64-linux-gnu/NetworkManager/libnm-device-plugin-wifi.so)
Mar 14 10:58:04 ubuntu NetworkManager[570]: <info>  [1678762684.2346] device (lo): carrier: link connected
Mar 14 10:58:04 ubuntu NetworkManager[570]: <info>  [1678762684.2350] manager: (lo): new Generic device (/org/freedesktop/NetworkManager/Devices/1)
Mar 14 10:58:04 ubuntu NetworkManager[570]: <info>  [1678762684.2358] manager: (enp0s3): new Ethernet device (/org/freedesktop/NetworkManager/Devices/2)
Mar 14 10:58:04 ubuntu NetworkManager[570]: <info>  [1678762684.2368] keyfile: add connection in-memory (ad6bee07-8430-3f7b-9588-65eef27ffa89,"Wired connection 1")
Mar 14 10:58:04 ubuntu NetworkManager[570]: <info>  [1678762684.2377] settings: (enp0s3): created default wired connection 'Wired connection 1'
Mar 14 10:58:04 ubuntu NetworkManager[570]: <info>  [1678762684.2385] device (enp0s3): state change: unmanaged -> unavailable (reason 'managed', sys-iface-state: 'external')
Mar 14 10:58:04 ubuntu kernel: [    3.537834] IPv6: ADDRCONF(NETDEV_UP): enp0s3: link is not ready
Mar 14 10:58:04 ubuntu kernel: [    3.548819] e1000: enp0s3 NIC Link is Up 1000 Mbps Full Duplex, Flow Control: RX
Mar 14 10:58:04 ubuntu kernel: [    3.554009] IPv6: ADDRCONF(NETDEV_UP): enp0s3: link is not ready
Mar 14 10:58:04 ubuntu kernel: [    3.554187] IPv6: ADDRCONF(NETDEV_CHANGE): enp0s3: link becomes ready
Mar 14 10:58:04 ubuntu NetworkManager[570]: <info>  [1678762684.2598] device (enp0s3): carrier: link connected
Mar 14 10:58:04 ubuntu systemd[1]: Started Disk Manager.
Mar 14 10:58:04 ubuntu udisksd[573]: Acquired the name org.freedesktop.UDisks2 on the system message bus
Mar 14 10:58:04 ubuntu NetworkManager[570]: <info>  [1678762684.2729] modem-manager: ModemManager available
Mar 14 10:58:04 ubuntu NetworkManager[570]: <info>  [1678762684.2880] device (enp0s3): state change: unavailable -> disconnected (reason 'none', sys-iface-state: 'managed')
Mar 14 10:58:04 ubuntu networkd-dispatcher[579]: WARNING: systemd-networkd is not running, output will be incomplete.
Mar 14 10:58:04 ubuntu NetworkManager[570]: <info>  [1678762684.2987] policy: auto-activating connection 'Wired connection 1'
Mar 14 10:58:04 ubuntu NetworkManager[570]: <info>  [1678762684.3018] device (enp0s3): Activation: starting connection 'Wired connection 1' (ad6bee07-8430-3f7b-9588-65eef27ffa89)
Mar 14 10:58:04 ubuntu NetworkManager[570]: <info>  [1678762684.3029] device (enp0s3): state change: disconnected -> prepare (reason 'none', sys-iface-state: 'managed')
Mar 14 10:58:04 ubuntu NetworkManager[570]: <info>  [1678762684.3039] manager: NetworkManager state is now CONNECTING
Mar 14 10:58:04 ubuntu systemd[1]: Started Dispatcher daemon for systemd-networkd.
Mar 14 10:58:04 ubuntu NetworkManager[570]: <info>  [1678762684.3100] device (enp0s3): state change: prepare -> config (reason 'none', sys-iface-state: 'managed')
Mar 14 10:58:04 ubuntu NetworkManager[570]: <info>  [1678762684.3141] device (enp0s3): state change: config -> ip-config (reason 'none', sys-iface-state: 'managed')
Mar 14 10:58:04 ubuntu systemd[1]: Started GNOME Display Manager.
Mar 14 10:58:04 ubuntu NetworkManager[570]: <info>  [1678762684.3171] dhcp4 (enp0s3): activation: beginning transaction (timeout in 45 seconds)
Mar 14 10:58:04 ubuntu systemd[1]: Started Snappy daemon.
Mar 14 10:58:04 ubuntu systemd[1]: Starting Wait until snapd is fully seeded...
Mar 14 10:58:04 ubuntu NetworkManager[570]: <info>  [1678762684.3676] dhcp4 (enp0s3): dhclient started with pid 655
Mar 14 10:58:04 ubuntu avahi-daemon[520]: Joining mDNS multicast group on interface enp0s3.IPv6 with address fe80::1542:8043:6633:43ac.
Mar 14 10:58:04 ubuntu avahi-daemon[520]: New relevant interface enp0s3.IPv6 for mDNS.
Mar 14 10:58:04 ubuntu avahi-daemon[520]: Registering new address record for fe80::1542:8043:6633:43ac on enp0s3.*.
Mar 14 10:58:04 ubuntu snapd[581]: stateengine.go:102: state ensure error: Get https://api.snapcraft.io/api/v1/snaps/sections: dial tcp: lookup api.snapcraft.io: no such host
Mar 14 10:58:04 ubuntu systemd[1]: Created slice User Slice of gdm.
Mar 14 10:58:04 ubuntu systemd[1]: Starting User Manager for UID 121...
Mar 14 10:58:04 ubuntu systemd[1]: Started Session c1 of user gdm.
Mar 14 10:58:04 ubuntu dhclient[655]: DHCPDISCOVER on enp0s3 to 255.255.255.255 port 67 interval 3 (xid=0xc2728f1c)
Mar 14 10:58:04 ubuntu dhclient[655]: DHCPREQUEST of 10.0.2.15 on enp0s3 to 255.255.255.255 port 67 (xid=0x1c8f72c2)
Mar 14 10:58:04 ubuntu dhclient[655]: DHCPOFFER of 10.0.2.15 from 10.0.2.2
Mar 14 10:58:04 ubuntu dhclient[655]: DHCPACK of 10.0.2.15 from 10.0.2.2
Mar 14 10:58:04 ubuntu NetworkManager[570]: <info>  [1678762684.5331] dhcp4 (enp0s3):   address 10.0.2.15
Mar 14 10:58:04 ubuntu NetworkManager[570]: <info>  [1678762684.5331] dhcp4 (enp0s3):   plen 24 (255.255.255.0)
Mar 14 10:58:04 ubuntu NetworkManager[570]: <info>  [1678762684.5332] dhcp4 (enp0s3):   gateway 10.0.2.2
Mar 14 10:58:04 ubuntu NetworkManager[570]: <info>  [1678762684.5332] dhcp4 (enp0s3):   lease time 86400
Mar 14 10:58:04 ubuntu NetworkManager[570]: <info>  [1678762684.5334] dhcp4 (enp0s3):   nameserver '10.6.15.200'
Mar 14 10:58:04 ubuntu NetworkManager[570]: <info>  [1678762684.5335] dhcp4 (enp0s3):   domain name 'ns2.is'
Mar 14 10:58:04 ubuntu NetworkManager[570]: <info>  [1678762684.5335] dhcp4 (enp0s3): state changed unknown -> bound
Mar 14 10:58:04 ubuntu avahi-daemon[520]: Joining mDNS multicast group on interface enp0s3.IPv4 with address 10.0.2.15.
Mar 14 10:58:04 ubuntu avahi-daemon[520]: New relevant interface enp0s3.IPv4 for mDNS.
Mar 14 10:58:04 ubuntu avahi-daemon[520]: Registering new address record for 10.0.2.15 on enp0s3.IPv4.
Mar 14 10:58:04 ubuntu NetworkManager[570]: <info>  [1678762684.5379] device (enp0s3): state change: ip-config -> ip-check (reason 'none', sys-iface-state: 'managed')
Mar 14 10:58:04 ubuntu NetworkManager[570]: <info>  [1678762684.5385] device (enp0s3): state change: ip-check -> secondaries (reason 'none', sys-iface-state: 'managed')
Mar 14 10:58:04 ubuntu NetworkManager[570]: <info>  [1678762684.5387] device (enp0s3): state change: secondaries -> activated (reason 'none', sys-iface-state: 'managed')
Mar 14 10:58:04 ubuntu NetworkManager[570]: <info>  [1678762684.5388] manager: NetworkManager state is now CONNECTED_LOCAL
Mar 14 10:58:04 ubuntu NetworkManager[570]: <info>  [1678762684.5392] manager: NetworkManager state is now CONNECTED_SITE
Mar 14 10:58:04 ubuntu NetworkManager[570]: <info>  [1678762684.5400] policy: set 'Wired connection 1' (enp0s3) as default for IPv4 routing and DNS
Mar 14 10:58:04 ubuntu NetworkManager[570]: <info>  [1678762684.5402] device (enp0s3): Activation: successful, device activated.
Mar 14 10:58:04 ubuntu NetworkManager[570]: <info>  [1678762684.5407] manager: startup complete
Mar 14 10:58:04 ubuntu nm-dispatcher: req:2 'up' [enp0s3]: new request (1 scripts)
Mar 14 10:58:04 ubuntu nm-dispatcher: req:2 'up' [enp0s3]: start running ordered scripts...
Mar 14 10:58:04 ubuntu systemd[1]: Started Network Manager Wait Online.
Mar 14 10:58:04 ubuntu systemd[1]: Reached target Network is Online.
Mar 14 10:58:04 ubuntu systemd[1]: Started crash report submission daemon.
Mar 14 10:58:04 ubuntu systemd[1]: Starting Tool to automatically collect and submit kernel crash signatures...
Mar 14 10:58:04 ubuntu dhclient[655]: bound to 10.0.2.15 -- renewal in 37347 seconds.
Mar 14 10:58:04 ubuntu whoopsie[692]: [10:58:04] Using lock path: /var/lock/whoopsie/lock
Mar 14 10:58:04 ubuntu systemd[1]: kerneloops.service: Found left-over process 707 (kerneloops) in control group while starting unit. Ignoring.
Mar 14 10:58:04 ubuntu systemd[1]: This usually indicates unclean termination of a previous run, or service implementation deficiencies.
Mar 14 10:58:04 ubuntu systemd[1]: Started Tool to automatically collect and submit kernel crash signatures.
Mar 14 10:58:04 ubuntu systemd[677]: Started Pending report trigger for Ubuntu Report.
Mar 14 10:58:04 ubuntu systemd[677]: Reached target Paths.
Mar 14 10:58:04 ubuntu systemd[677]: Listening on GnuPG cryptographic agent and passphrase cache (restricted).
Mar 14 10:58:04 ubuntu systemd[677]: Reached target Timers.
Mar 14 10:58:04 ubuntu systemd[677]: Listening on Sound System.
Mar 14 10:58:04 ubuntu systemd[677]: Listening on GnuPG cryptographic agent and passphrase cache.
Mar 14 10:58:04 ubuntu systemd[677]: Starting D-Bus User Message Bus Socket.
Mar 14 10:58:04 ubuntu systemd[677]: Listening on GnuPG network certificate management daemon.
Mar 14 10:58:04 ubuntu systemd[677]: Listening on GnuPG cryptographic agent and passphrase cache (access for web browsers).
Mar 14 10:58:04 ubuntu systemd[677]: Listening on GnuPG cryptographic agent (ssh-agent emulation).
Mar 14 10:58:04 ubuntu systemd[677]: Listening on D-Bus User Message Bus Socket.
Mar 14 10:58:04 ubuntu systemd[677]: Reached target Sockets.
Mar 14 10:58:04 ubuntu systemd[677]: Reached target Basic System.
Mar 14 10:58:04 ubuntu systemd[677]: Reached target Default.
Mar 14 10:58:04 ubuntu systemd[677]: Startup finished in 226ms.
Mar 14 10:58:04 ubuntu systemd[1]: Started User Manager for UID 121.
Mar 14 10:58:04 ubuntu systemd[677]: Started D-Bus User Message Bus.
Mar 14 10:58:04 ubuntu dbus-daemon[728]: [session uid=121 pid=728] AppArmor D-Bus mediation is enabled
Mar 14 10:58:04 ubuntu systemd-resolved[280]: Using degraded feature set (UDP) for DNS server 10.6.15.200.
Mar 14 10:58:05 ubuntu dbus-daemon[728]: [session uid=121 pid=728] Activating service name='org.freedesktop.secrets' requested by ':1.13' (uid=121 pid=766 comm="/usr/bin/python3 /usr/share/session-migration/scri" label="unconfined")
Mar 14 10:58:05 ubuntu gnome-keyring-d[771]: couldn't access control socket: /run/user/121/keyring/control: No such file or directory
Mar 14 10:58:05 ubuntu dbus-daemon[728]: [session uid=121 pid=728] Successfully activated service 'org.freedesktop.secrets'
Mar 14 10:58:05 ubuntu avahi-daemon[520]: Server startup complete. Host name is ubuntu.local. Local service cookie is 358468848.
Mar 14 10:58:05 ubuntu dbus-daemon[530]: [system] Activating via systemd: service name='org.freedesktop.UPower' unit='upower.service' requested by ':1.30' (uid=121 pid=776 comm="/usr/bin/gnome-shell " label="unconfined")
Mar 14 10:58:05 ubuntu systemd[1]: Starting Daemon for power management...
Mar 14 10:58:05 ubuntu dbus-daemon[530]: [system] Successfully activated service 'org.freedesktop.UPower'
Mar 14 10:58:05 ubuntu systemd[1]: Started Daemon for power management.
Mar 14 10:58:05 ubuntu org.gnome.Shell.desktop[776]: VMware: No 3D enabled (0, Success).
Mar 14 10:58:05 ubuntu org.gnome.Shell.desktop[776]: Disabling glamor and dri3, EGL setup failed
Mar 14 10:58:05 ubuntu org.gnome.Shell.desktop[776]: Failed to initialize glamor, falling back to sw
Mar 14 10:58:05 ubuntu dbus-daemon[728]: [session uid=121 pid=728] Activating via systemd: service name='org.a11y.Bus' unit='at-spi-dbus-bus.service' requested by ':1.16' (uid=121 pid=776 comm="/usr/bin/gnome-shell " label="unconfined")
Mar 14 10:58:05 ubuntu systemd[677]: Starting Accessibility services bus...
Mar 14 10:58:05 ubuntu dbus-daemon[728]: [session uid=121 pid=728] Successfully activated service 'org.a11y.Bus'
Mar 14 10:58:05 ubuntu systemd[677]: Started Accessibility services bus.
Mar 14 10:58:05 ubuntu at-spi-bus-launcher[843]: dbus-daemon[848]: Activating service name='org.a11y.atspi.Registry' requested by ':1.0' (uid=121 pid=776 comm="/usr/bin/gnome-shell " label="unconfined")
Mar 14 10:58:06 ubuntu systemd[677]: Starting Sound Service...
Mar 14 10:58:06 ubuntu at-spi-bus-launcher[843]: dbus-daemon[848]: Successfully activated service 'org.a11y.atspi.Registry'
Mar 14 10:58:06 ubuntu at-spi-bus-launcher[843]: SpiRegistry daemon is running with well-known name - org.a11y.atspi.Registry
Mar 14 10:58:06 ubuntu dbus-daemon[530]: [system] Activating via systemd: service name='org.freedesktop.RealtimeKit1' unit='rtkit-daemon.service' requested by ':1.32' (uid=121 pid=851 comm="/usr/bin/pulseaudio --daemonize=no " label="unconfined")
Mar 14 10:58:06 ubuntu systemd[1]: Starting RealtimeKit Scheduling Policy Service...
Mar 14 10:58:06 ubuntu dbus-daemon[530]: [system] Successfully activated service 'org.freedesktop.RealtimeKit1'
Mar 14 10:58:06 ubuntu systemd[1]: Started RealtimeKit Scheduling Policy Service.
Mar 14 10:58:06 ubuntu rtkit-daemon[855]: Successfully called chroot.
Mar 14 10:58:06 ubuntu rtkit-daemon[855]: Successfully dropped privileges.
Mar 14 10:58:06 ubuntu rtkit-daemon[855]: Successfully limited resources.
Mar 14 10:58:06 ubuntu rtkit-daemon[855]: Running.
Mar 14 10:58:06 ubuntu rtkit-daemon[855]: Canary thread running.
Mar 14 10:58:06 ubuntu rtkit-daemon[855]: Watchdog thread running.
Mar 14 10:58:06 ubuntu pulseaudio[851]: N: [pulseaudio] alsa-util.c: Disabling timer-based scheduling because running inside a VM.
Mar 14 10:58:06 ubuntu pulseaudio[851]: W: [pulseaudio] sink.c: Default and alternate sample rates are the same.
Mar 14 10:58:06 ubuntu rtkit-daemon[855]: Supervising 0 threads of 0 processes of 1 users.
Mar 14 10:58:06 ubuntu rtkit-daemon[855]: message repeated 4 times: [ Supervising 0 threads of 0 processes of 1 users.]
Mar 14 10:58:06 ubuntu pulseaudio[851]: N: [pulseaudio] alsa-util.c: Disabling timer-based scheduling because running inside a VM.
Mar 14 10:58:06 ubuntu rtkit-daemon[855]: Supervising 0 threads of 0 processes of 1 users.
Mar 14 10:58:06 ubuntu rtkit-daemon[855]: message repeated 4 times: [ Supervising 0 threads of 0 processes of 1 users.]
Mar 14 10:58:06 ubuntu dbus-daemon[530]: [system] Activating via systemd: service name='org.bluez' unit='dbus-org.bluez.service' requested by ':1.54' (uid=121 pid=851 comm="/usr/bin/pulseaudio --daemonize=no " label="unconfined")
Mar 14 10:58:06 ubuntu systemd[677]: Started Sound Service.
Mar 14 10:58:06 ubuntu ModemManager[521]: <info>  Couldn't check support for device at '/sys/devices/pci0000:00/0000:00:03.0': not supported by any plugin
Mar 14 10:58:07 ubuntu dbus-daemon[530]: [system] Activating via systemd: service name='org.freedesktop.locale1' unit='dbus-org.freedesktop.locale1.service' requested by ':1.30' (uid=121 pid=776 comm="/usr/bin/gnome-shell " label="unconfined")
Mar 14 10:58:07 ubuntu systemd[1]: Starting Locale Service...
Mar 14 10:58:07 ubuntu dbus-daemon[530]: [system] Successfully activated service 'org.freedesktop.locale1'
Mar 14 10:58:07 ubuntu systemd[1]: Started Locale Service.
Mar 14 10:58:07 ubuntu dbus-daemon[530]: [system] Activating via systemd: service name='org.freedesktop.GeoClue2' unit='geoclue.service' requested by ':1.30' (uid=121 pid=776 comm="/usr/bin/gnome-shell " label="unconfined")
Mar 14 10:58:07 ubuntu dbus-daemon[530]: [system] Activating via systemd: service name='org.freedesktop.bolt' unit='bolt.service' requested by ':1.30' (uid=121 pid=776 comm="/usr/bin/gnome-shell " label="unconfined")
Mar 14 10:58:07 ubuntu dbus-daemon[728]: [session uid=121 pid=728] Activating service name='org.freedesktop.portal.IBus' requested by ':1.20' (uid=121 pid=875 comm="ibus-daemon --xim --panel disable " label="unconfined")
Mar 14 10:58:07 ubuntu systemd[1]: Starting Thunderbolt system service...
Mar 14 10:58:07 ubuntu systemd[1]: Starting Location Lookup Service...
Mar 14 10:58:07 ubuntu dbus-daemon[728]: [session uid=121 pid=728] Successfully activated service 'org.freedesktop.portal.IBus'
Mar 14 10:58:07 ubuntu dbus-daemon[530]: [system] Successfully activated service 'org.freedesktop.GeoClue2'
Mar 14 10:58:07 ubuntu systemd[1]: Started Location Lookup Service.
Mar 14 10:58:07 ubuntu boltd[906]: bolt 0.5 starting up.
Mar 14 10:58:07 ubuntu boltd[906]: config: loading user config
Mar 14 10:58:07 ubuntu boltd[906]: bouncer: initializing polkit
Mar 14 10:58:07 ubuntu boltd[906]: udev: initializing udev
Mar 14 10:58:07 ubuntu boltd[906]: store: loading devices
Mar 14 10:58:07 ubuntu boltd[906]: power: force power support: no
Mar 14 10:58:07 ubuntu boltd[906]: udev: enumerating devices
Mar 14 10:58:07 ubuntu dbus-daemon[530]: [system] Successfully activated service 'org.freedesktop.bolt'
Mar 14 10:58:07 ubuntu systemd[1]: Started Thunderbolt system service.
Mar 14 10:58:07 ubuntu dbus-daemon[530]: [system] Activating via systemd: service name='org.freedesktop.PackageKit' unit='packagekit.service' requested by ':1.30' (uid=121 pid=776 comm="/usr/bin/gnome-shell " label="unconfined")
Mar 14 10:58:07 ubuntu systemd[1]: Starting PackageKit Daemon...
Mar 14 10:58:07 ubuntu PackageKit: daemon start
Mar 14 10:58:07 ubuntu spice-vdagent[1000]: Cannot access vdagent virtio channel /dev/virtio-ports/com.redhat.spice.0
Mar 14 10:58:07 ubuntu gnome-session[730]: gnome-session-binary[730]: WARNING: App 'spice-vdagent.desktop' exited with code 1
Mar 14 10:58:07 ubuntu gnome-session-binary[730]: WARNING: App 'spice-vdagent.desktop' exited with code 1
Mar 14 10:58:07 ubuntu dbus-daemon[530]: [system] Successfully activated service 'org.freedesktop.PackageKit'
Mar 14 10:58:07 ubuntu systemd[1]: Started PackageKit Daemon.
Mar 14 10:58:07 ubuntu dbus-daemon[530]: [system] Activating via systemd: service name='org.freedesktop.ColorManager' unit='colord.service' requested by ':1.61' (uid=121 pid=933 comm="/usr/lib/gnome-settings-daemon/gsd-color " label="unconfined")
Mar 14 10:58:07 ubuntu systemd[1]: Starting Manage, Install and Generate Color Profiles...
Mar 14 10:58:07 ubuntu colord[1045]: failed to get edid data: EDID length is too small
Mar 14 10:58:07 ubuntu dbus-daemon[530]: [system] Successfully activated service 'org.freedesktop.ColorManager'
Mar 14 10:58:07 ubuntu systemd[1]: Started Manage, Install and Generate Color Profiles.
Mar 14 10:58:08 ubuntu gnome-session-binary[730]: Entering running state
Mar 14 10:58:08 ubuntu xbrlapi.desktop[1051]: openConnection: connect: No such file or directory
Mar 14 10:58:08 ubuntu xbrlapi.desktop[1051]: cannot connect to braille devices daemon brltty at :0
Mar 14 10:58:08 ubuntu systemd[1]: Reloading.
Mar 14 10:58:08 ubuntu gnome-shell[776]: Error looking up permission: GDBus.Error:org.freedesktop.DBus.Error.ServiceUnknown: The name org.freedesktop.impl.portal.PermissionStore was not provided by any .service files
Mar 14 10:58:08 ubuntu gsd-color[933]: failed to get edid: unable to get EDID for output
Mar 14 10:58:08 ubuntu systemd[1]: Mounting Mount unit for core, revision 6350...
Mar 14 10:58:08 ubuntu systemd[1]: Mounted Mount unit for core, revision 6350.
Mar 14 10:58:08 ubuntu gsd-color[933]: unable to get EDID for xrandr-Virtual-1: unable to get EDID for output
Mar 14 10:58:09 ubuntu NetworkManager[570]: <info>  [1678762689.0645] device changed (path: /sys/devices/pci0000:00/0000:00:03.0/net/enp0s3, iface: enp0s3)
Mar 14 10:58:09 ubuntu upowerd[804]: treating change event as add on /sys/devices/pci0000:00/0000:00:06.0/usb2
Mar 14 10:58:09 ubuntu upowerd[804]: treating change event as add on /sys/devices/pci0000:00/0000:00:0b.0/usb1
Mar 14 10:58:09 ubuntu upowerd[804]: treating change event as add on /sys/devices/pci0000:00/0000:00:06.0/usb2/2-0:1.0
Mar 14 10:58:09 ubuntu upowerd[804]: treating change event as add on /sys/devices/pci0000:00/0000:00:0b.0/usb1/1-0:1.0
Mar 14 10:58:09 ubuntu upowerd[804]: treating change event as add on /sys/devices/pci0000:00/0000:00:06.0/usb2/2-1
Mar 14 10:58:09 ubuntu upowerd[804]: treating change event as add on /sys/devices/pci0000:00/0000:00:06.0/usb2/2-1/2-1:1.0
Mar 14 10:58:09 ubuntu upowerd[804]: treating change event as add on /sys/devices/pci0000:00/0000:00:06.0/usb2/2-1/2-1:1.0/0003:80EE:0021.0001
Mar 14 10:58:09 ubuntu gnome-shell[776]: JS WARNING: [resource:///org/gnome/shell/ui/windowManager.js 1468]: reference to undefined property "MetaWindowXwayland"
Mar 14 10:58:09 ubuntu NetworkManager[570]: <info>  [1678762689.1940] device changed (path: /sys/devices/virtual/net/lo, iface: lo)
Mar 14 10:58:09 ubuntu gnome-shell[776]: Failed to flip: Device or resource busy
Mar 14 10:58:09 ubuntu kernel: [    8.691951] [drm:vmw_sou_crtc_page_flip [vmwgfx]] *ERROR* Page flip error -16.
Mar 14 10:58:09 ubuntu kernel: [    9.122780] kauditd_printk_skb: 17 callbacks suppressed
Mar 14 10:58:09 ubuntu kernel: [    9.122781] audit: type=1400 audit(1678762689.816:28): apparmor="STATUS" operation="profile_load" profile="unconfined" name="/snap/core/6350/usr/lib/snapd/snap-confine" pid=1220 comm="apparmor_parser"
Mar 14 10:58:09 ubuntu kernel: [    9.123064] audit: type=1400 audit(1678762689.820:29): apparmor="STATUS" operation="profile_load" profile="unconfined" name="/snap/core/6350/usr/lib/snapd/snap-confine//mount-namespace-capture-helper" pid=1220 comm="apparmor_parser"
Mar 14 10:58:09 ubuntu kernel: [    9.148720] audit: type=1400 audit(1678762689.844:30): apparmor="STATUS" operation="profile_load" profile="unconfined" name="snap-update-ns.core" pid=1222 comm="apparmor_parser"
Mar 14 10:58:09 ubuntu kernel: [    9.185365] audit: type=1400 audit(1678762689.880:31): apparmor="STATUS" operation="profile_load" profile="unconfined" name="snap.core.hook.configure" pid=1223 comm="apparmor_parser"
Mar 14 10:58:09 ubuntu snapd[581]: link.go:75: cannot update fontconfig cache: cannot get fc-cache-v6 from core: open /snap/core/current/bin/fc-cache-v6: no such file or directory
Mar 14 10:58:09 ubuntu snapd[581]: daemon.go:611: gracefully waiting for running hooks
Mar 14 10:58:09 ubuntu snapd[581]: daemon.go:613: done waiting for running hooks
Mar 14 10:58:09 ubuntu systemd[1]: Received SIGRTMIN+21 from PID 339 (plymouthd).
Mar 14 10:58:10 ubuntu systemd[1]: Started Hold until boot process finishes up.
Mar 14 10:58:10 ubuntu systemd[1]: Starting Set console scheme...
Mar 14 10:58:10 ubuntu systemd[1]: Started Set console scheme.
Mar 14 10:58:10 ubuntu systemd[1]: Created slice system-getty.slice.
Mar 14 10:58:10 ubuntu NetworkManager[570]: <info>  [1678762690.0265] manager: NetworkManager state is now CONNECTED_GLOBAL
Mar 14 10:58:10 ubuntu nm-dispatcher: req:3 'connectivity-change': new request (1 scripts)
Mar 14 10:58:10 ubuntu nm-dispatcher: req:3 'connectivity-change': start running ordered scripts...
Mar 14 10:58:11 ubuntu systemd[1]: snapd.service: Service hold-off time over, scheduling restart.
Mar 14 10:58:11 ubuntu systemd[1]: snapd.service: Scheduled restart job, restart counter is at 1.
Mar 14 10:58:11 ubuntu systemd[1]: Stopped Snappy daemon.
Mar 14 10:58:11 ubuntu systemd[1]: Starting Snappy daemon...
Mar 14 10:58:11 ubuntu snapd[1230]: AppArmor status: apparmor is enabled and all features are available
Mar 14 10:58:11 ubuntu snapd[1230]: daemon.go:379: started snapd/2.37.1.1+18.04 (series 16; classic) ubuntu/18.04 (amd64) linux/4.18.0-15-generic.
Mar 14 10:58:11 ubuntu systemd[1]: Started Snappy daemon.
Mar 14 10:58:14 ubuntu whoopsie[692]: [10:58:14] The default IPv4 route is: /org/freedesktop/NetworkManager/ActiveConnection/1
Mar 14 10:58:14 ubuntu whoopsie[692]: [10:58:14] Not a paid data plan: /org/freedesktop/NetworkManager/ActiveConnection/1
Mar 14 10:58:14 ubuntu whoopsie[692]: [10:58:14] Found usable connection: /org/freedesktop/NetworkManager/ActiveConnection/1
Mar 14 10:58:17 ubuntu gnome-shell[776]: JS ERROR: TypeError: this._currentWindow is null#012_setCurrentRect@resource:///org/gnome/shell/ui/keyboard.js:536:13#012wrapper@resource:///org/gnome/gjs/modules/_legacy.js:82:22#012_init/<@resource:///org/gnome/shell/ui/keyboard.js:503:13
Mar 14 10:58:18 ubuntu gnome-shell[776]: message repeated 3 times: [ JS ERROR: TypeError: this._currentWindow is null#012_setCurrentRect@resource:///org/gnome/shell/ui/keyboard.js:536:13#012wrapper@resource:///org/gnome/gjs/modules/_legacy.js:82:22#012_init/<@resource:///org/gnome/shell/ui/keyboard.js:503:13]
Mar 14 10:58:19 ubuntu systemd[1]: Reloading.
Mar 14 10:58:19 ubuntu systemd[1]: Mounting Mount unit for gtk-common-themes, revision 818...
Mar 14 10:58:19 ubuntu systemd[1]: Mounted Mount unit for gtk-common-themes, revision 818.
Mar 14 10:58:19 ubuntu gnome-shell[776]: JS ERROR: TypeError: this._currentWindow is null#012_setCurrentRect@resource:///org/gnome/shell/ui/keyboard.js:536:13#012wrapper@resource:///org/gnome/gjs/modules/_legacy.js:82:22#012_init/<@resource:///org/gnome/shell/ui/keyboard.js:503:13
Mar 14 10:58:20 ubuntu gnome-shell[776]: message repeated 7 times: [ JS ERROR: TypeError: this._currentWindow is null#012_setCurrentRect@resource:///org/gnome/shell/ui/keyboard.js:536:13#012wrapper@resource:///org/gnome/gjs/modules/_legacy.js:82:22#012_init/<@resource:///org/gnome/shell/ui/keyboard.js:503:13]
Mar 14 10:58:20 ubuntu systemd[1]: Created slice User Slice of piolo.
Mar 14 10:58:20 ubuntu systemd[1]: Starting User Manager for UID 1000...
Mar 14 10:58:20 ubuntu systemd[1]: Started Session 2 of user piolo.
Mar 14 10:58:20 ubuntu systemd[1322]: Reached target Timers.
Mar 14 10:58:20 ubuntu systemd[1322]: Listening on GnuPG cryptographic agent and passphrase cache (access for web browsers).
Mar 14 10:58:20 ubuntu systemd[1322]: Starting D-Bus User Message Bus Socket.
Mar 14 10:58:20 ubuntu systemd[1322]: Listening on GnuPG cryptographic agent and passphrase cache.
Mar 14 10:58:20 ubuntu systemd[1322]: Listening on GnuPG cryptographic agent and passphrase cache (restricted).
Mar 14 10:58:20 ubuntu systemd[1322]: Listening on GnuPG cryptographic agent (ssh-agent emulation).
Mar 14 10:58:20 ubuntu systemd[1322]: Started Pending report trigger for Ubuntu Report.
Mar 14 10:58:20 ubuntu systemd[1322]: Listening on GnuPG network certificate management daemon.
Mar 14 10:58:20 ubuntu systemd[1322]: Reached target Paths.
Mar 14 10:58:20 ubuntu systemd[1322]: Listening on D-Bus User Message Bus Socket.
Mar 14 10:58:20 ubuntu systemd[1322]: Reached target Sockets.
Mar 14 10:58:20 ubuntu systemd[1322]: Reached target Basic System.
Mar 14 10:58:20 ubuntu systemd[1322]: Reached target Default.
Mar 14 10:58:20 ubuntu systemd[1322]: Startup finished in 60ms.
Mar 14 10:58:20 ubuntu systemd[1]: Started User Manager for UID 1000.
Mar 14 10:58:20 ubuntu gnome-shell[776]: Failed to set CRTC mode preferred: Permission denied
Mar 14 10:58:20 ubuntu /usr/lib/gdm3/gdm-x-session[1340]: (--) Log file renamed from "/home/piolo/.local/share/xorg/Xorg.pid-1342.log" to "/home/piolo/.local/share/xorg/Xorg.0.log"
Mar 14 10:58:20 ubuntu /usr/lib/gdm3/gdm-x-session[1340]: X.Org X Server 1.20.1
Mar 14 10:58:20 ubuntu /usr/lib/gdm3/gdm-x-session[1340]: X Protocol Version 11, Revision 0
Mar 14 10:58:20 ubuntu /usr/lib/gdm3/gdm-x-session[1340]: Build Operating System: Linux 4.4.0-140-generic x86_64 Ubuntu
Mar 14 10:58:20 ubuntu /usr/lib/gdm3/gdm-x-session[1340]: Current Operating System: Linux ubuntu 4.18.0-15-generic #16~18.04.1-Ubuntu SMP Thu Feb 7 14:06:04 UTC 2019 x86_64
Mar 14 10:58:20 ubuntu /usr/lib/gdm3/gdm-x-session[1340]: Kernel command line: BOOT_IMAGE=/boot/vmlinuz-4.18.0-15-generic root=UUID=9a8a699a-d507-4555-99d4-801060a8d98d ro quiet splash
Mar 14 10:58:20 ubuntu /usr/lib/gdm3/gdm-x-session[1340]: Build Date: 27 November 2018  05:27:12PM
Mar 14 10:58:20 ubuntu /usr/lib/gdm3/gdm-x-session[1340]: xorg-server-hwe-18.04 2:1.20.1-3ubuntu2.1~18.04.1 (For technical support please see http://www.ubuntu.com/support)
Mar 14 10:58:20 ubuntu /usr/lib/gdm3/gdm-x-session[1340]: Current version of pixman: 0.34.0
Mar 14 10:58:20 ubuntu /usr/lib/gdm3/gdm-x-session[1340]: #011Before reporting problems, check http://wiki.x.org
